C:/Users/User/Documents/compsys704_project2/Final/Projects/STM32L476JG-SensorTile/Applications/ALLMEMS1/Src/main.c:1173:13:SystemClock_Config	240	static
C:/Users/User/Documents/compsys704_project2/Final/Projects/STM32L476JG-SensorTile/Applications/ALLMEMS1/Src/main.c:875:16:BSP_LSM303AGR_WriteReg_Acc	24	static
C:/Users/User/Documents/compsys704_project2/Final/Projects/STM32L476JG-SensorTile/Applications/ALLMEMS1/Src/main.c:208:13:startAcc	24	static
C:/Users/User/Documents/compsys704_project2/Final/Projects/STM32L476JG-SensorTile/Applications/ALLMEMS1/Src/main.c:813:16:BSP_LSM303AGR_WriteReg_Mag	24	static
C:/Users/User/Documents/compsys704_project2/Final/Projects/STM32L476JG-SensorTile/Applications/ALLMEMS1/Src/main.c:196:13:startMag	24	static
C:/Users/User/Documents/compsys704_project2/Final/Projects/STM32L476JG-SensorTile/Applications/ALLMEMS1/Src/main.c:623:13:SendMotionData	8	static
C:/Users/User/Documents/compsys704_project2/Final/Projects/STM32L476JG-SensorTile/Applications/ALLMEMS1/Src/main.c:296:6:LPF_A	0	static
C:/Users/User/Documents/compsys704_project2/Final/Projects/STM32L476JG-SensorTile/Applications/ALLMEMS1/Src/main.c:308:6:LPF_M	0	static
C:/Users/User/Documents/compsys704_project2/Final/Projects/STM32L476JG-SensorTile/Applications/ALLMEMS1/Src/main.c:329:6:check_local	0	static
C:/Users/User/Documents/compsys704_project2/Final/Projects/STM32L476JG-SensorTile/Applications/ALLMEMS1/Src/main.c:356:6:calc_orientation	8	static
C:/Users/User/Documents/compsys704_project2/Final/Projects/STM32L476JG-SensorTile/Applications/ALLMEMS1/Src/main.c:581:6:UART5_Transmit	8	static
C:/Users/User/Documents/compsys704_project2/Final/Projects/STM32L476JG-SensorTile/Applications/ALLMEMS1/Src/main.c:162:6:binprintf8	272	static
C:/Users/User/Documents/compsys704_project2/Final/Projects/STM32L476JG-SensorTile/Applications/ALLMEMS1/Src/main.c:170:6:binprintf16	272	static
C:/Users/User/Documents/compsys704_project2/Final/Projects/STM32L476JG-SensorTile/Applications/ALLMEMS1/Src/main.c:1050:13:Init_BlueNRG_Stack	352	static
C:/Users/User/Documents/compsys704_project2/Final/Projects/STM32L476JG-SensorTile/Applications/ALLMEMS1/Src/main.c:1142:13:Init_BlueNRG_Custom_Services	264	static
C:/Users/User/Documents/compsys704_project2/Final/Projects/STM32L476JG-SensorTile/Applications/ALLMEMS1/Src/main.c:592:6:HAL_TIM_OC_DelayElapsedCallback	8	static
C:/Users/User/Documents/compsys704_project2/Final/Projects/STM32L476JG-SensorTile/Applications/ALLMEMS1/Src/main.c:610:6:HAL_TIM_PeriodElapsedCallback	0	static
C:/Users/User/Documents/compsys704_project2/Final/Projects/STM32L476JG-SensorTile/Applications/ALLMEMS1/Src/main.c:723:9:Sensor_IO_SPI_CS_Init_All	80	static
C:/Users/User/Documents/compsys704_project2/Final/Projects/STM32L476JG-SensorTile/Applications/ALLMEMS1/Src/main.c:937:6:LSM303AGR_SPI_Read_nBytes	4	static,ignoring_inline_asm
C:/Users/User/Documents/compsys704_project2/Final/Projects/STM32L476JG-SensorTile/Applications/ALLMEMS1/Src/main.c:978:6:LSM303AGR_SPI_Read	0	static,ignoring_inline_asm
C:/Users/User/Documents/compsys704_project2/Final/Projects/STM32L476JG-SensorTile/Applications/ALLMEMS1/Src/main.c:1007:6:LSM303AGR_SPI_Write	0	static
C:/Users/User/Documents/compsys704_project2/Final/Projects/STM32L476JG-SensorTile/Applications/ALLMEMS1/Src/main.c:841:16:BSP_LSM303AGR_ReadReg_Mag	24	static
C:/Users/User/Documents/compsys704_project2/Final/Projects/STM32L476JG-SensorTile/Applications/ALLMEMS1/Src/main.c:220:13:readMag	40	static
C:/Users/User/Documents/compsys704_project2/Final/Projects/STM32L476JG-SensorTile/Applications/ALLMEMS1/Src/main.c:903:16:BSP_LSM303AGR_ReadReg_Acc	16	static
C:/Users/User/Documents/compsys704_project2/Final/Projects/STM32L476JG-SensorTile/Applications/ALLMEMS1/Src/main.c:178:13:InitLSM	280	static
C:/Users/User/Documents/compsys704_project2/Final/Projects/STM32L476JG-SensorTile/Applications/ALLMEMS1/Src/main.c:253:13:readAcc	40	static
C:/Users/User/Documents/compsys704_project2/Final/Projects/STM32L476JG-SensorTile/Applications/ALLMEMS1/Src/main.c:1244:6:HAL_Delay	16	static,ignoring_inline_asm
C:/Users/User/Documents/compsys704_project2/Final/Projects/STM32L476JG-SensorTile/Applications/ALLMEMS1/Src/main.c:1257:6:Error_Handler	0	static
C:/Users/User/Documents/compsys704_project2/Final/Projects/STM32L476JG-SensorTile/Applications/ALLMEMS1/Src/main.c:636:13:InitTimers	56	static
C:/Users/User/Documents/compsys704_project2/Final/Projects/STM32L476JG-SensorTile/Applications/ALLMEMS1/Src/main.c:541:6:MX_UART5_UART_Init	8	static
C:/Users/User/Documents/compsys704_project2/Final/Projects/STM32L476JG-SensorTile/Applications/ALLMEMS1/Src/main.c:525:6:InitTargetPlatform	8	static
C:/Users/User/Documents/compsys704_project2/Final/Projects/STM32L476JG-SensorTile/Applications/ALLMEMS1/Src/main.c:385:5:main	264	static,ignoring_inline_asm
C:/Users/User/Documents/compsys704_project2/Final/Projects/STM32L476JG-SensorTile/Applications/ALLMEMS1/Src/main.c:561:6:MX_USART1_UART_Init	8	static
C:/Users/User/Documents/compsys704_project2/Final/Projects/STM32L476JG-SensorTile/Applications/ALLMEMS1/Src/main.c:1268:6:HAL_GPIO_EXTI_Callback	8	static
