/Users/kevin/STM_workspace/COMSYS704/Projects/STM32L476JG-SensorTile/Applications/ALLMEMS1/Src/main.c:195:13:readMag	0	static
/Users/kevin/STM_workspace/COMSYS704/Projects/STM32L476JG-SensorTile/Applications/ALLMEMS1/Src/main.c:207:13:readAcc	0	static
/Users/kevin/STM_workspace/COMSYS704/Projects/STM32L476JG-SensorTile/Applications/ALLMEMS1/Src/main.c:1031:13:SystemClock_Config	240	static
/Users/kevin/STM_workspace/COMSYS704/Projects/STM32L476JG-SensorTile/Applications/ALLMEMS1/Src/main.c:714:16:BSP_LSM303AGR_WriteReg_Acc	24	static
/Users/kevin/STM_workspace/COMSYS704/Projects/STM32L476JG-SensorTile/Applications/ALLMEMS1/Src/main.c:648:16:BSP_LSM303AGR_WriteReg_Mag	24	static
/Users/kevin/STM_workspace/COMSYS704/Projects/STM32L476JG-SensorTile/Applications/ALLMEMS1/Src/main.c:457:13:SendMotionData	8	static
/Users/kevin/STM_workspace/COMSYS704/Projects/STM32L476JG-SensorTile/Applications/ALLMEMS1/Src/main.c:408:6:UART5_Transmit	8	static
/Users/kevin/STM_workspace/COMSYS704/Projects/STM32L476JG-SensorTile/Applications/ALLMEMS1/Src/main.c:901:13:Init_BlueNRG_Stack	352	static
/Users/kevin/STM_workspace/COMSYS704/Projects/STM32L476JG-SensorTile/Applications/ALLMEMS1/Src/main.c:996:13:Init_BlueNRG_Custom_Services	264	static
/Users/kevin/STM_workspace/COMSYS704/Projects/STM32L476JG-SensorTile/Applications/ALLMEMS1/Src/main.c:419:6:HAL_TIM_OC_DelayElapsedCallback	8	static
/Users/kevin/STM_workspace/COMSYS704/Projects/STM32L476JG-SensorTile/Applications/ALLMEMS1/Src/main.c:441:6:HAL_TIM_PeriodElapsedCallback	0	static
/Users/kevin/STM_workspace/COMSYS704/Projects/STM32L476JG-SensorTile/Applications/ALLMEMS1/Src/main.c:562:9:Sensor_IO_SPI_CS_Init_All	80	static
/Users/kevin/STM_workspace/COMSYS704/Projects/STM32L476JG-SensorTile/Applications/ALLMEMS1/Src/main.c:785:6:LSM303AGR_SPI_Read_nBytes	4	static,ignoring_inline_asm
/Users/kevin/STM_workspace/COMSYS704/Projects/STM32L476JG-SensorTile/Applications/ALLMEMS1/Src/main.c:826:6:LSM303AGR_SPI_Read	0	static,ignoring_inline_asm
/Users/kevin/STM_workspace/COMSYS704/Projects/STM32L476JG-SensorTile/Applications/ALLMEMS1/Src/main.c:855:6:LSM303AGR_SPI_Write	0	static
/Users/kevin/STM_workspace/COMSYS704/Projects/STM32L476JG-SensorTile/Applications/ALLMEMS1/Src/main.c:679:16:BSP_LSM303AGR_ReadReg_Mag	24	static
/Users/kevin/STM_workspace/COMSYS704/Projects/STM32L476JG-SensorTile/Applications/ALLMEMS1/Src/main.c:745:16:BSP_LSM303AGR_ReadReg_Acc	16	static
/Users/kevin/STM_workspace/COMSYS704/Projects/STM32L476JG-SensorTile/Applications/ALLMEMS1/Src/main.c:168:13:InitLSM	280	static
/Users/kevin/STM_workspace/COMSYS704/Projects/STM32L476JG-SensorTile/Applications/ALLMEMS1/Src/main.c:1105:6:HAL_Delay	16	static,ignoring_inline_asm
/Users/kevin/STM_workspace/COMSYS704/Projects/STM32L476JG-SensorTile/Applications/ALLMEMS1/Src/main.c:1119:6:Error_Handler	0	static
/Users/kevin/STM_workspace/COMSYS704/Projects/STM32L476JG-SensorTile/Applications/ALLMEMS1/Src/main.c:472:13:InitTimers	56	static
/Users/kevin/STM_workspace/COMSYS704/Projects/STM32L476JG-SensorTile/Applications/ALLMEMS1/Src/main.c:363:6:MX_UART5_UART_Init	8	static
/Users/kevin/STM_workspace/COMSYS704/Projects/STM32L476JG-SensorTile/Applications/ALLMEMS1/Src/main.c:344:6:InitTargetPlatform	8	static
/Users/kevin/STM_workspace/COMSYS704/Projects/STM32L476JG-SensorTile/Applications/ALLMEMS1/Src/main.c:224:5:main	280	static,ignoring_inline_asm
/Users/kevin/STM_workspace/COMSYS704/Projects/STM32L476JG-SensorTile/Applications/ALLMEMS1/Src/main.c:385:6:MX_USART1_UART_Init	8	static
/Users/kevin/STM_workspace/COMSYS704/Projects/STM32L476JG-SensorTile/Applications/ALLMEMS1/Src/main.c:1131:6:HAL_GPIO_EXTI_Callback	8	static
