C:/Users/User/Documents/compsys704_project2/Final/Projects/STM32L476JG-SensorTile/Applications/ALLMEMS1/Src/main.c:1173:13:SystemClock_Config	5
C:/Users/User/Documents/compsys704_project2/Final/Projects/STM32L476JG-SensorTile/Applications/ALLMEMS1/Src/main.c:875:16:BSP_LSM303AGR_WriteReg_Acc	3
C:/Users/User/Documents/compsys704_project2/Final/Projects/STM32L476JG-SensorTile/Applications/ALLMEMS1/Src/main.c:208:13:startAcc	1
C:/Users/User/Documents/compsys704_project2/Final/Projects/STM32L476JG-SensorTile/Applications/ALLMEMS1/Src/main.c:813:16:BSP_LSM303AGR_WriteReg_Mag	3
C:/Users/User/Documents/compsys704_project2/Final/Projects/STM32L476JG-SensorTile/Applications/ALLMEMS1/Src/main.c:196:13:startMag	1
C:/Users/User/Documents/compsys704_project2/Final/Projects/STM32L476JG-SensorTile/Applications/ALLMEMS1/Src/main.c:623:13:SendMotionData	1
C:/Users/User/Documents/compsys704_project2/Final/Projects/STM32L476JG-SensorTile/Applications/ALLMEMS1/Src/main.c:296:6:LPF_A	1
C:/Users/User/Documents/compsys704_project2/Final/Projects/STM32L476JG-SensorTile/Applications/ALLMEMS1/Src/main.c:308:6:LPF_M	1
C:/Users/User/Documents/compsys704_project2/Final/Projects/STM32L476JG-SensorTile/Applications/ALLMEMS1/Src/main.c:329:6:check_local	6
C:/Users/User/Documents/compsys704_project2/Final/Projects/STM32L476JG-SensorTile/Applications/ALLMEMS1/Src/main.c:356:6:calc_orientation	7
C:/Users/User/Documents/compsys704_project2/Final/Projects/STM32L476JG-SensorTile/Applications/ALLMEMS1/Src/main.c:581:6:UART5_Transmit	1
C:/Users/User/Documents/compsys704_project2/Final/Projects/STM32L476JG-SensorTile/Applications/ALLMEMS1/Src/main.c:162:6:binprintf8	2
C:/Users/User/Documents/compsys704_project2/Final/Projects/STM32L476JG-SensorTile/Applications/ALLMEMS1/Src/main.c:170:6:binprintf16	2
C:/Users/User/Documents/compsys704_project2/Final/Projects/STM32L476JG-SensorTile/Applications/ALLMEMS1/Src/main.c:1050:13:Init_BlueNRG_Stack	7
C:/Users/User/Documents/compsys704_project2/Final/Projects/STM32L476JG-SensorTile/Applications/ALLMEMS1/Src/main.c:1142:13:Init_BlueNRG_Custom_Services	2
C:/Users/User/Documents/compsys704_project2/Final/Projects/STM32L476JG-SensorTile/Applications/ALLMEMS1/Src/main.c:592:6:HAL_TIM_OC_DelayElapsedCallback	2
C:/Users/User/Documents/compsys704_project2/Final/Projects/STM32L476JG-SensorTile/Applications/ALLMEMS1/Src/main.c:610:6:HAL_TIM_PeriodElapsedCallback	2
C:/Users/User/Documents/compsys704_project2/Final/Projects/STM32L476JG-SensorTile/Applications/ALLMEMS1/Src/main.c:723:9:Sensor_IO_SPI_CS_Init_All	1
C:/Users/User/Documents/compsys704_project2/Final/Projects/STM32L476JG-SensorTile/Applications/ALLMEMS1/Src/main.c:937:6:LSM303AGR_SPI_Read_nBytes	5
C:/Users/User/Documents/compsys704_project2/Final/Projects/STM32L476JG-SensorTile/Applications/ALLMEMS1/Src/main.c:978:6:LSM303AGR_SPI_Read	3
C:/Users/User/Documents/compsys704_project2/Final/Projects/STM32L476JG-SensorTile/Applications/ALLMEMS1/Src/main.c:1007:6:LSM303AGR_SPI_Write	4
C:/Users/User/Documents/compsys704_project2/Final/Projects/STM32L476JG-SensorTile/Applications/ALLMEMS1/Src/main.c:841:16:BSP_LSM303AGR_ReadReg_Mag	2
C:/Users/User/Documents/compsys704_project2/Final/Projects/STM32L476JG-SensorTile/Applications/ALLMEMS1/Src/main.c:220:13:readMag	1
C:/Users/User/Documents/compsys704_project2/Final/Projects/STM32L476JG-SensorTile/Applications/ALLMEMS1/Src/main.c:903:16:BSP_LSM303AGR_ReadReg_Acc	3
C:/Users/User/Documents/compsys704_project2/Final/Projects/STM32L476JG-SensorTile/Applications/ALLMEMS1/Src/main.c:178:13:InitLSM	1
C:/Users/User/Documents/compsys704_project2/Final/Projects/STM32L476JG-SensorTile/Applications/ALLMEMS1/Src/main.c:253:13:readAcc	1
C:/Users/User/Documents/compsys704_project2/Final/Projects/STM32L476JG-SensorTile/Applications/ALLMEMS1/Src/main.c:1244:6:HAL_Delay	2
C:/Users/User/Documents/compsys704_project2/Final/Projects/STM32L476JG-SensorTile/Applications/ALLMEMS1/Src/main.c:1257:6:Error_Handler	1
C:/Users/User/Documents/compsys704_project2/Final/Projects/STM32L476JG-SensorTile/Applications/ALLMEMS1/Src/main.c:636:13:InitTimers	1
C:/Users/User/Documents/compsys704_project2/Final/Projects/STM32L476JG-SensorTile/Applications/ALLMEMS1/Src/main.c:541:6:MX_UART5_UART_Init	1
C:/Users/User/Documents/compsys704_project2/Final/Projects/STM32L476JG-SensorTile/Applications/ALLMEMS1/Src/main.c:525:6:InitTargetPlatform	1
C:/Users/User/Documents/compsys704_project2/Final/Projects/STM32L476JG-SensorTile/Applications/ALLMEMS1/Src/main.c:385:5:main	11
C:/Users/User/Documents/compsys704_project2/Final/Projects/STM32L476JG-SensorTile/Applications/ALLMEMS1/Src/main.c:561:6:MX_USART1_UART_Init	1
C:/Users/User/Documents/compsys704_project2/Final/Projects/STM32L476JG-SensorTile/Applications/ALLMEMS1/Src/main.c:1268:6:HAL_GPIO_EXTI_Callback	2
