/Users/kevin/STM_workspace/COMSYS704/Projects/STM32L476JG-SensorTile/Applications/ALLMEMS1/Src/stm32l4xx_it.c:61:6:NMI_Handler	0	static
/Users/kevin/STM_workspace/COMSYS704/Projects/STM32L476JG-SensorTile/Applications/ALLMEMS1/Src/stm32l4xx_it.c:70:6:HardFault_Handler	0	static
/Users/kevin/STM_workspace/COMSYS704/Projects/STM32L476JG-SensorTile/Applications/ALLMEMS1/Src/stm32l4xx_it.c:83:6:MemManage_Handler	0	static
/Users/kevin/STM_workspace/COMSYS704/Projects/STM32L476JG-SensorTile/Applications/ALLMEMS1/Src/stm32l4xx_it.c:96:6:BusFault_Handler	0	static
/Users/kevin/STM_workspace/COMSYS704/Projects/STM32L476JG-SensorTile/Applications/ALLMEMS1/Src/stm32l4xx_it.c:109:6:UsageFault_Handler	0	static
/Users/kevin/STM_workspace/COMSYS704/Projects/STM32L476JG-SensorTile/Applications/ALLMEMS1/Src/stm32l4xx_it.c:122:6:SVC_Handler	0	static
/Users/kevin/STM_workspace/COMSYS704/Projects/STM32L476JG-SensorTile/Applications/ALLMEMS1/Src/stm32l4xx_it.c:131:6:DebugMon_Handler	0	static
/Users/kevin/STM_workspace/COMSYS704/Projects/STM32L476JG-SensorTile/Applications/ALLMEMS1/Src/stm32l4xx_it.c:140:6:PendSV_Handler	0	static
/Users/kevin/STM_workspace/COMSYS704/Projects/STM32L476JG-SensorTile/Applications/ALLMEMS1/Src/stm32l4xx_it.c:149:6:SysTick_Handler	8	static
/Users/kevin/STM_workspace/COMSYS704/Projects/STM32L476JG-SensorTile/Applications/ALLMEMS1/Src/stm32l4xx_it.c:178:6:TIM4_IRQHandler	8	static
/Users/kevin/STM_workspace/COMSYS704/Projects/STM32L476JG-SensorTile/Applications/ALLMEMS1/Src/stm32l4xx_it.c:188:6:TIM5_IRQHandler	0	static
/Users/kevin/STM_workspace/COMSYS704/Projects/STM32L476JG-SensorTile/Applications/ALLMEMS1/Src/stm32l4xx_it.c:198:6:TIM1_CC_IRQHandler	8	static
/Users/kevin/STM_workspace/COMSYS704/Projects/STM32L476JG-SensorTile/Applications/ALLMEMS1/Src/stm32l4xx_it.c:251:6:EXTI3_IRQHandler	8	static
/Users/kevin/STM_workspace/COMSYS704/Projects/STM32L476JG-SensorTile/Applications/ALLMEMS1/Src/stm32l4xx_it.c:264:6:EXTI9_5_IRQHandler	8	static
/Users/kevin/STM_workspace/COMSYS704/Projects/STM32L476JG-SensorTile/Applications/ALLMEMS1/Src/stm32l4xx_it.c:275:6:EXTI2_IRQHandler	0	static
/Users/kevin/STM_workspace/COMSYS704/Projects/STM32L476JG-SensorTile/Applications/ALLMEMS1/Src/stm32l4xx_it.c:317:6:UART5_IRQHandler	8	static
