/Users/kevin/STM_workspace/COMSYS704/Projects/STM32L476JG-SensorTile/Applications/ALLMEMS1/Src/stm32l4xx_hal_msp.c:35:6:HAL_PCD_MspInit	0	static
/Users/kevin/STM_workspace/COMSYS704/Projects/STM32L476JG-SensorTile/Applications/ALLMEMS1/Src/stm32l4xx_hal_msp.c:65:6:HAL_PCD_MspDeInit	0	static
/Users/kevin/STM_workspace/COMSYS704/Projects/STM32L476JG-SensorTile/Applications/ALLMEMS1/Src/stm32l4xx_hal_msp.c:82:6:HAL_TIM_Base_MspInit	16	static
/Users/kevin/STM_workspace/COMSYS704/Projects/STM32L476JG-SensorTile/Applications/ALLMEMS1/Src/stm32l4xx_hal_msp.c:125:6:HAL_TIM_OC_MspInit	16	static
/Users/kevin/STM_workspace/COMSYS704/Projects/STM32L476JG-SensorTile/Applications/ALLMEMS1/Src/stm32l4xx_hal_msp.c:142:6:HAL_CRC_MspInit	8	static
/Users/kevin/STM_workspace/COMSYS704/Projects/STM32L476JG-SensorTile/Applications/ALLMEMS1/Src/stm32l4xx_hal_msp.c:155:6:HAL_CRC_MspDeInit	0	static
/Users/kevin/STM_workspace/COMSYS704/Projects/STM32L476JG-SensorTile/Applications/ALLMEMS1/Src/stm32l4xx_hal_msp.c:164:6:HAL_UART_MspInit	56	static
/Users/kevin/STM_workspace/COMSYS704/Projects/STM32L476JG-SensorTile/Applications/ALLMEMS1/Src/stm32l4xx_hal_msp.c:245:6:HAL_UART_MspDeInit	8	static
