Archive member included to satisfy reference by file (symbol)

/Applications/STM32CubeIDE.app/Contents/Eclipse/plugins/com.st.stm32cube.ide.mcu.externaltools.gnu-tools-for-stm32.10.3-2021.10.macos64_1.0.0.202111181127/tools/bin/../lib/gcc/arm-none-eabi/10.3.1/../../../../arm-none-eabi/lib/thumb/v7e-m+fp/softfp/libc_nano.a(lib_a-errno.o)
                              ./Application/User/syscalls.o (__errno)
/Applications/STM32CubeIDE.app/Contents/Eclipse/plugins/com.st.stm32cube.ide.mcu.externaltools.gnu-tools-for-stm32.10.3-2021.10.macos64_1.0.0.202111181127/tools/bin/../lib/gcc/arm-none-eabi/10.3.1/../../../../arm-none-eabi/lib/thumb/v7e-m+fp/softfp/libc_nano.a(lib_a-exit.o)
                              /Applications/STM32CubeIDE.app/Contents/Eclipse/plugins/com.st.stm32cube.ide.mcu.externaltools.gnu-tools-for-stm32.10.3-2021.10.macos64_1.0.0.202111181127/tools/bin/../lib/gcc/arm-none-eabi/10.3.1/../../../../arm-none-eabi/lib/thumb/v7e-m+fp/softfp/crt0.o (exit)
/Applications/STM32CubeIDE.app/Contents/Eclipse/plugins/com.st.stm32cube.ide.mcu.externaltools.gnu-tools-for-stm32.10.3-2021.10.macos64_1.0.0.202111181127/tools/bin/../lib/gcc/arm-none-eabi/10.3.1/../../../../arm-none-eabi/lib/thumb/v7e-m+fp/softfp/libc_nano.a(lib_a-impure.o)
                              /Applications/STM32CubeIDE.app/Contents/Eclipse/plugins/com.st.stm32cube.ide.mcu.externaltools.gnu-tools-for-stm32.10.3-2021.10.macos64_1.0.0.202111181127/tools/bin/../lib/gcc/arm-none-eabi/10.3.1/../../../../arm-none-eabi/lib/thumb/v7e-m+fp/softfp/libc_nano.a(lib_a-exit.o) (_global_impure_ptr)
/Applications/STM32CubeIDE.app/Contents/Eclipse/plugins/com.st.stm32cube.ide.mcu.externaltools.gnu-tools-for-stm32.10.3-2021.10.macos64_1.0.0.202111181127/tools/bin/../lib/gcc/arm-none-eabi/10.3.1/../../../../arm-none-eabi/lib/thumb/v7e-m+fp/softfp/libc_nano.a(lib_a-init.o)
                              /Applications/STM32CubeIDE.app/Contents/Eclipse/plugins/com.st.stm32cube.ide.mcu.externaltools.gnu-tools-for-stm32.10.3-2021.10.macos64_1.0.0.202111181127/tools/bin/../lib/gcc/arm-none-eabi/10.3.1/../../../../arm-none-eabi/lib/thumb/v7e-m+fp/softfp/crt0.o (__libc_init_array)
/Applications/STM32CubeIDE.app/Contents/Eclipse/plugins/com.st.stm32cube.ide.mcu.externaltools.gnu-tools-for-stm32.10.3-2021.10.macos64_1.0.0.202111181127/tools/bin/../lib/gcc/arm-none-eabi/10.3.1/../../../../arm-none-eabi/lib/thumb/v7e-m+fp/softfp/libc_nano.a(lib_a-memcpy-stub.o)
                              ./Middlewares/BlueNRG-MS/HCI/Controller/bluenrg_gap_aci.o (memcpy)
/Applications/STM32CubeIDE.app/Contents/Eclipse/plugins/com.st.stm32cube.ide.mcu.externaltools.gnu-tools-for-stm32.10.3-2021.10.macos64_1.0.0.202111181127/tools/bin/../lib/gcc/arm-none-eabi/10.3.1/../../../../arm-none-eabi/lib/thumb/v7e-m+fp/softfp/libc_nano.a(lib_a-memset.o)
                              /Applications/STM32CubeIDE.app/Contents/Eclipse/plugins/com.st.stm32cube.ide.mcu.externaltools.gnu-tools-for-stm32.10.3-2021.10.macos64_1.0.0.202111181127/tools/bin/../lib/gcc/arm-none-eabi/10.3.1/../../../../arm-none-eabi/lib/thumb/v7e-m+fp/softfp/crt0.o (memset)
/Applications/STM32CubeIDE.app/Contents/Eclipse/plugins/com.st.stm32cube.ide.mcu.externaltools.gnu-tools-for-stm32.10.3-2021.10.macos64_1.0.0.202111181127/tools/bin/../lib/gcc/arm-none-eabi/10.3.1/../../../../arm-none-eabi/lib/thumb/v7e-m+fp/softfp/libc_nano.a(lib_a-sprintf.o)
                              ./Application/User/sensor_service.o (sprintf)
/Applications/STM32CubeIDE.app/Contents/Eclipse/plugins/com.st.stm32cube.ide.mcu.externaltools.gnu-tools-for-stm32.10.3-2021.10.macos64_1.0.0.202111181127/tools/bin/../lib/gcc/arm-none-eabi/10.3.1/../../../../arm-none-eabi/lib/thumb/v7e-m+fp/softfp/libc_nano.a(lib_a-nano-svfprintf.o)
                              /Applications/STM32CubeIDE.app/Contents/Eclipse/plugins/com.st.stm32cube.ide.mcu.externaltools.gnu-tools-for-stm32.10.3-2021.10.macos64_1.0.0.202111181127/tools/bin/../lib/gcc/arm-none-eabi/10.3.1/../../../../arm-none-eabi/lib/thumb/v7e-m+fp/softfp/libc_nano.a(lib_a-sprintf.o) (_svfprintf_r)
/Applications/STM32CubeIDE.app/Contents/Eclipse/plugins/com.st.stm32cube.ide.mcu.externaltools.gnu-tools-for-stm32.10.3-2021.10.macos64_1.0.0.202111181127/tools/bin/../lib/gcc/arm-none-eabi/10.3.1/../../../../arm-none-eabi/lib/thumb/v7e-m+fp/softfp/libc_nano.a(lib_a-nano-vfprintf_i.o)
                              /Applications/STM32CubeIDE.app/Contents/Eclipse/plugins/com.st.stm32cube.ide.mcu.externaltools.gnu-tools-for-stm32.10.3-2021.10.macos64_1.0.0.202111181127/tools/bin/../lib/gcc/arm-none-eabi/10.3.1/../../../../arm-none-eabi/lib/thumb/v7e-m+fp/softfp/libc_nano.a(lib_a-nano-svfprintf.o) (_printf_i)
/Applications/STM32CubeIDE.app/Contents/Eclipse/plugins/com.st.stm32cube.ide.mcu.externaltools.gnu-tools-for-stm32.10.3-2021.10.macos64_1.0.0.202111181127/tools/bin/../lib/gcc/arm-none-eabi/10.3.1/../../../../arm-none-eabi/lib/thumb/v7e-m+fp/softfp/libc_nano.a(lib_a-memchr.o)
[...]
Memory Configuration

Name             Origin             Length             Attributes
FLASH            0x0000000008004000 0x000000000007c000 xr
RAM              0x0000000020000000 0x0000000000018000 xrw
SRAM2            0x0000000010000000 0x0000000000008000 xrw
*default*        0x0000000000000000 0xffffffffffffffff

Linker script and memory map

LOAD /Applications/STM32CubeIDE.app/Contents/Eclipse/plugins/com.st.stm32cube.ide.mcu.externaltools.gnu-tools-for-stm32.10.3-2021.10.macos64_1.0.0.202111181127/tools/bin/../lib/gcc/arm-none-eabi/10.3.1/thumb/v7e-m+fp/softfp/crti.o
LOAD /Applications/STM32CubeIDE.app/Contents/Eclipse/plugins/com.st.stm32cube.ide.mcu.externaltools.gnu-tools-for-stm32.10.3-2021.10.macos64_1.0.0.202111181127/tools/bin/../lib/gcc/arm-none-eabi/10.3.1/thumb/v7e-m+fp/softfp/crtbegin.o
LOAD /Applications/STM32CubeIDE.app/Contents/Eclipse/plugins/com.st.stm32cube.ide.mcu.externaltools.gnu-tools-for-stm32.10.3-2021.10.macos64_1.0.0.202111181127/tools/bin/../lib/gcc/arm-none-eabi/10.3.1/../../../../arm-none-eabi/lib/thumb/v7e-m+fp/softfp/crt0.o
LOAD ./Application/Startup/startup_stm32l476xx.o
LOAD ./Application/User/sensor_service.o
LOAD ./Application/User/hci_tl_interface.o
LOAD ./Application/User/main.o
LOAD ./Application/User/stm32l4xx_hal_msp.o
LOAD ./Application/User/stm32l4xx_it.o
LOAD ./Application/User/syscalls.o
LOAD ./Application/User/sysmem.o
LOAD ./Drivers/BSP/SensorTile/SensorTile.o
LOAD ./Drivers/BSP/SensorTile/SensorTile_bus.o
LOAD ./Drivers/CMSIS/system_stm32l4xx.o
LOAD ./Drivers/STM32L4xx_HAL_Driver/stm32l4xx_hal.o
LOAD ./Drivers/STM32L4xx_HAL_Driver/stm32l4xx_hal_adc.o
LOAD ./Drivers/STM32L4xx_HAL_Driver/stm32l4xx_hal_adc_ex.o
LOAD ./Drivers/STM32L4xx_HAL_Driver/stm32l4xx_hal_cortex.o
LOAD ./Drivers/STM32L4xx_HAL_Driver/stm32l4xx_hal_crc.o
LOAD ./Drivers/STM32L4xx_HAL_Driver/stm32l4xx_hal_crc_ex.o
LOAD ./Drivers/STM32L4xx_HAL_Driver/stm32l4xx_hal_dfsdm.o
LOAD ./Drivers/STM32L4xx_HAL_Driver/stm32l4xx_hal_dma.o
LOAD ./Drivers/STM32L4xx_HAL_Driver/stm32l4xx_hal_flash.o
LOAD ./Drivers/STM32L4xx_HAL_Driver/stm32l4xx_hal_flash_ex.o
LOAD ./Drivers/STM32L4xx_HAL_Driver/stm32l4xx_hal_gpio.o
LOAD ./Drivers/STM32L4xx_HAL_Driver/stm32l4xx_hal_i2c.o
LOAD ./Drivers/STM32L4xx_HAL_Driver/stm32l4xx_hal_i2c_ex.o
LOAD ./Drivers/STM32L4xx_HAL_Driver/stm32l4xx_hal_pcd.o
LOAD ./Drivers/STM32L4xx_HAL_Driver/stm32l4xx_hal_pcd_ex.o
LOAD ./Drivers/STM32L4xx_HAL_Driver/stm32l4xx_hal_pwr.o
LOAD ./Drivers/STM32L4xx_HAL_Driver/stm32l4xx_hal_pwr_ex.o
LOAD ./Drivers/STM32L4xx_HAL_Driver/stm32l4xx_hal_rcc.o
LOAD ./Drivers/STM32L4xx_HAL_Driver/stm32l4xx_hal_rcc_ex.o
LOAD ./Drivers/STM32L4xx_HAL_Driver/stm32l4xx_hal_rtc.o
LOAD ./Drivers/STM32L4xx_HAL_Driver/stm32l4xx_hal_rtc_ex.o
LOAD ./Drivers/STM32L4xx_HAL_Driver/stm32l4xx_hal_sai.o
LOAD ./Drivers/STM32L4xx_HAL_Driver/stm32l4xx_hal_sai_ex.o
LOAD ./Drivers/STM32L4xx_HAL_Driver/stm32l4xx_hal_spi.o
LOAD ./Drivers/STM32L4xx_HAL_Driver/stm32l4xx_hal_spi_ex.o
LOAD ./Drivers/STM32L4xx_HAL_Driver/stm32l4xx_hal_tim.o
LOAD ./Drivers/STM32L4xx_HAL_Driver/stm32l4xx_hal_tim_ex.o
LOAD ./Drivers/STM32L4xx_HAL_Driver/stm32l4xx_hal_uart.o
LOAD ./Drivers/STM32L4xx_HAL_Driver/stm32l4xx_hal_uart_ex.o
LOAD ./Drivers/STM32L4xx_HAL_Driver/stm32l4xx_ll_usb.o
LOAD ./Middlewares/BlueNRG-MS/HCI/Controller/bluenrg_gap_aci.o
LOAD ./Middlewares/BlueNRG-MS/HCI/Controller/bluenrg_gatt_aci.o
LOAD ./Middlewares/BlueNRG-MS/HCI/Controller/bluenrg_hal_aci.o
LOAD ./Middlewares/BlueNRG-MS/HCI/Controller/bluenrg_l2cap_aci.o
LOAD ./Middlewares/BlueNRG-MS/HCI/Controller/bluenrg_utils_small.o
LOAD ./Middlewares/BlueNRG-MS/HCI/hci_le.o
LOAD ./Middlewares/BlueNRG-MS/HCI/hci_tl_patterns/Basic/hci_tl.o
LOAD ./Middlewares/BlueNRG-MS/Utils/ble_list.o
START GROUP
LOAD /Applications/STM32CubeIDE.app/Contents/Eclipse/plugins/com.st.stm32cube.ide.mcu.externaltools.gnu-tools-for-stm32.10.3-2021.10.macos64_1.0.0.202111181127/tools/bin/../lib/gcc/arm-none-eabi/10.3.1/../../../../arm-none-eabi/lib/thumb/v7e-m+fp/softfp/libstdc++_nano.a
LOAD /Applications/STM32CubeIDE.app/Contents/Eclipse/plugins/com.st.stm32cube.ide.mcu.externaltools.gnu-tools-for-stm32.10.3-2021.10.macos64_1.0.0.202111181127/tools/bin/../lib/gcc/arm-none-eabi/10.3.1/../../../../arm-none-eabi/lib/thumb/v7e-m+fp/softfp/libsupc++_nano.a
END GROUP
LOAD /Applications/STM32CubeIDE.app/Contents/Eclipse/plugins/com.st.stm32cube.ide.mcu.externaltools.gnu-tools-for-stm32.10.3-2021.10.macos64_1.0.0.202111181127/tools/bin/../lib/gcc/arm-none-eabi/10.3.1/../../../../arm-none-eabi/lib/thumb/v7e-m+fp/softfp/libstdc++_nano.a
LOAD /Applications/STM32CubeIDE.app/Contents/Eclipse/plugins/com.st.stm32cube.ide.mcu.externaltools.gnu-tools-for-stm32.10.3-2021.10.macos64_1.0.0.202111181127/tools/bin/../lib/gcc/arm-none-eabi/10.3.1/../../../../arm-none-eabi/lib/thumb/v7e-m+fp/softfp/libm.a
LOAD /Applications/STM32CubeIDE.app/Contents/Eclipse/plugins/com.st.stm32cube.ide.mcu.externaltools.gnu-tools-for-stm32.10.3-2021.10.macos64_1.0.0.202111181127/tools/bin/../lib/gcc/arm-none-eabi/10.3.1/../../../../arm-none-eabi/lib/thumb/v7e-m+fp/softfp/libc_nano.a
START GROUP
LOAD /Applications/STM32CubeIDE.app/Contents/Eclipse/plugins/com.st.stm32cube.ide.mcu.externaltools.gnu-tools-for-stm32.10.3-2021.10.macos64_1.0.0.202111181127/tools/bin/../lib/gcc/arm-none-eabi/10.3.1/thumb/v7e-m+fp/softfp/libgcc.a
LOAD /Applications/STM32CubeIDE.app/Contents/Eclipse/plugins/com.st.stm32cube.ide.mcu.externaltools.gnu-tools-for-stm32.10.3-2021.10.macos64_1.0.0.202111181127/tools/bin/../lib/gcc/arm-none-eabi/10.3.1/../../../../arm-none-eabi/lib/thumb/v7e-m+fp/softfp/libc_nano.a
END GROUP
START GROUP
LOAD /Applications/STM32CubeIDE.app/Contents/Eclipse/plugins/com.st.stm32cube.ide.mcu.externaltools.gnu-tools-for-stm32.10.3-2021.10.macos64_1.0.0.202111181127/tools/bin/../lib/gcc/arm-none-eabi/10.3.1/thumb/v7e-m+fp/softfp/libgcc.a
LOAD /Applications/STM32CubeIDE.app/Contents/Eclipse/plugins/com.st.stm32cube.ide.mcu.externaltools.gnu-tools-for-stm32.10.3-2021.10.macos64_1.0.0.202111181127/tools/bin/../lib/gcc/arm-none-eabi/10.3.1/../../../../arm-none-eabi/lib/thumb/v7e-m+fp/softfp/libc_nano.a
END GROUP
LOAD /Applications/STM32CubeIDE.app/Contents/Eclipse/plugins/com.st.stm32cube.ide.mcu.externaltools.gnu-tools-for-stm32.10.3-2021.10.macos64_1.0.0.202111181127/tools/bin/../lib/gcc/arm-none-eabi/10.3.1/thumb/v7e-m+fp/softfp/crtend.o
LOAD /Applications/STM32CubeIDE.app/Contents/Eclipse/plugins/com.st.stm32cube.ide.mcu.externaltools.gnu-tools-for-stm32.10.3-2021.10.macos64_1.0.0.202111181127/tools/bin/../lib/gcc/arm-none-eabi/10.3.1/thumb/v7e-m+fp/softfp/crtn.o
                0x0000000020018000                _estack = 0x20018000
                0x0000000000001000                _Min_Heap_Size = 0x1000
                0x0000000000002000                _Min_Stack_Size = 0x2000

.isr_vector     0x0000000008004000      0x188
                0x0000000008004000                . = ALIGN (0x8)
 *(.isr_vector)
 .isr_vector    0x0000000008004000      0x188 ./Application/Startup/startup_stm32l476xx.o
                0x0000000008004000                g_pfnVectors
                0x0000000008004188                . = ALIGN (0x8)

.text           0x0000000008004190     0x6368
                0x0000000008004190                . = ALIGN (0x8)
 *(.text)
 .text          0x0000000008004190       0x40 /Applications/STM32CubeIDE.app/Contents/Eclipse/plugins/com.st.stm32cube.ide.mcu.externaltools.gnu-tools-for-stm32.10.3-2021.10.macos64_1.0.0.202111181127/tools/bin/../lib/gcc/arm-none-eabi/10.3.1/thumb/v7e-m+fp/softfp/crtbegin.o
 .text          0x00000000080041d0       0xa0 /Applications/STM32CubeIDE.app/Contents/Eclipse/plugins/com.st.stm32cube.ide.mcu.externaltools.gnu-tools-for-stm32.10.3-2021.10.macos64_1.0.0.202111181127/tools/bin/../lib/gcc/arm-none-eabi/10.3.1/../../../../arm-none-eabi/lib/thumb/v7e-m+fp/softfp/libc_nano.a(lib_a-memchr.o)
                0x00000000080041d0                memchr
 .text          0x0000000008004270       0x30 /Applications/STM32CubeIDE.app/Contents/Eclipse/plugins/com.st.stm32cube.ide.mcu.externaltools.gnu-tools-for-stm32.10.3-2021.10.macos64_1.0.0.202111181127/tools/bin/../lib/gcc/arm-none-eabi/10.3.1/thumb/v7e-m+fp/softfp/libgcc.a(_aeabi_uldivmod.o)
                0x0000000008004270                __aeabi_uldivmod
 .text          0x00000000080042a0      0x2d0 /Applications/STM32CubeIDE.app/Contents/Eclipse/plugins/com.st.stm32cube.ide.mcu.externaltools.gnu-tools-for-stm32.10.3-2021.10.macos64_1.0.0.202111181127/tools/bin/../lib/gcc/arm-none-eabi/10.3.1/thumb/v7e-m+fp/softfp/libgcc.a(_udivmoddi4.o)
                0x00000000080042a0                __udivmoddi4
 .text          0x0000000008004570        0x4 /Applications/STM32CubeIDE.app/Contents/Eclipse/plugins/com.st.stm32cube.ide.mcu.externaltools.gnu-tools-for-stm32.10.3-2021.10.macos64_1.0.0.202111181127/tools/bin/../lib/gcc/arm-none-eabi/10.3.1/thumb/v7e-m+fp/softfp/libgcc.a(_dvmd_tls.o)
                0x0000000008004570                __aeabi_ldiv0
                0x0000000008004570                __aeabi_idiv0
 *(.text*)
 .text.Reset_Handler
                0x0000000008004574       0x50 ./Application/Startup/startup_stm32l476xx.o
                0x0000000008004574                Reset_Handler
 .text.Default_Handler
                0x00000000080045c4        0x2 ./Application/Startup/startup_stm32l476xx.o
                0x00000000080045c4                TIM1_BRK_TIM15_IRQHandler
                0x00000000080045c4                TIM8_TRG_COM_IRQHandler
                0x00000000080045c4                TIM8_CC_IRQHandler
                0x00000000080045c4                TSC_IRQHandler
                0x00000000080045c4                TAMP_STAMP_IRQHandler
                0x00000000080045c4                LPTIM2_IRQHandler
                0x00000000080045c4                DFSDM1_FLT1_IRQHandler
                0x00000000080045c4                I2C3_ER_IRQHandler
                0x00000000080045c4                DFSDM1_FLT2_IRQHandler
                0x00000000080045c4                EXTI0_IRQHandler
                0x00000000080045c4                I2C2_EV_IRQHandler
                0x00000000080045c4                CAN1_RX0_IRQHandler
                0x00000000080045c4                FPU_IRQHandler
                0x00000000080045c4                TIM1_UP_TIM16_IRQHandler
                0x00000000080045c4                ADC1_2_IRQHandler
                0x00000000080045c4                SPI1_IRQHandler
                0x00000000080045c4                TIM6_DAC_IRQHandler
                0x00000000080045c4                TIM8_UP_IRQHandler
                0x00000000080045c4                DMA2_Channel2_IRQHandler
                0x00000000080045c4                DMA1_Channel4_IRQHandler
                0x00000000080045c4                SAI2_IRQHandler
                0x00000000080045c4                DFSDM1_FLT3_IRQHandler
                0x00000000080045c4                USART3_IRQHandler
                0x00000000080045c4                DMA1_Channel7_IRQHandler
                0x00000000080045c4                CAN1_RX1_IRQHandler
                0x00000000080045c4                LCD_IRQHandler
                0x00000000080045c4                ADC3_IRQHandler
                0x00000000080045c4                DMA2_Channel1_IRQHandler
                0x00000000080045c4                QUADSPI_IRQHandler
                0x00000000080045c4                I2C1_EV_IRQHandler
                0x00000000080045c4                DMA1_Channel6_IRQHandler
                0x00000000080045c4                UART4_IRQHandler
                0x00000000080045c4                DMA2_Channel4_IRQHandler
                0x00000000080045c4                TIM3_IRQHandler
                0x00000000080045c4                RCC_IRQHandler
                0x00000000080045c4                DMA1_Channel1_IRQHandler
                0x00000000080045c4                Default_Handler
                0x00000000080045c4                DMA2_Channel7_IRQHandler
                0x00000000080045c4                EXTI15_10_IRQHandler
                0x00000000080045c4                TIM7_IRQHandler
                0x00000000080045c4                SDMMC1_IRQHandler
                0x00000000080045c4                I2C3_EV_IRQHandler
                0x00000000080045c4                RTC_WKUP_IRQHandler
                0x00000000080045c4                PVD_PVM_IRQHandler
                0x00000000080045c4                SPI2_IRQHandler
                0x00000000080045c4                CAN1_TX_IRQHandler
                0x00000000080045c4                DMA2_Channel5_IRQHandler
                0x00000000080045c4                DMA1_Channel5_IRQHandler
                0x00000000080045c4                EXTI4_IRQHandler
                0x00000000080045c4                RNG_IRQHandler
                0x00000000080045c4                TIM1_TRG_COM_TIM17_IRQHandler
                0x00000000080045c4                DMA1_Channel3_IRQHandler
                0x00000000080045c4                COMP_IRQHandler
                0x00000000080045c4                WWDG_IRQHandler
                0x00000000080045c4                LPUART1_IRQHandler
                0x00000000080045c4                DMA2_Channel6_IRQHandler
                0x00000000080045c4                TIM2_IRQHandler
                0x00000000080045c4                EXTI1_IRQHandler
                0x00000000080045c4                USART2_IRQHandler
                0x00000000080045c4                DFSDM1_FLT0_IRQHandler
                0x00000000080045c4                I2C2_ER_IRQHandler
                0x00000000080045c4                DMA1_Channel2_IRQHandler
                0x00000000080045c4                TIM8_BRK_IRQHandler
                0x00000000080045c4                CAN1_SCE_IRQHandler
                0x00000000080045c4                FLASH_IRQHandler
                0x00000000080045c4                USART1_IRQHandler
                0x00000000080045c4                OTG_FS_IRQHandler
                0x00000000080045c4                SPI3_IRQHandler
                0x00000000080045c4                I2C1_ER_IRQHandler
                0x00000000080045c4                FMC_IRQHandler
                0x00000000080045c4                SWPMI1_IRQHandler
                0x00000000080045c4                LPTIM1_IRQHandler
                0x00000000080045c4                SAI1_IRQHandler
                0x00000000080045c4                DMA2_Channel3_IRQHandler
                0x00000000080045c4                RTC_Alarm_IRQHandler
 *fill*         0x00000000080045c6        0x2 
 .text.GAP_ConnectionComplete_CB
                0x00000000080045c8       0x18 ./Application/User/sensor_service.o
 .text.AccGyroMag_AttributeModified_CB
                0x00000000080045e0       0x90 ./Application/User/sensor_service.o
 .text.GAP_DisconnectionComplete_CB
                0x0000000008004670       0x5c ./Application/User/sensor_service.o
 .text.safe_aci_gatt_update_char_value
                0x00000000080046cc       0x30 ./Application/User/sensor_service.o
                0x00000000080046cc                safe_aci_gatt_update_char_value
 .text.Add_HW_SW_ServW2ST_Service
                0x00000000080046fc      0x140 ./Application/User/sensor_service.o
                0x00000000080046fc                Add_HW_SW_ServW2ST_Service
 .text.AccGyroMag_Update
                0x000000000800483c       0xf8 ./Application/User/sensor_service.o
                0x000000000800483c                AccGyroMag_Update
 .text.setConnectable
                0x0000000008004934       0xf0 ./Application/User/sensor_service.o
                0x0000000008004934                setConnectable
 .text.Read_Request_CB
                0x0000000008004a24       0x14 ./Application/User/sensor_service.o
                0x0000000008004a24                Read_Request_CB
 .text.Attribute_Modified_CB
                0x0000000008004a38       0x1c ./Application/User/sensor_service.o
                0x0000000008004a38                Attribute_Modified_CB
 .text.HCI_Event_CB
                0x0000000008004a54       0x84 ./Application/User/sensor_service.o
                0x0000000008004a54                HCI_Event_CB
 .text.HCI_TL_SPI_Init
                0x0000000008004ad8       0xcc ./Application/User/hci_tl_interface.o
                0x0000000008004ad8                HCI_TL_SPI_Init
 .text.HCI_TL_SPI_DeInit
                0x0000000008004ba4       0x2c ./Application/User/hci_tl_interface.o
                0x0000000008004ba4                HCI_TL_SPI_DeInit
 .text.HCI_TL_SPI_Reset
                0x0000000008004bd0       0x2c ./Application/User/hci_tl_interface.o
                0x0000000008004bd0                HCI_TL_SPI_Reset
 .text.HCI_TL_SPI_Receive
                0x0000000008004bfc       0x8c ./Application/User/hci_tl_interface.o
                0x0000000008004bfc                HCI_TL_SPI_Receive
 .text.HCI_TL_SPI_Send
                0x0000000008004c88       0x88 ./Application/User/hci_tl_interface.o
                0x0000000008004c88                HCI_TL_SPI_Send
 .text.IsDataAvailable
                0x0000000008004d10       0x18 ./Application/User/hci_tl_interface.o
 .text.hci_tl_lowlevel_init
                0x0000000008004d28       0x50 ./Application/User/hci_tl_interface.o
                0x0000000008004d28                hci_tl_lowlevel_init
 .text.hci_tl_lowlevel_isr
                0x0000000008004d78       0x14 ./Application/User/hci_tl_interface.o
                0x0000000008004d78                hci_tl_lowlevel_isr
 .text.readMag  0x0000000008004d8c       0x18 ./Application/User/main.o
 .text.readAcc  0x0000000008004da4       0x18 ./Application/User/main.o
 .text.SystemClock_Config
                0x0000000008004dbc       0xc4 ./Application/User/main.o
 .text.BSP_LSM303AGR_WriteReg_Acc
                0x0000000008004e80       0x54 ./Application/User/main.o
 .text.BSP_LSM303AGR_WriteReg_Mag
                0x0000000008004ed4       0x54 ./Application/User/main.o
 .text.SendMotionData
                0x0000000008004f28       0x18 ./Application/User/main.o
 .text.UART5_Transmit
                0x0000000008004f40       0x18 ./Application/User/main.o
                0x0000000008004f40                UART5_Transmit
 .text.Init_BlueNRG_Stack
                0x0000000008004f58      0x1f4 ./Application/User/main.o
 .text.Init_BlueNRG_Custom_Services
                0x000000000800514c       0x5c ./Application/User/main.o
 .text.HAL_TIM_OC_DelayElapsedCallback
                0x00000000080051a8       0x30 ./Application/User/main.o
                0x00000000080051a8                HAL_TIM_OC_DelayElapsedCallback
 .text.HAL_TIM_PeriodElapsedCallback
                0x00000000080051d8       0x18 ./Application/User/main.o
                0x00000000080051d8                HAL_TIM_PeriodElapsedCallback
 .text.Sensor_IO_SPI_CS_Init_All
                0x00000000080051f0      0x1dc ./Application/User/main.o
                0x00000000080051f0                Sensor_IO_SPI_CS_Init_All
 .text.LSM303AGR_SPI_Read_nBytes
                0x00000000080053cc       0x5a ./Application/User/main.o
                0x00000000080053cc                LSM303AGR_SPI_Read_nBytes
 .text.LSM303AGR_SPI_Read
                0x0000000008005426       0x3a ./Application/User/main.o
                0x0000000008005426                LSM303AGR_SPI_Read
 .text.LSM303AGR_SPI_Write
                0x0000000008005460       0x20 ./Application/User/main.o
                0x0000000008005460                LSM303AGR_SPI_Write
 .text.BSP_LSM303AGR_ReadReg_Mag
                0x0000000008005480       0x78 ./Application/User/main.o
 .text.BSP_LSM303AGR_ReadReg_Acc
                0x00000000080054f8       0x88 ./Application/User/main.o
 .text.InitLSM  0x0000000008005580       0x78 ./Application/User/main.o
 .text.HAL_Delay
                0x00000000080055f8       0x20 ./Application/User/main.o
                0x00000000080055f8                HAL_Delay
 .text.Error_Handler
                0x0000000008005618        0x2 ./Application/User/main.o
                0x0000000008005618                Error_Handler
 *fill*         0x000000000800561a        0x2 
 .text.InitTimers
                0x000000000800561c       0xe4 ./Application/User/main.o
 .text.MX_UART5_UART_Init
                0x0000000008005700       0x34 ./Application/User/main.o
                0x0000000008005700                MX_UART5_UART_Init
 .text.InitTargetPlatform
                0x0000000008005734       0x12 ./Application/User/main.o
 *fill*         0x0000000008005746        0x2 
 .text.main     0x0000000008005748      0x124 ./Application/User/main.o
                0x0000000008005748                main
 .text.HAL_GPIO_EXTI_Callback
                0x000000000800586c       0x1c ./Application/User/main.o
                0x000000000800586c                HAL_GPIO_EXTI_Callback
 .text.HAL_TIM_Base_MspInit
                0x0000000008005888       0x70 ./Application/User/stm32l4xx_hal_msp.o
                0x0000000008005888                HAL_TIM_Base_MspInit
 .text.HAL_TIM_OC_MspInit
                0x00000000080058f8       0x34 ./Application/User/stm32l4xx_hal_msp.o
                0x00000000080058f8                HAL_TIM_OC_MspInit
 .text.HAL_UART_MspInit
                0x000000000800592c       0xfc ./Application/User/stm32l4xx_hal_msp.o
                0x000000000800592c                HAL_UART_MspInit
 .text.NMI_Handler
                0x0000000008005a28        0x2 ./Application/User/stm32l4xx_it.o
                0x0000000008005a28                NMI_Handler
 .text.HardFault_Handler
                0x0000000008005a2a        0x2 ./Application/User/stm32l4xx_it.o
                0x0000000008005a2a                HardFault_Handler
 .text.MemManage_Handler
                0x0000000008005a2c        0x2 ./Application/User/stm32l4xx_it.o
                0x0000000008005a2c                MemManage_Handler
 .text.BusFault_Handler
                0x0000000008005a2e        0x2 ./Application/User/stm32l4xx_it.o
                0x0000000008005a2e                BusFault_Handler
 .text.UsageFault_Handler
                0x0000000008005a30        0x2 ./Application/User/stm32l4xx_it.o
                0x0000000008005a30                UsageFault_Handler
 .text.SVC_Handler
                0x0000000008005a32        0x2 ./Application/User/stm32l4xx_it.o
                0x0000000008005a32                SVC_Handler
 .text.DebugMon_Handler
                0x0000000008005a34        0x2 ./Application/User/stm32l4xx_it.o
                0x0000000008005a34                DebugMon_Handler
 .text.PendSV_Handler
                0x0000000008005a36        0x2 ./Application/User/stm32l4xx_it.o
                0x0000000008005a36                PendSV_Handler
 .text.SysTick_Handler
                0x0000000008005a38        0x8 ./Application/User/stm32l4xx_it.o
                0x0000000008005a38                SysTick_Handler
 .text.TIM4_IRQHandler
                0x0000000008005a40       0x10 ./Application/User/stm32l4xx_it.o
                0x0000000008005a40                TIM4_IRQHandler
 .text.TIM5_IRQHandler
                0x0000000008005a50        0x2 ./Application/User/stm32l4xx_it.o
                0x0000000008005a50                TIM5_IRQHandler
 *fill*         0x0000000008005a52        0x2 
 .text.TIM1_CC_IRQHandler
                0x0000000008005a54       0x10 ./Application/User/stm32l4xx_it.o
                0x0000000008005a54                TIM1_CC_IRQHandler
 .text.EXTI3_IRQHandler
                0x0000000008005a64        0xa ./Application/User/stm32l4xx_it.o
                0x0000000008005a64                EXTI3_IRQHandler
 .text.EXTI9_5_IRQHandler
                0x0000000008005a6e        0xa ./Application/User/stm32l4xx_it.o
                0x0000000008005a6e                EXTI9_5_IRQHandler
 .text.EXTI2_IRQHandler
                0x0000000008005a78        0x2 ./Application/User/stm32l4xx_it.o
                0x0000000008005a78                EXTI2_IRQHandler
 *fill*         0x0000000008005a7a        0x2 
 .text.UART5_IRQHandler
                0x0000000008005a7c       0x10 ./Application/User/stm32l4xx_it.o
                0x0000000008005a7c                UART5_IRQHandler
 .text._sbrk    0x0000000008005a8c       0x48 ./Application/User/sysmem.o
                0x0000000008005a8c                _sbrk
 .text.BSP_LED_Init
                0x0000000008005ad4       0x80 ./Drivers/BSP/SensorTile/SensorTile.o
                0x0000000008005ad4                BSP_LED_Init
 .text.BSP_LED_Toggle
                0x0000000008005b54       0x1c ./Drivers/BSP/SensorTile/SensorTile.o
                0x0000000008005b54                BSP_LED_Toggle
 .text.SPI2_MspInit
                0x0000000008005b70       0x54 ./Drivers/BSP/SensorTile/SensorTile_bus.o
 .text.SPI1_MspInit
                0x0000000008005bc4       0x54 ./Drivers/BSP/SensorTile/SensorTile_bus.o
 .text.BSP_SPI2_Send
                0x0000000008005c18       0x24 ./Drivers/BSP/SensorTile/SensorTile_bus.o
                0x0000000008005c18                BSP_SPI2_Send
 .text.BSP_SPI1_SendRecv
                0x0000000008005c3c       0x2c ./Drivers/BSP/SensorTile/SensorTile_bus.o
                0x0000000008005c3c                BSP_SPI1_SendRecv
 .text.BSP_GetTick
                0x0000000008005c68        0x8 ./Drivers/BSP/SensorTile/SensorTile_bus.o
                0x0000000008005c68                BSP_GetTick
 .text.MX_SPI1_Init
                0x0000000008005c70       0x44 ./Drivers/BSP/SensorTile/SensorTile_bus.o
                0x0000000008005c70                MX_SPI1_Init
 .text.BSP_SPI1_Init
                0x0000000008005cb4       0x38 ./Drivers/BSP/SensorTile/SensorTile_bus.o
                0x0000000008005cb4                BSP_SPI1_Init
 .text.MX_SPI2_Init
                0x0000000008005cec       0x70 ./Drivers/BSP/SensorTile/SensorTile_bus.o
                0x0000000008005cec                MX_SPI2_Init
 .text.BSP_SPI2_Init
                0x0000000008005d5c       0x34 ./Drivers/BSP/SensorTile/SensorTile_bus.o
                0x0000000008005d5c                BSP_SPI2_Init
 .text.SystemInit
                0x0000000008005d90       0x4c ./Drivers/CMSIS/system_stm32l4xx.o
                0x0000000008005d90                SystemInit
 .text.HAL_MspInit
                0x0000000008005ddc        0x2 ./Drivers/STM32L4xx_HAL_Driver/stm32l4xx_hal.o
                0x0000000008005ddc                HAL_MspInit
 *fill*         0x0000000008005dde        0x2 
 .text.HAL_InitTick
                0x0000000008005de0       0x4c ./Drivers/STM32L4xx_HAL_Driver/stm32l4xx_hal.o
                0x0000000008005de0                HAL_InitTick
 .text.HAL_Init
                0x0000000008005e2c       0x1e ./Drivers/STM32L4xx_HAL_Driver/stm32l4xx_hal.o
                0x0000000008005e2c                HAL_Init
 *fill*         0x0000000008005e4a        0x2 
 .text.HAL_IncTick
                0x0000000008005e4c       0x18 ./Drivers/STM32L4xx_HAL_Driver/stm32l4xx_hal.o
                0x0000000008005e4c                HAL_IncTick
 .text.HAL_GetTick
                0x0000000008005e64        0xc ./Drivers/STM32L4xx_HAL_Driver/stm32l4xx_hal.o
                0x0000000008005e64                HAL_GetTick
 .text.HAL_NVIC_SetPriorityGrouping
                0x0000000008005e70       0x24 ./Drivers/STM32L4xx_HAL_Driver/stm32l4xx_hal_cortex.o
                0x0000000008005e70                HAL_NVIC_SetPriorityGrouping
 .text.HAL_NVIC_SetPriority
                0x0000000008005e94       0x70 ./Drivers/STM32L4xx_HAL_Driver/stm32l4xx_hal_cortex.o
                0x0000000008005e94                HAL_NVIC_SetPriority
 .text.HAL_NVIC_EnableIRQ
                0x0000000008005f04       0x1c ./Drivers/STM32L4xx_HAL_Driver/stm32l4xx_hal_cortex.o
                0x0000000008005f04                HAL_NVIC_EnableIRQ
 .text.HAL_SYSTICK_Config
                0x0000000008005f20       0x28 ./Drivers/STM32L4xx_HAL_Driver/stm32l4xx_hal_cortex.o
                0x0000000008005f20                HAL_SYSTICK_Config
 .text.HAL_DMA_Abort
                0x0000000008005f48       0x4a ./Drivers/STM32L4xx_HAL_Driver/stm32l4xx_hal_dma.o
                0x0000000008005f48                HAL_DMA_Abort
 .text.HAL_DMA_Abort_IT
                0x0000000008005f92       0x50 ./Drivers/STM32L4xx_HAL_Driver/stm32l4xx_hal_dma.o
                0x0000000008005f92                HAL_DMA_Abort_IT
 *fill*         0x0000000008005fe2        0x2 
 .text.HAL_GPIO_Init
                0x0000000008005fe4      0x1dc ./Drivers/STM32L4xx_HAL_Driver/stm32l4xx_hal_gpio.o
                0x0000000008005fe4                HAL_GPIO_Init
 .text.HAL_GPIO_DeInit
                0x00000000080061c0      0x130 ./Drivers/STM32L4xx_HAL_Driver/stm32l4xx_hal_gpio.o
                0x00000000080061c0                HAL_GPIO_DeInit
 .text.HAL_GPIO_ReadPin
                0x00000000080062f0        0xe ./Drivers/STM32L4xx_HAL_Driver/stm32l4xx_hal_gpio.o
                0x00000000080062f0                HAL_GPIO_ReadPin
 .text.HAL_GPIO_WritePin
                0x00000000080062fe        0xa ./Drivers/STM32L4xx_HAL_Driver/stm32l4xx_hal_gpio.o
                0x00000000080062fe                HAL_GPIO_WritePin
 .text.HAL_GPIO_TogglePin
                0x0000000008006308       0x12 ./Drivers/STM32L4xx_HAL_Driver/stm32l4xx_hal_gpio.o
                0x0000000008006308                HAL_GPIO_TogglePin
 *fill*         0x000000000800631a        0x2 
 .text.HAL_GPIO_EXTI_IRQHandler
                0x000000000800631c       0x1c ./Drivers/STM32L4xx_HAL_Driver/stm32l4xx_hal_gpio.o
                0x000000000800631c                HAL_GPIO_EXTI_IRQHandler
 .text.HAL_PWR_EnableBkUpAccess
                0x0000000008006338       0x10 ./Drivers/STM32L4xx_HAL_Driver/stm32l4xx_hal_pwr.o
                0x0000000008006338                HAL_PWR_EnableBkUpAccess
 .text.HAL_PWREx_GetVoltageRange
                0x0000000008006348       0x10 ./Drivers/STM32L4xx_HAL_Driver/stm32l4xx_hal_pwr_ex.o
                0x0000000008006348                HAL_PWREx_GetVoltageRange
 .text.HAL_PWREx_EnableVddIO2
                0x0000000008006358       0x10 ./Drivers/STM32L4xx_HAL_Driver/stm32l4xx_hal_pwr_ex.o
                0x0000000008006358                HAL_PWREx_EnableVddIO2
 .text.RCC_SetFlashLatencyFromMSIRange
                0x0000000008006368       0x90 ./Drivers/STM32L4xx_HAL_Driver/stm32l4xx_hal_rcc.o
 .text.HAL_RCC_GetSysClockFreq
                0x00000000080063f8       0xb4 ./Drivers/STM32L4xx_HAL_Driver/stm32l4xx_hal_rcc.o
                0x00000000080063f8                HAL_RCC_GetSysClockFreq
 .text.HAL_RCC_OscConfig
                0x00000000080064ac      0x62c ./Drivers/STM32L4xx_HAL_Driver/stm32l4xx_hal_rcc.o
                0x00000000080064ac                HAL_RCC_OscConfig
 .text.HAL_RCC_ClockConfig
                0x0000000008006ad8      0x15c ./Drivers/STM32L4xx_HAL_Driver/stm32l4xx_hal_rcc.o
                0x0000000008006ad8                HAL_RCC_ClockConfig
 .text.HAL_RCC_GetHCLKFreq
                0x0000000008006c34        0xc ./Drivers/STM32L4xx_HAL_Driver/stm32l4xx_hal_rcc.o
                0x0000000008006c34                HAL_RCC_GetHCLKFreq
 .text.HAL_RCC_GetPCLK1Freq
                0x0000000008006c40       0x24 ./Drivers/STM32L4xx_HAL_Driver/stm32l4xx_hal_rcc.o
                0x0000000008006c40                HAL_RCC_GetPCLK1Freq
 .text.HAL_RCC_GetPCLK2Freq
                0x0000000008006c64       0x24 ./Drivers/STM32L4xx_HAL_Driver/stm32l4xx_hal_rcc.o
                0x0000000008006c64                HAL_RCC_GetPCLK2Freq
 .text.RCCEx_PLLSAI1_Config
                0x0000000008006c88      0x170 ./Drivers/STM32L4xx_HAL_Driver/stm32l4xx_hal_rcc_ex.o
 .text.RCCEx_PLLSAI2_Config
                0x0000000008006df8      0x14c ./Drivers/STM32L4xx_HAL_Driver/stm32l4xx_hal_rcc_ex.o
 .text.HAL_RCCEx_PeriphCLKConfig
                0x0000000008006f44      0x454 ./Drivers/STM32L4xx_HAL_Driver/stm32l4xx_hal_rcc_ex.o
                0x0000000008006f44                HAL_RCCEx_PeriphCLKConfig
 .text.HAL_RCCEx_DisableLSECSS
                0x0000000008007398       0x1c ./Drivers/STM32L4xx_HAL_Driver/stm32l4xx_hal_rcc_ex.o
                0x0000000008007398                HAL_RCCEx_DisableLSECSS
 .text.HAL_RCCEx_EnableMSIPLLMode
                0x00000000080073b4       0x10 ./Drivers/STM32L4xx_HAL_Driver/stm32l4xx_hal_rcc_ex.o
                0x00000000080073b4                HAL_RCCEx_EnableMSIPLLMode
 .text.SPI_WaitFlagStateUntilTimeout
                0x00000000080073c4       0xd4 ./Drivers/STM32L4xx_HAL_Driver/stm32l4xx_hal_spi.o
 .text.SPI_WaitFifoStateUntilTimeout
                0x0000000008007498       0xe4 ./Drivers/STM32L4xx_HAL_Driver/stm32l4xx_hal_spi.o
 .text.SPI_EndRxTxTransaction
                0x000000000800757c       0x62 ./Drivers/STM32L4xx_HAL_Driver/stm32l4xx_hal_spi.o
 .text.HAL_SPI_MspInit
                0x00000000080075de        0x2 ./Drivers/STM32L4xx_HAL_Driver/stm32l4xx_hal_spi.o
                0x00000000080075de                HAL_SPI_MspInit
 .text.HAL_SPI_Init
                0x00000000080075e0      0x11c ./Drivers/STM32L4xx_HAL_Driver/stm32l4xx_hal_spi.o
                0x00000000080075e0                HAL_SPI_Init
 .text.HAL_SPI_Transmit
                0x00000000080076fc      0x234 ./Drivers/STM32L4xx_HAL_Driver/stm32l4xx_hal_spi.o
                0x00000000080076fc                HAL_SPI_Transmit
 .text.HAL_SPI_TransmitReceive
                0x0000000008007930      0x40a ./Drivers/STM32L4xx_HAL_Driver/stm32l4xx_hal_spi.o
                0x0000000008007930                HAL_SPI_TransmitReceive
 .text.HAL_SPI_GetState
                0x0000000008007d3a        0x6 ./Drivers/STM32L4xx_HAL_Driver/stm32l4xx_hal_spi.o
                0x0000000008007d3a                HAL_SPI_GetState
 .text.TIM_OC1_SetConfig
                0x0000000008007d40       0xa0 ./Drivers/STM32L4xx_HAL_Driver/stm32l4xx_hal_tim.o
 .text.TIM_OC3_SetConfig
                0x0000000008007de0       0x8c ./Drivers/STM32L4xx_HAL_Driver/stm32l4xx_hal_tim.o
 .text.TIM_OC4_SetConfig
                0x0000000008007e6c       0x6c ./Drivers/STM32L4xx_HAL_Driver/stm32l4xx_hal_tim.o
 .text.TIM_OC5_SetConfig
                0x0000000008007ed8       0x68 ./Drivers/STM32L4xx_HAL_Driver/stm32l4xx_hal_tim.o
 .text.TIM_OC6_SetConfig
                0x0000000008007f40       0x6c ./Drivers/STM32L4xx_HAL_Driver/stm32l4xx_hal_tim.o
 .text.HAL_TIM_Base_Start_IT
                0x0000000008007fac       0x8c ./Drivers/STM32L4xx_HAL_Driver/stm32l4xx_hal_tim.o
                0x0000000008007fac                HAL_TIM_Base_Start_IT
 .text.HAL_TIM_ReadCapturedValue
                0x0000000008008038       0x32 ./Drivers/STM32L4xx_HAL_Driver/stm32l4xx_hal_tim.o
                0x0000000008008038                HAL_TIM_ReadCapturedValue
 .text.HAL_TIM_IC_CaptureCallback
                0x000000000800806a        0x2 ./Drivers/STM32L4xx_HAL_Driver/stm32l4xx_hal_tim.o
                0x000000000800806a                HAL_TIM_IC_CaptureCallback
 .text.HAL_TIM_PWM_PulseFinishedCallback
                0x000000000800806c        0x2 ./Drivers/STM32L4xx_HAL_Driver/stm32l4xx_hal_tim.o
                0x000000000800806c                HAL_TIM_PWM_PulseFinishedCallback
 .text.HAL_TIM_TriggerCallback
                0x000000000800806e        0x2 ./Drivers/STM32L4xx_HAL_Driver/stm32l4xx_hal_tim.o
                0x000000000800806e                HAL_TIM_TriggerCallback
 .text.HAL_TIM_IRQHandler
                0x0000000008008070      0x19a ./Drivers/STM32L4xx_HAL_Driver/stm32l4xx_hal_tim.o
                0x0000000008008070                HAL_TIM_IRQHandler
 *fill*         0x000000000800820a        0x2 
 .text.TIM_Base_SetConfig
                0x000000000800820c       0xc8 ./Drivers/STM32L4xx_HAL_Driver/stm32l4xx_hal_tim.o
                0x000000000800820c                TIM_Base_SetConfig
 .text.HAL_TIM_Base_Init
                0x00000000080082d4       0x60 ./Drivers/STM32L4xx_HAL_Driver/stm32l4xx_hal_tim.o
                0x00000000080082d4                HAL_TIM_Base_Init
 .text.HAL_TIM_OC_Init
                0x0000000008008334       0x60 ./Drivers/STM32L4xx_HAL_Driver/stm32l4xx_hal_tim.o
                0x0000000008008334                HAL_TIM_OC_Init
 .text.TIM_OC2_SetConfig
                0x0000000008008394       0x8c ./Drivers/STM32L4xx_HAL_Driver/stm32l4xx_hal_tim.o
                0x0000000008008394                TIM_OC2_SetConfig
 .text.HAL_TIM_OC_ConfigChannel
                0x0000000008008420       0x6a ./Drivers/STM32L4xx_HAL_Driver/stm32l4xx_hal_tim.o
                0x0000000008008420                HAL_TIM_OC_ConfigChannel
 .text.TIM_CCxChannelCmd
                0x000000000800848a       0x1e ./Drivers/STM32L4xx_HAL_Driver/stm32l4xx_hal_tim.o
                0x000000000800848a                TIM_CCxChannelCmd
 .text.HAL_TIM_OC_Start_IT
                0x00000000080084a8      0x1a4 ./Drivers/STM32L4xx_HAL_Driver/stm32l4xx_hal_tim.o
                0x00000000080084a8                HAL_TIM_OC_Start_IT
 .text.HAL_TIM_OC_Stop_IT
                0x000000000800864c      0x100 ./Drivers/STM32L4xx_HAL_Driver/stm32l4xx_hal_tim.o
                0x000000000800864c                HAL_TIM_OC_Stop_IT
 .text.HAL_TIMEx_CommutCallback
                0x000000000800874c        0x2 ./Drivers/STM32L4xx_HAL_Driver/stm32l4xx_hal_tim_ex.o
                0x000000000800874c                HAL_TIMEx_CommutCallback
 .text.HAL_TIMEx_BreakCallback
                0x000000000800874e        0x2 ./Drivers/STM32L4xx_HAL_Driver/stm32l4xx_hal_tim_ex.o
                0x000000000800874e                HAL_TIMEx_BreakCallback
 .text.HAL_TIMEx_Break2Callback
                0x0000000008008750        0x2 ./Drivers/STM32L4xx_HAL_Driver/stm32l4xx_hal_tim_ex.o
                0x0000000008008750                HAL_TIMEx_Break2Callback
 .text.UART_EndRxTransfer
                0x0000000008008752       0x32 ./Drivers/STM32L4xx_HAL_Driver/stm32l4xx_hal_uart.o
 .text.HAL_UART_TxCpltCallback
                0x0000000008008784        0x2 ./Drivers/STM32L4xx_HAL_Driver/stm32l4xx_hal_uart.o
                0x0000000008008784                HAL_UART_TxCpltCallback
 .text.UART_EndTransmit_IT
                0x0000000008008786       0x1a ./Drivers/STM32L4xx_HAL_Driver/stm32l4xx_hal_uart.o
 .text.HAL_UART_ErrorCallback
                0x00000000080087a0        0x2 ./Drivers/STM32L4xx_HAL_Driver/stm32l4xx_hal_uart.o
                0x00000000080087a0                HAL_UART_ErrorCallback
 .text.UART_DMAAbortOnError
                0x00000000080087a2       0x14 ./Drivers/STM32L4xx_HAL_Driver/stm32l4xx_hal_uart.o
 .text.HAL_UARTEx_RxEventCallback
                0x00000000080087b6        0x2 ./Drivers/STM32L4xx_HAL_Driver/stm32l4xx_hal_uart.o
                0x00000000080087b6                HAL_UARTEx_RxEventCallback
 .text.HAL_UART_IRQHandler
                0x00000000080087b8      0x284 ./Drivers/STM32L4xx_HAL_Driver/stm32l4xx_hal_uart.o
                0x00000000080087b8                HAL_UART_IRQHandler
 .text.UART_SetConfig
                0x0000000008008a3c      0x328 ./Drivers/STM32L4xx_HAL_Driver/stm32l4xx_hal_uart.o
                0x0000000008008a3c                UART_SetConfig
 .text.UART_AdvFeatureConfig
                0x0000000008008d64       0xca ./Drivers/STM32L4xx_HAL_Driver/stm32l4xx_hal_uart.o
                0x0000000008008d64                UART_AdvFeatureConfig
 .text.UART_WaitOnFlagUntilTimeout
                0x0000000008008e2e       0xa8 ./Drivers/STM32L4xx_HAL_Driver/stm32l4xx_hal_uart.o
                0x0000000008008e2e                UART_WaitOnFlagUntilTimeout
 .text.HAL_UART_Transmit
                0x0000000008008ed6       0xd8 ./Drivers/STM32L4xx_HAL_Driver/stm32l4xx_hal_uart.o
                0x0000000008008ed6                HAL_UART_Transmit
 .text.UART_CheckIdleState
                0x0000000008008fae       0x70 ./Drivers/STM32L4xx_HAL_Driver/stm32l4xx_hal_uart.o
                0x0000000008008fae                UART_CheckIdleState
 .text.HAL_UART_Init
                0x000000000800901e       0x62 ./Drivers/STM32L4xx_HAL_Driver/stm32l4xx_hal_uart.o
                0x000000000800901e                HAL_UART_Init
 .text.HAL_UARTEx_WakeupCallback
                0x0000000008009080        0x2 ./Drivers/STM32L4xx_HAL_Driver/stm32l4xx_hal_uart_ex.o
                0x0000000008009080                HAL_UARTEx_WakeupCallback
 .text.aci_gap_init_IDB05A1
                0x0000000008009082       0x70 ./Middlewares/BlueNRG-MS/HCI/Controller/bluenrg_gap_aci.o
                0x0000000008009082                aci_gap_init_IDB05A1
 .text.aci_gap_set_discoverable
                0x00000000080090f2       0xc0 ./Middlewares/BlueNRG-MS/HCI/Controller/bluenrg_gap_aci.o
                0x00000000080090f2                aci_gap_set_discoverable
 .text.aci_gap_set_auth_requirement
                0x00000000080091b2       0x8e ./Middlewares/BlueNRG-MS/HCI/Controller/bluenrg_gap_aci.o
                0x00000000080091b2                aci_gap_set_auth_requirement
 .text.aci_gap_update_adv_data
                0x0000000008009240       0x60 ./Middlewares/BlueNRG-MS/HCI/Controller/bluenrg_gap_aci.o
                0x0000000008009240                aci_gap_update_adv_data
 .text.aci_gatt_init
                0x00000000080092a0       0x42 ./Middlewares/BlueNRG-MS/HCI/Controller/bluenrg_gatt_aci.o
                0x00000000080092a0                aci_gatt_init
 .text.aci_gatt_add_serv
                0x00000000080092e2       0x8a ./Middlewares/BlueNRG-MS/HCI/Controller/bluenrg_gatt_aci.o
                0x00000000080092e2                aci_gatt_add_serv
 .text.aci_gatt_add_char
                0x000000000800936c       0xcc ./Middlewares/BlueNRG-MS/HCI/Controller/bluenrg_gatt_aci.o
                0x000000000800936c                aci_gatt_add_char
 .text.aci_gatt_update_char_value
                0x0000000008009438       0x70 ./Middlewares/BlueNRG-MS/HCI/Controller/bluenrg_gatt_aci.o
                0x0000000008009438                aci_gatt_update_char_value
 .text.aci_gatt_allow_read
                0x00000000080094a8       0x4e ./Middlewares/BlueNRG-MS/HCI/Controller/bluenrg_gatt_aci.o
                0x00000000080094a8                aci_gatt_allow_read
 .text.aci_hal_write_config_data
                0x00000000080094f6       0x66 ./Middlewares/BlueNRG-MS/HCI/Controller/bluenrg_hal_aci.o
                0x00000000080094f6                aci_hal_write_config_data
 .text.aci_hal_read_config_data
                0x000000000800955c       0x78 ./Middlewares/BlueNRG-MS/HCI/Controller/bluenrg_hal_aci.o
                0x000000000800955c                aci_hal_read_config_data
 .text.aci_hal_set_tx_power_level
                0x00000000080095d4       0x50 ./Middlewares/BlueNRG-MS/HCI/Controller/bluenrg_hal_aci.o
                0x00000000080095d4                aci_hal_set_tx_power_level
 .text.getBlueNRGVersion
                0x0000000008009624       0x54 ./Middlewares/BlueNRG-MS/HCI/Controller/bluenrg_utils_small.o
                0x0000000008009624                getBlueNRGVersion
 .text.hci_reset
                0x0000000008009678       0x3e ./Middlewares/BlueNRG-MS/HCI/hci_le.o
                0x0000000008009678                hci_reset
 .text.hci_le_read_local_version
                0x00000000080096b6       0x74 ./Middlewares/BlueNRG-MS/HCI/hci_le.o
                0x00000000080096b6                hci_le_read_local_version
 .text.hci_le_set_scan_resp_data
                0x000000000800972a       0x6a ./Middlewares/BlueNRG-MS/HCI/hci_le.o
                0x000000000800972a                hci_le_set_scan_resp_data
 .text.verify_packet
                0x0000000008009794       0x1e ./Middlewares/BlueNRG-MS/HCI/hci_tl_patterns/Basic/hci_tl.o
 *fill*         0x00000000080097b2        0x2 
 .text.send_cmd
                0x00000000080097b4       0x48 ./Middlewares/BlueNRG-MS/HCI/hci_tl_patterns/Basic/hci_tl.o
 .text.free_event_list
                0x00000000080097fc       0x34 ./Middlewares/BlueNRG-MS/HCI/hci_tl_patterns/Basic/hci_tl.o
 .text.move_list
                0x0000000008009830       0x28 ./Middlewares/BlueNRG-MS/HCI/hci_tl_patterns/Basic/hci_tl.o
 .text.hci_init
                0x0000000008009858       0x54 ./Middlewares/BlueNRG-MS/HCI/hci_tl_patterns/Basic/hci_tl.o
                0x0000000008009858                hci_init
 .text.hci_register_io_bus
                0x00000000080098ac       0x1c ./Middlewares/BlueNRG-MS/HCI/hci_tl_patterns/Basic/hci_tl.o
                0x00000000080098ac                hci_register_io_bus
 .text.hci_send_req
                0x00000000080098c8      0x154 ./Middlewares/BlueNRG-MS/HCI/hci_tl_patterns/Basic/hci_tl.o
                0x00000000080098c8                hci_send_req
 .text.hci_user_evt_proc
                0x0000000008009a1c       0x44 ./Middlewares/BlueNRG-MS/HCI/hci_tl_patterns/Basic/hci_tl.o
                0x0000000008009a1c                hci_user_evt_proc
 .text.hci_notify_asynch_evt
                0x0000000008009a60       0x78 ./Middlewares/BlueNRG-MS/HCI/hci_tl_patterns/Basic/hci_tl.o
                0x0000000008009a60                hci_notify_asynch_evt
 .text.list_init_head
                0x0000000008009ad8        0x6 ./Middlewares/BlueNRG-MS/Utils/ble_list.o
                0x0000000008009ad8                list_init_head
 .text.list_is_empty
                0x0000000008009ade       0x18 ./Middlewares/BlueNRG-MS/Utils/ble_list.o
                0x0000000008009ade                list_is_empty
 .text.list_insert_head
                0x0000000008009af6       0x18 ./Middlewares/BlueNRG-MS/Utils/ble_list.o
                0x0000000008009af6                list_insert_head
 .text.list_insert_tail
                0x0000000008009b0e       0x18 ./Middlewares/BlueNRG-MS/Utils/ble_list.o
                0x0000000008009b0e                list_insert_tail
 .text.list_remove_node
                0x0000000008009b26       0x16 ./Middlewares/BlueNRG-MS/Utils/ble_list.o
                0x0000000008009b26                list_remove_node
 .text.list_remove_head
                0x0000000008009b3c       0x22 ./Middlewares/BlueNRG-MS/Utils/ble_list.o
                0x0000000008009b3c                list_remove_head
 .text.list_remove_tail
                0x0000000008009b5e       0x22 ./Middlewares/BlueNRG-MS/Utils/ble_list.o
                0x0000000008009b5e                list_remove_tail
 .text.list_get_size
                0x0000000008009b80       0x1c ./Middlewares/BlueNRG-MS/Utils/ble_list.o
                0x0000000008009b80                list_get_size
 .text.__errno  0x0000000008009b9c        0xc /Applications/STM32CubeIDE.app/Contents/Eclipse/plugins/com.st.stm32cube.ide.mcu.externaltools.gnu-tools-for-stm32.10.3-2021.10.macos64_1.0.0.202111181127/tools/bin/../lib/gcc/arm-none-eabi/10.3.1/../../../../arm-none-eabi/lib/thumb/v7e-m+fp/softfp/libc_nano.a(lib_a-errno.o)
                0x0000000008009b9c                __errno
 .text.__libc_init_array
                0x0000000008009ba8       0x48 /Applications/STM32CubeIDE.app/Contents/Eclipse/plugins/com.st.stm32cube.ide.mcu.externaltools.gnu-tools-for-stm32.10.3-2021.10.macos64_1.0.0.202111181127/tools/bin/../lib/gcc/arm-none-eabi/10.3.1/../../../../arm-none-eabi/lib/thumb/v7e-m+fp/softfp/libc_nano.a(lib_a-init.o)
                0x0000000008009ba8                __libc_init_array
 .text.memcpy   0x0000000008009bf0       0x1c /Applications/STM32CubeIDE.app/Contents/Eclipse/plugins/com.st.stm32cube.ide.mcu.externaltools.gnu-tools-for-stm32.10.3-2021.10.macos64_1.0.0.202111181127/tools/bin/../lib/gcc/arm-none-eabi/10.3.1/../../../../arm-none-eabi/lib/thumb/v7e-m+fp/softfp/libc_nano.a(lib_a-memcpy-stub.o)
                0x0000000008009bf0                memcpy
 .text.memset   0x0000000008009c0c       0x10 /Applications/STM32CubeIDE.app/Contents/Eclipse/plugins/com.st.stm32cube.ide.mcu.externaltools.gnu-tools-for-stm32.10.3-2021.10.macos64_1.0.0.202111181127/tools/bin/../lib/gcc/arm-none-eabi/10.3.1/../../../../arm-none-eabi/lib/thumb/v7e-m+fp/softfp/libc_nano.a(lib_a-memset.o)
                0x0000000008009c0c                memset
 .text.sprintf  0x0000000008009c1c       0x40 /Applications/STM32CubeIDE.app/Contents/Eclipse/plugins/com.st.stm32cube.ide.mcu.externaltools.gnu-tools-for-stm32.10.3-2021.10.macos64_1.0.0.202111181127/tools/bin/../lib/gcc/arm-none-eabi/10.3.1/../../../../arm-none-eabi/lib/thumb/v7e-m+fp/softfp/libc_nano.a(lib_a-sprintf.o)
                0x0000000008009c1c                sprintf
                0x0000000008009c1c                siprintf
 .text.__ssputs_r
                0x0000000008009c5c       0xb6 /Applications/STM32CubeIDE.app/Contents/Eclipse/plugins/com.st.stm32cube.ide.mcu.externaltools.gnu-tools-for-stm32.10.3-2021.10.macos64_1.0.0.202111181127/tools/bin/../lib/gcc/arm-none-eabi/10.3.1/../../../../arm-none-eabi/lib/thumb/v7e-m+fp/softfp/libc_nano.a(lib_a-nano-svfprintf.o)
                0x0000000008009c5c                __ssputs_r
 *fill*         0x0000000008009d12        0x2 
 .text._svfprintf_r
                0x0000000008009d14      0x200 /Applications/STM32CubeIDE.app/Contents/Eclipse/plugins/com.st.stm32cube.ide.mcu.externaltools.gnu-tools-for-stm32.10.3-2021.10.macos64_1.0.0.202111181127/tools/bin/../lib/gcc/arm-none-eabi/10.3.1/../../../../arm-none-eabi/lib/thumb/v7e-m+fp/softfp/libc_nano.a(lib_a-nano-svfprintf.o)
                0x0000000008009d14                _svfprintf_r
                0x0000000008009d14                _svfiprintf_r
 .text._printf_common
                0x0000000008009f14       0xda /Applications/STM32CubeIDE.app/Contents/Eclipse/plugins/com.st.stm32cube.ide.mcu.externaltools.gnu-tools-for-stm32.10.3-2021.10.macos64_1.0.0.202111181127/tools/bin/../lib/gcc/arm-none-eabi/10.3.1/../../../../arm-none-eabi/lib/thumb/v7e-m+fp/softfp/libc_nano.a(lib_a-nano-vfprintf_i.o)
                0x0000000008009f14                _printf_common
 *fill*         0x0000000008009fee        0x2 
 .text._printf_i
                0x0000000008009ff0      0x24c /Applications/STM32CubeIDE.app/Contents/Eclipse/plugins/com.st.stm32cube.ide.mcu.externaltools.gnu-tools-for-stm32.10.3-2021.10.macos64_1.0.0.202111181127/tools/bin/../lib/gcc/arm-none-eabi/10.3.1/../../../../arm-none-eabi/lib/thumb/v7e-m+fp/softfp/libc_nano.a(lib_a-nano-vfprintf_i.o)
                0x0000000008009ff0                _printf_i
 .text.memmove  0x000000000800a23c       0x34 /Applications/STM32CubeIDE.app/Contents/Eclipse/plugins/com.st.stm32cube.ide.mcu.externaltools.gnu-tools-for-stm32.10.3-2021.10.macos64_1.0.0.202111181127/tools/bin/../lib/gcc/arm-none-eabi/10.3.1/../../../../arm-none-eabi/lib/thumb/v7e-m+fp/softfp/libc_nano.a(lib_a-memmove.o)
                0x000000000800a23c                memmove
 .text._free_r  0x000000000800a270       0x98 /Applications/STM32CubeIDE.app/Contents/Eclipse/plugins/com.st.stm32cube.ide.mcu.externaltools.gnu-tools-for-stm32.10.3-2021.10.macos64_1.0.0.202111181127/tools/bin/../lib/gcc/arm-none-eabi/10.3.1/../../../../arm-none-eabi/lib/thumb/v7e-m+fp/softfp/libc_nano.a(lib_a-nano-freer.o)
                0x000000000800a270                _free_r
 .text.sbrk_aligned
                0x000000000800a308       0x40 /Applications/STM32CubeIDE.app/Contents/Eclipse/plugins/com.st.stm32cube.ide.mcu.externaltools.gnu-tools-for-stm32.10.3-2021.10.macos64_1.0.0.202111181127/tools/bin/../lib/gcc/arm-none-eabi/10.3.1/../../../../arm-none-eabi/lib/thumb/v7e-m+fp/softfp/libc_nano.a(lib_a-nano-mallocr.o)
 .text._malloc_r
                0x000000000800a348       0xe8 /Applications/STM32CubeIDE.app/Contents/Eclipse/plugins/com.st.stm32cube.ide.mcu.externaltools.gnu-tools-for-stm32.10.3-2021.10.macos64_1.0.0.202111181127/tools/bin/../lib/gcc/arm-none-eabi/10.3.1/../../../../arm-none-eabi/lib/thumb/v7e-m+fp/softfp/libc_nano.a(lib_a-nano-mallocr.o)
                0x000000000800a348                _malloc_r
 .text._realloc_r
                0x000000000800a430       0x5e /Applications/STM32CubeIDE.app/Contents/Eclipse/plugins/com.st.stm32cube.ide.mcu.externaltools.gnu-tools-for-stm32.10.3-2021.10.macos64_1.0.0.202111181127/tools/bin/../lib/gcc/arm-none-eabi/10.3.1/../../../../arm-none-eabi/lib/thumb/v7e-m+fp/softfp/libc_nano.a(lib_a-nano-reallocr.o)
                0x000000000800a430                _realloc_r
 *fill*         0x000000000800a48e        0x2 
 .text._sbrk_r  0x000000000800a490       0x20 /Applications/STM32CubeIDE.app/Contents/Eclipse/plugins/com.st.stm32cube.ide.mcu.externaltools.gnu-tools-for-stm32.10.3-2021.10.macos64_1.0.0.202111181127/tools/bin/../lib/gcc/arm-none-eabi/10.3.1/../../../../arm-none-eabi/lib/thumb/v7e-m+fp/softfp/libc_nano.a(lib_a-sbrkr.o)
                0x000000000800a490                _sbrk_r
 .text.__malloc_lock
                0x000000000800a4b0        0xc /Applications/STM32CubeIDE.app/Contents/Eclipse/plugins/com.st.stm32cube.ide.mcu.externaltools.gnu-tools-for-stm32.10.3-2021.10.macos64_1.0.0.202111181127/tools/bin/../lib/gcc/arm-none-eabi/10.3.1/../../../../arm-none-eabi/lib/thumb/v7e-m+fp/softfp/libc_nano.a(lib_a-mlock.o)
                0x000000000800a4b0                __malloc_lock
 .text.__malloc_unlock
                0x000000000800a4bc        0xc /Applications/STM32CubeIDE.app/Contents/Eclipse/plugins/com.st.stm32cube.ide.mcu.externaltools.gnu-tools-for-stm32.10.3-2021.10.macos64_1.0.0.202111181127/tools/bin/../lib/gcc/arm-none-eabi/10.3.1/../../../../arm-none-eabi/lib/thumb/v7e-m+fp/softfp/libc_nano.a(lib_a-mlock.o)
                0x000000000800a4bc                __malloc_unlock
 .text._malloc_usable_size_r
                0x000000000800a4c8       0x10 /Applications/STM32CubeIDE.app/Contents/Eclipse/plugins/com.st.stm32cube.ide.mcu.externaltools.gnu-tools-for-stm32.10.3-2021.10.macos64_1.0.0.202111181127/tools/bin/../lib/gcc/arm-none-eabi/10.3.1/../../../../arm-none-eabi/lib/thumb/v7e-m+fp/softfp/libc_nano.a(lib_a-nano-msizer.o)
                0x000000000800a4c8                _malloc_usable_size_r
 .text.__retarget_lock_acquire_recursive
                0x000000000800a4d8        0x2 /Applications/STM32CubeIDE.app/Contents/Eclipse/plugins/com.st.stm32cube.ide.mcu.externaltools.gnu-tools-for-stm32.10.3-2021.10.macos64_1.0.0.202111181127/tools/bin/../lib/gcc/arm-none-eabi/10.3.1/../../../../arm-none-eabi/lib/thumb/v7e-m+fp/softfp/libc_nano.a(lib_a-lock.o)
                0x000000000800a4d8                __retarget_lock_acquire_recursive
 .text.__retarget_lock_release_recursive
                0x000000000800a4da        0x2 /Applications/STM32CubeIDE.app/Contents/Eclipse/plugins/com.st.stm32cube.ide.mcu.externaltools.gnu-tools-for-stm32.10.3-2021.10.macos64_1.0.0.202111181127/tools/bin/../lib/gcc/arm-none-eabi/10.3.1/../../../../arm-none-eabi/lib/thumb/v7e-m+fp/softfp/libc_nano.a(lib_a-lock.o)
                0x000000000800a4da                __retarget_lock_release_recursive
 *(.glue_7)
 .glue_7        0x000000000800a4dc        0x0 linker stubs
 *(.glue_7t)
 .glue_7t       0x000000000800a4dc        0x0 linker stubs
 *(.eh_frame)
 .eh_frame      0x000000000800a4dc        0x0 /Applications/STM32CubeIDE.app/Contents/Eclipse/plugins/com.st.stm32cube.ide.mcu.externaltools.gnu-tools-for-stm32.10.3-2021.10.macos64_1.0.0.202111181127/tools/bin/../lib/gcc/arm-none-eabi/10.3.1/thumb/v7e-m+fp/softfp/crtbegin.o
 *(.init)
 .init          0x000000000800a4dc        0x4 /Applications/STM32CubeIDE.app/Contents/Eclipse/plugins/com.st.stm32cube.ide.mcu.externaltools.gnu-tools-for-stm32.10.3-2021.10.macos64_1.0.0.202111181127/tools/bin/../lib/gcc/arm-none-eabi/10.3.1/thumb/v7e-m+fp/softfp/crti.o
                0x000000000800a4dc                _init
 .init          0x000000000800a4e0        0x8 /Applications/STM32CubeIDE.app/Contents/Eclipse/plugins/com.st.stm32cube.ide.mcu.externaltools.gnu-tools-for-stm32.10.3-2021.10.macos64_1.0.0.202111181127/tools/bin/../lib/gcc/arm-none-eabi/10.3.1/thumb/v7e-m+fp/softfp/crtn.o
 *(.fini)
 .fini          0x000000000800a4e8        0x4 /Applications/STM32CubeIDE.app/Contents/Eclipse/plugins/com.st.stm32cube.ide.mcu.externaltools.gnu-tools-for-stm32.10.3-2021.10.macos64_1.0.0.202111181127/tools/bin/../lib/gcc/arm-none-eabi/10.3.1/thumb/v7e-m+fp/softfp/crti.o
                0x000000000800a4e8                _fini
 .fini          0x000000000800a4ec        0x8 /Applications/STM32CubeIDE.app/Contents/Eclipse/plugins/com.st.stm32cube.ide.mcu.externaltools.gnu-tools-for-stm32.10.3-2021.10.macos64_1.0.0.202111181127/tools/bin/../lib/gcc/arm-none-eabi/10.3.1/thumb/v7e-m+fp/softfp/crtn.o
                0x000000000800a4f8                . = ALIGN (0x8)
 *fill*         0x000000000800a4f4        0x4 
                0x000000000800a4f8                _etext = .

.vfp11_veneer   0x000000000800a4f8        0x0
 .vfp11_veneer  0x000000000800a4f8        0x0 linker stubs

.v4_bx          0x000000000800a4f8        0x0
 .v4_bx         0x000000000800a4f8        0x0 linker stubs

.iplt           0x000000000800a4f8        0x0
 .iplt          0x000000000800a4f8        0x0 /Applications/STM32CubeIDE.app/Contents/Eclipse/plugins/com.st.stm32cube.ide.mcu.externaltools.gnu-tools-for-stm32.10.3-2021.10.macos64_1.0.0.202111181127/tools/bin/../lib/gcc/arm-none-eabi/10.3.1/thumb/v7e-m+fp/softfp/crtbegin.o

.rodata         0x000000000800a4f8      0x318
                0x000000000800a4f8                . = ALIGN (0x8)
 *(.rodata)
 .rodata        0x000000000800a4f8        0xd ./Application/User/hci_tl_interface.o
 *fill*         0x000000000800a505        0x3 
 .rodata        0x000000000800a508        0xa ./Application/User/main.o
 *fill*         0x000000000800a512        0x2 
 .rodata        0x000000000800a514        0x8 ./Drivers/BSP/SensorTile/SensorTile.o
                0x000000000800a514                GPIO_PIN
 .rodata        0x000000000800a51c       0x48 ./Drivers/CMSIS/system_stm32l4xx.o
                0x000000000800a51c                MSIRangeTable
                0x000000000800a54c                AHBPrescTable
                0x000000000800a55c                APBPrescTable
 *(.rodata*)
 .rodata.str1.4
                0x000000000800a564       0xad ./Application/User/sensor_service.o
 *fill*         0x000000000800a611        0x3 
 .rodata.str1.4
                0x000000000800a614       0x18 ./Application/User/hci_tl_interface.o
 .rodata.str1.4
                0x000000000800a62c      0x1aa ./Application/User/main.o
 .rodata._svfprintf_r.str1.1
                0x000000000800a7d6       0x11 /Applications/STM32CubeIDE.app/Contents/Eclipse/plugins/com.st.stm32cube.ide.mcu.externaltools.gnu-tools-for-stm32.10.3-2021.10.macos64_1.0.0.202111181127/tools/bin/../lib/gcc/arm-none-eabi/10.3.1/../../../../arm-none-eabi/lib/thumb/v7e-m+fp/softfp/libc_nano.a(lib_a-nano-svfprintf.o)
 .rodata._printf_i.str1.1
                0x000000000800a7e7       0x22 /Applications/STM32CubeIDE.app/Contents/Eclipse/plugins/com.st.stm32cube.ide.mcu.externaltools.gnu-tools-for-stm32.10.3-2021.10.macos64_1.0.0.202111181127/tools/bin/../lib/gcc/arm-none-eabi/10.3.1/../../../../arm-none-eabi/lib/thumb/v7e-m+fp/softfp/libc_nano.a(lib_a-nano-vfprintf_i.o)
                0x000000000800a810                . = ALIGN (0x8)
 *fill*         0x000000000800a809        0x7 

.ARM.extab
 *(.ARM.extab* .gnu.linkonce.armextab.*)

.ARM            0x000000000800a810        0x8
                0x000000000800a810                __exidx_start = .
 *(.ARM.exidx*)
 .ARM.exidx     0x000000000800a810        0x8 /Applications/STM32CubeIDE.app/Contents/Eclipse/plugins/com.st.stm32cube.ide.mcu.externaltools.gnu-tools-for-stm32.10.3-2021.10.macos64_1.0.0.202111181127/tools/bin/../lib/gcc/arm-none-eabi/10.3.1/thumb/v7e-m+fp/softfp/libgcc.a(_udivmoddi4.o)
                0x000000000800a818                __exidx_end = .

.rel.dyn        0x000000000800a818        0x0
 .rel.iplt      0x000000000800a818        0x0 /Applications/STM32CubeIDE.app/Contents/Eclipse/plugins/com.st.stm32cube.ide.mcu.externaltools.gnu-tools-for-stm32.10.3-2021.10.macos64_1.0.0.202111181127/tools/bin/../lib/gcc/arm-none-eabi/10.3.1/thumb/v7e-m+fp/softfp/crtbegin.o

.preinit_array  0x000000000800a818        0x0
                0x000000000800a818                PROVIDE (__preinit_array_start = .)
 *(.preinit_array*)
                0x000000000800a818                PROVIDE (__preinit_array_end = .)

.init_array     0x000000000800a818        0x4
                0x000000000800a818                PROVIDE (__init_array_start = .)
 *(SORT_BY_NAME(.init_array.*))
 *(.init_array*)
 .init_array    0x000000000800a818        0x4 /Applications/STM32CubeIDE.app/Contents/Eclipse/plugins/com.st.stm32cube.ide.mcu.externaltools.gnu-tools-for-stm32.10.3-2021.10.macos64_1.0.0.202111181127/tools/bin/../lib/gcc/arm-none-eabi/10.3.1/thumb/v7e-m+fp/softfp/crtbegin.o
                0x000000000800a81c                PROVIDE (__init_array_end = .)

.fini_array     0x000000000800a81c        0x4
                [!provide]                        PROVIDE (__fini_array_start = .)
 *(SORT_BY_NAME(.fini_array.*))
 *(.fini_array*)
 .fini_array    0x000000000800a81c        0x4 /Applications/STM32CubeIDE.app/Contents/Eclipse/plugins/com.st.stm32cube.ide.mcu.externaltools.gnu-tools-for-stm32.10.3-2021.10.macos64_1.0.0.202111181127/tools/bin/../lib/gcc/arm-none-eabi/10.3.1/thumb/v7e-m+fp/softfp/crtbegin.o
                [!provide]                        PROVIDE (__fini_array_end = .)
                0x000000000800a820                _sidata = LOADADDR (.data)

.data           0x0000000020000000       0x80 load address 0x000000000800a820
                0x0000000020000000                . = ALIGN (0x8)
                0x0000000020000000                _sdata = .
 *(.data)
 .data          0x0000000020000000        0x1 ./Application/User/sensor_service.o
                0x0000000020000000                set_connectable
 *fill*         0x0000000020000001        0x3 
 .data          0x0000000020000004        0x4 ./Application/User/main.o
                0x0000000020000004                uhCCR4_Val
 .data          0x0000000020000008        0x8 ./Drivers/BSP/SensorTile/SensorTile.o
                0x0000000020000008                GPIO_PORT
 .data          0x0000000020000010        0x4 ./Drivers/CMSIS/system_stm32l4xx.o
                0x0000000020000010                SystemCoreClock
 .data          0x0000000020000014        0x8 ./Drivers/STM32L4xx_HAL_Driver/stm32l4xx_hal.o
                0x0000000020000014                uwTickFreq
                0x0000000020000018                uwTickPrio
 *(.data*)
 .data._impure_ptr
                0x000000002000001c        0x4 /Applications/STM32CubeIDE.app/Contents/Eclipse/plugins/com.st.stm32cube.ide.mcu.externaltools.gnu-tools-for-stm32.10.3-2021.10.macos64_1.0.0.202111181127/tools/bin/../lib/gcc/arm-none-eabi/10.3.1/../../../../arm-none-eabi/lib/thumb/v7e-m+fp/softfp/libc_nano.a(lib_a-impure.o)
                0x000000002000001c                _impure_ptr
 .data.impure_data
                0x0000000020000020       0x60 /Applications/STM32CubeIDE.app/Contents/Eclipse/plugins/com.st.stm32cube.ide.mcu.externaltools.gnu-tools-for-stm32.10.3-2021.10.macos64_1.0.0.202111181127/tools/bin/../lib/gcc/arm-none-eabi/10.3.1/../../../../arm-none-eabi/lib/thumb/v7e-m+fp/softfp/libc_nano.a(lib_a-impure.o)
                0x0000000020000080                . = ALIGN (0x8)
                0x0000000020000080                _edata = .

.igot.plt       0x0000000020000080        0x0 load address 0x000000000800a8a0
 .igot.plt      0x0000000020000080        0x0 /Applications/STM32CubeIDE.app/Contents/Eclipse/plugins/com.st.stm32cube.ide.mcu.externaltools.gnu-tools-for-stm32.10.3-2021.10.macos64_1.0.0.202111181127/tools/bin/../lib/gcc/arm-none-eabi/10.3.1/thumb/v7e-m+fp/softfp/crtbegin.o
                0x0000000020000080                . = ALIGN (0x4)

.bss            0x0000000020000080      0x79c load address 0x000000000800a8a0
                0x0000000020000080                _sbss = .
                0x0000000020000080                __bss_start__ = _sbss
 *(.bss)
 .bss           0x0000000020000080       0x1c /Applications/STM32CubeIDE.app/Contents/Eclipse/plugins/com.st.stm32cube.ide.mcu.externaltools.gnu-tools-for-stm32.10.3-2021.10.macos64_1.0.0.202111181127/tools/bin/../lib/gcc/arm-none-eabi/10.3.1/thumb/v7e-m+fp/softfp/crtbegin.o
 .bss           0x000000002000009c       0x14 ./Application/User/sensor_service.o
                0x000000002000009c                connected
                0x00000000200000ac                FeatureMask
 .bss           0x00000000200000b0       0xff ./Application/User/hci_tl_interface.o
 *fill*         0x00000000200001af        0x1 
 .bss           0x00000000200001b0      0x2a0 ./Application/User/main.o
                0x00000000200001b0                MAG_Value
                0x00000000200001bc                ACC_Value
                0x00000000200001c8                COMP_Value
                0x00000000200001d4                UartHandle
                0x0000000020000258                bdaddr
                0x0000000020000260                TimCCHandle
                0x00000000200002b0                TimEnvHandle
                0x0000000020000300                NodeName
                0x0000000020000308                HCI_ProcessEvent
                0x0000000020000314                AccCalibrationData
                0x0000000020000330                MagCalibrationData
                0x0000000020000344                BytesToWrite
                0x0000000020000348                BufferToWrite
                0x0000000020000448                FirstConnectionConfig
                0x000000002000044c                ConnectionBleStatus
 .bss           0x0000000020000450        0x4 ./Application/User/sysmem.o
 .bss           0x0000000020000454       0xc8 ./Drivers/BSP/SensorTile/SensorTile_bus.o
                0x0000000020000454                hbusspi2
                0x00000000200004b8                hbusspi1
 .bss           0x000000002000051c        0x4 ./Drivers/STM32L4xx_HAL_Driver/stm32l4xx_hal.o
                0x000000002000051c                uwTick
 .bss           0x0000000020000520      0x2ec ./Middlewares/BlueNRG-MS/HCI/hci_tl_patterns/Basic/hci_tl.o
                0x0000000020000540                hciReadPktRxQueue
                0x0000000020000548                hciReadPktPool
 *(.bss*)
 .bss.__malloc_free_list
                0x000000002000080c        0x4 /Applications/STM32CubeIDE.app/Contents/Eclipse/plugins/com.st.stm32cube.ide.mcu.externaltools.gnu-tools-for-stm32.10.3-2021.10.macos64_1.0.0.202111181127/tools/bin/../lib/gcc/arm-none-eabi/10.3.1/../../../../arm-none-eabi/lib/thumb/v7e-m+fp/softfp/libc_nano.a(lib_a-nano-mallocr.o)
                0x000000002000080c                __malloc_free_list
 .bss.__malloc_sbrk_start
                0x0000000020000810        0x4 /Applications/STM32CubeIDE.app/Contents/Eclipse/plugins/com.st.stm32cube.ide.mcu.externaltools.gnu-tools-for-stm32.10.3-2021.10.macos64_1.0.0.202111181127/tools/bin/../lib/gcc/arm-none-eabi/10.3.1/../../../../arm-none-eabi/lib/thumb/v7e-m+fp/softfp/libc_nano.a(lib_a-nano-mallocr.o)
                0x0000000020000810                __malloc_sbrk_start
 .bss.errno     0x0000000020000814        0x4 /Applications/STM32CubeIDE.app/Contents/Eclipse/plugins/com.st.stm32cube.ide.mcu.externaltools.gnu-tools-for-stm32.10.3-2021.10.macos64_1.0.0.202111181127/tools/bin/../lib/gcc/arm-none-eabi/10.3.1/../../../../arm-none-eabi/lib/thumb/v7e-m+fp/softfp/libc_nano.a(lib_a-reent.o)
                0x0000000020000814                errno
 .bss.__lock___malloc_recursive_mutex
                0x0000000020000818        0x1 /Applications/STM32CubeIDE.app/Contents/Eclipse/plugins/com.st.stm32cube.ide.mcu.externaltools.gnu-tools-for-stm32.10.3-2021.10.macos64_1.0.0.202111181127/tools/bin/../lib/gcc/arm-none-eabi/10.3.1/../../../../arm-none-eabi/lib/thumb/v7e-m+fp/softfp/libc_nano.a(lib_a-lock.o)
                0x0000000020000818                __lock___malloc_recursive_mutex
 *(COMMON)
                0x000000002000081c                . = ALIGN (0x4)
 *fill*         0x0000000020000819        0x3 
                0x000000002000081c                _ebss = .
                0x000000002000081c                __bss_end__ = _ebss

.noinit         0x0000000010000000        0x0
                0x0000000010000000                . = ALIGN (0x4)
 *(.noinit)
                0x0000000010000000                . = ALIGN (0x4)

.bss2           0x0000000020000080        0x0 load address 0x0000000010000000
                0x0000000020000080                . = ALIGN (0x4)
                0x0000000020000080                _sbss2 = .
 *(.bss2)
                0x0000000020000080                _ebss2 = .

._user_heap_stack
                0x000000002000081c     0x3000
                0x000000002000081c                . = ALIGN (0x4)
                [!provide]                        PROVIDE (end = .)
                0x000000002000081c                PROVIDE (_end = .)
                0x000000002000181c                . = (. + _Min_Heap_Size)
 *fill*         0x000000002000081c     0x1000 
                0x000000002000381c                . = (. + _Min_Stack_Size)
 *fill*         0x000000002000181c     0x2000 
                0x000000002000381c                . = ALIGN (0x4)

/DISCARD/
 libc.a(*)
 libm.a(*)
 libgcc.a(*)

.ARM.attributes
                0x0000000000000000       0x2e
 *(.ARM.attributes)
 .ARM.attributes
                0x0000000000000000       0x1e /Applications/STM32CubeIDE.app/Contents/Eclipse/plugins/com.st.stm32cube.ide.mcu.externaltools.gnu-tools-for-stm32.10.3-2021.10.macos64_1.0.0.202111181127/tools/bin/../lib/gcc/arm-none-eabi/10.3.1/thumb/v7e-m+fp/softfp/crti.o
 .ARM.attributes
                0x000000000000001e       0x32 /Applications/STM32CubeIDE.app/Contents/Eclipse/plugins/com.st.stm32cube.ide.mcu.externaltools.gnu-tools-for-stm32.10.3-2021.10.macos64_1.0.0.202111181127/tools/bin/../lib/gcc/arm-none-eabi/10.3.1/thumb/v7e-m+fp/softfp/crtbegin.o
 .ARM.attributes
                0x0000000000000050       0x21 ./Application/Startup/startup_stm32l476xx.o
 .ARM.attributes
                0x0000000000000071       0x32 ./Application/User/sensor_service.o
 .ARM.attributes
                0x00000000000000a3       0x32 ./Application/User/hci_tl_interface.o
 .ARM.attributes
                0x00000000000000d5       0x32 ./Application/User/main.o
 .ARM.attributes
                0x0000000000000107       0x32 ./Application/User/stm32l4xx_hal_msp.o
 .ARM.attributes
                0x0000000000000139       0x32 ./Application/User/stm32l4xx_it.o
 .ARM.attributes
                0x000000000000016b       0x32 ./Application/User/sysmem.o
 .ARM.attributes
                0x000000000000019d       0x32 ./Drivers/BSP/SensorTile/SensorTile.o
 .ARM.attributes
                0x00000000000001cf       0x32 ./Drivers/BSP/SensorTile/SensorTile_bus.o
 .ARM.attributes
                0x0000000000000201       0x32 ./Drivers/CMSIS/system_stm32l4xx.o
 .ARM.attributes
                0x0000000000000233       0x32 ./Drivers/STM32L4xx_HAL_Driver/stm32l4xx_hal.o
 .ARM.attributes
                0x0000000000000265       0x32 ./Drivers/STM32L4xx_HAL_Driver/stm32l4xx_hal_cortex.o
 .ARM.attributes
                0x0000000000000297       0x32 ./Drivers/STM32L4xx_HAL_Driver/stm32l4xx_hal_dma.o
 .ARM.attributes
                0x00000000000002c9       0x32 ./Drivers/STM32L4xx_HAL_Driver/stm32l4xx_hal_gpio.o
 .ARM.attributes
                0x00000000000002fb       0x32 ./Drivers/STM32L4xx_HAL_Driver/stm32l4xx_hal_pwr.o
 .ARM.attributes
                0x000000000000032d       0x32 ./Drivers/STM32L4xx_HAL_Driver/stm32l4xx_hal_pwr_ex.o
 .ARM.attributes
                0x000000000000035f       0x32 ./Drivers/STM32L4xx_HAL_Driver/stm32l4xx_hal_rcc.o
 .ARM.attributes
                0x0000000000000391       0x32 ./Drivers/STM32L4xx_HAL_Driver/stm32l4xx_hal_rcc_ex.o
 .ARM.attributes
                0x00000000000003c3       0x32 ./Drivers/STM32L4xx_HAL_Driver/stm32l4xx_hal_spi.o
 .ARM.attributes
                0x00000000000003f5       0x32 ./Drivers/STM32L4xx_HAL_Driver/stm32l4xx_hal_tim.o
 .ARM.attributes
                0x0000000000000427       0x32 ./Drivers/STM32L4xx_HAL_Driver/stm32l4xx_hal_tim_ex.o
 .ARM.attributes
                0x0000000000000459       0x32 ./Drivers/STM32L4xx_HAL_Driver/stm32l4xx_hal_uart.o
 .ARM.attributes
                0x000000000000048b       0x32 ./Drivers/STM32L4xx_HAL_Driver/stm32l4xx_hal_uart_ex.o
 .ARM.attributes
                0x00000000000004bd       0x32 ./Middlewares/BlueNRG-MS/HCI/Controller/bluenrg_gap_aci.o
 .ARM.attributes
                0x00000000000004ef       0x32 ./Middlewares/BlueNRG-MS/HCI/Controller/bluenrg_gatt_aci.o
 .ARM.attributes
                0x0000000000000521       0x32 ./Middlewares/BlueNRG-MS/HCI/Controller/bluenrg_hal_aci.o
 .ARM.attributes
                0x0000000000000553       0x32 ./Middlewares/BlueNRG-MS/HCI/Controller/bluenrg_utils_small.o
 .ARM.attributes
                0x0000000000000585       0x32 ./Middlewares/BlueNRG-MS/HCI/hci_le.o
 .ARM.attributes
                0x00000000000005b7       0x32 ./Middlewares/BlueNRG-MS/HCI/hci_tl_patterns/Basic/hci_tl.o
 .ARM.attributes
                0x00000000000005e9       0x32 ./Middlewares/BlueNRG-MS/Utils/ble_list.o
 .ARM.attributes
                0x000000000000061b       0x32 /Applications/STM32CubeIDE.app/Contents/Eclipse/plugins/com.st.stm32cube.ide.mcu.externaltools.gnu-tools-for-stm32.10.3-2021.10.macos64_1.0.0.202111181127/tools/bin/../lib/gcc/arm-none-eabi/10.3.1/../../../../arm-none-eabi/lib/thumb/v7e-m+fp/softfp/libc_nano.a(lib_a-errno.o)
 .ARM.attributes
                0x000000000000064d       0x32 /Applications/STM32CubeIDE.app/Contents/Eclipse/plugins/com.st.stm32cube.ide.mcu.externaltools.gnu-tools-for-stm32.10.3-2021.10.macos64_1.0.0.202111181127/tools/bin/../lib/gcc/arm-none-eabi/10.3.1/../../../../arm-none-eabi/lib/thumb/v7e-m+fp/softfp/libc_nano.a(lib_a-impure.o)
 .ARM.attributes
                0x000000000000067f       0x32 /Applications/STM32CubeIDE.app/Contents/Eclipse/plugins/com.st.stm32cube.ide.mcu.externaltools.gnu-tools-for-stm32.10.3-2021.10.macos64_1.0.0.202111181127/tools/bin/../lib/gcc/arm-none-eabi/10.3.1/../../../../arm-none-eabi/lib/thumb/v7e-m+fp/softfp/libc_nano.a(lib_a-init.o)
 .ARM.attributes
                0x00000000000006b1       0x32 /Applications/STM32CubeIDE.app/Contents/Eclipse/plugins/com.st.stm32cube.ide.mcu.externaltools.gnu-tools-for-stm32.10.3-2021.10.macos64_1.0.0.202111181127/tools/bin/../lib/gcc/arm-none-eabi/10.3.1/../../../../arm-none-eabi/lib/thumb/v7e-m+fp/softfp/libc_nano.a(lib_a-memcpy-stub.o)
 .ARM.attributes
                0x00000000000006e3       0x32 /Applications/STM32CubeIDE.app/Contents/Eclipse/plugins/com.st.stm32cube.ide.mcu.externaltools.gnu-tools-for-stm32.10.3-2021.10.macos64_1.0.0.202111181127/tools/bin/../lib/gcc/arm-none-eabi/10.3.1/../../../../arm-none-eabi/lib/thumb/v7e-m+fp/softfp/libc_nano.a(lib_a-memset.o)
 .ARM.attributes
                0x0000000000000715       0x32 /Applications/STM32CubeIDE.app/Contents/Eclipse/plugins/com.st.stm32cube.ide.mcu.externaltools.gnu-tools-for-stm32.10.3-2021.10.macos64_1.0.0.202111181127/tools/bin/../lib/gcc/arm-none-eabi/10.3.1/../../../../arm-none-eabi/lib/thumb/v7e-m+fp/softfp/libc_nano.a(lib_a-sprintf.o)
 .ARM.attributes
                0x0000000000000747       0x32 /Applications/STM32CubeIDE.app/Contents/Eclipse/plugins/com.st.stm32cube.ide.mcu.externaltools.gnu-tools-for-stm32.10.3-2021.10.macos64_1.0.0.202111181127/tools/bin/../lib/gcc/arm-none-eabi/10.3.1/../../../../arm-none-eabi/lib/thumb/v7e-m+fp/softfp/libc_nano.a(lib_a-nano-svfprintf.o)
 .ARM.attributes
                0x0000000000000779       0x32 /Applications/STM32CubeIDE.app/Contents/Eclipse/plugins/com.st.stm32cube.ide.mcu.externaltools.gnu-tools-for-stm32.10.3-2021.10.macos64_1.0.0.202111181127/tools/bin/../lib/gcc/arm-none-eabi/10.3.1/../../../../arm-none-eabi/lib/thumb/v7e-m+fp/softfp/libc_nano.a(lib_a-nano-vfprintf_i.o)
 .ARM.attributes
                0x00000000000007ab       0x1c /Applications/STM32CubeIDE.app/Contents/Eclipse/plugins/com.st.stm32cube.ide.mcu.externaltools.gnu-tools-for-stm32.10.3-2021.10.macos64_1.0.0.202111181127/tools/bin/../lib/gcc/arm-none-eabi/10.3.1/../../../../arm-none-eabi/lib/thumb/v7e-m+fp/softfp/libc_nano.a(lib_a-memchr.o)
 .ARM.attributes
                0x00000000000007c7       0x32 /Applications/STM32CubeIDE.app/Contents/Eclipse/plugins/com.st.stm32cube.ide.mcu.externaltools.gnu-tools-for-stm32.10.3-2021.10.macos64_1.0.0.202111181127/tools/bin/../lib/gcc/arm-none-eabi/10.3.1/../../../../arm-none-eabi/lib/thumb/v7e-m+fp/softfp/libc_nano.a(lib_a-memmove.o)
 .ARM.attributes
                0x00000000000007f9       0x32 /Applications/STM32CubeIDE.app/Contents/Eclipse/plugins/com.st.stm32cube.ide.mcu.externaltools.gnu-tools-for-stm32.10.3-2021.10.macos64_1.0.0.202111181127/tools/bin/../lib/gcc/arm-none-eabi/10.3.1/../../../../arm-none-eabi/lib/thumb/v7e-m+fp/softfp/libc_nano.a(lib_a-nano-freer.o)
 .ARM.attributes
                0x000000000000082b       0x32 /Applications/STM32CubeIDE.app/Contents/Eclipse/plugins/com.st.stm32cube.ide.mcu.externaltools.gnu-tools-for-stm32.10.3-2021.10.macos64_1.0.0.202111181127/tools/bin/../lib/gcc/arm-none-eabi/10.3.1/../../../../arm-none-eabi/lib/thumb/v7e-m+fp/softfp/libc_nano.a(lib_a-nano-mallocr.o)
 .ARM.attributes
                0x000000000000085d       0x32 /Applications/STM32CubeIDE.app/Contents/Eclipse/plugins/com.st.stm32cube.ide.mcu.externaltools.gnu-tools-for-stm32.10.3-2021.10.macos64_1.0.0.202111181127/tools/bin/../lib/gcc/arm-none-eabi/10.3.1/../../../../arm-none-eabi/lib/thumb/v7e-m+fp/softfp/libc_nano.a(lib_a-nano-reallocr.o)
 .ARM.attributes
                0x000000000000088f       0x32 /Applications/STM32CubeIDE.app/Contents/Eclipse/plugins/com.st.stm32cube.ide.mcu.externaltools.gnu-tools-for-stm32.10.3-2021.10.macos64_1.0.0.202111181127/tools/bin/../lib/gcc/arm-none-eabi/10.3.1/../../../../arm-none-eabi/lib/thumb/v7e-m+fp/softfp/libc_nano.a(lib_a-sbrkr.o)
 .ARM.attributes
                0x00000000000008c1       0x32 /Applications/STM32CubeIDE.app/Contents/Eclipse/plugins/com.st.stm32cube.ide.mcu.externaltools.gnu-tools-for-stm32.10.3-2021.10.macos64_1.0.0.202111181127/tools/bin/../lib/gcc/arm-none-eabi/10.3.1/../../../../arm-none-eabi/lib/thumb/v7e-m+fp/softfp/libc_nano.a(lib_a-mlock.o)
 .ARM.attributes
                0x00000000000008f3       0x32 /Applications/STM32CubeIDE.app/Contents/Eclipse/plugins/com.st.stm32cube.ide.mcu.externaltools.gnu-tools-for-stm32.10.3-2021.10.macos64_1.0.0.202111181127/tools/bin/../lib/gcc/arm-none-eabi/10.3.1/../../../../arm-none-eabi/lib/thumb/v7e-m+fp/softfp/libc_nano.a(lib_a-nano-msizer.o)
 .ARM.attributes
                0x0000000000000925       0x32 /Applications/STM32CubeIDE.app/Contents/Eclipse/plugins/com.st.stm32cube.ide.mcu.externaltools.gnu-tools-for-stm32.10.3-2021.10.macos64_1.0.0.202111181127/tools/bin/../lib/gcc/arm-none-eabi/10.3.1/../../../../arm-none-eabi/lib/thumb/v7e-m+fp/softfp/libc_nano.a(lib_a-reent.o)
 .ARM.attributes
                0x0000000000000957       0x32 /Applications/STM32CubeIDE.app/Contents/Eclipse/plugins/com.st.stm32cube.ide.mcu.externaltools.gnu-tools-for-stm32.10.3-2021.10.macos64_1.0.0.202111181127/tools/bin/../lib/gcc/arm-none-eabi/10.3.1/../../../../arm-none-eabi/lib/thumb/v7e-m+fp/softfp/libc_nano.a(lib_a-lock.o)
 .ARM.attributes
                0x0000000000000989       0x1e /Applications/STM32CubeIDE.app/Contents/Eclipse/plugins/com.st.stm32cube.ide.mcu.externaltools.gnu-tools-for-stm32.10.3-2021.10.macos64_1.0.0.202111181127/tools/bin/../lib/gcc/arm-none-eabi/10.3.1/thumb/v7e-m+fp/softfp/libgcc.a(_aeabi_uldivmod.o)
 .ARM.attributes
                0x00000000000009a7       0x32 /Applications/STM32CubeIDE.app/Contents/Eclipse/plugins/com.st.stm32cube.ide.mcu.externaltools.gnu-tools-for-stm32.10.3-2021.10.macos64_1.0.0.202111181127/tools/bin/../lib/gcc/arm-none-eabi/10.3.1/thumb/v7e-m+fp/softfp/libgcc.a(_udivmoddi4.o)
 .ARM.attributes
                0x00000000000009d9       0x1e /Applications/STM32CubeIDE.app/Contents/Eclipse/plugins/com.st.stm32cube.ide.mcu.externaltools.gnu-tools-for-stm32.10.3-2021.10.macos64_1.0.0.202111181127/tools/bin/../lib/gcc/arm-none-eabi/10.3.1/thumb/v7e-m+fp/softfp/libgcc.a(_dvmd_tls.o)
 .ARM.attributes
                0x00000000000009f7       0x1e /Applications/STM32CubeIDE.app/Contents/Eclipse/plugins/com.st.stm32cube.ide.mcu.externaltools.gnu-tools-for-stm32.10.3-2021.10.macos64_1.0.0.202111181127/tools/bin/../lib/gcc/arm-none-eabi/10.3.1/thumb/v7e-m+fp/softfp/crtn.o
OUTPUT(STM32L476JG-SensorTile_ALLMEMS1.elf elf32-littlearm)
LOAD linker stubs
LOAD /Applications/STM32CubeIDE.app/Contents/Eclipse/plugins/com.st.stm32cube.ide.mcu.externaltools.gnu-tools-for-stm32.10.3-2021.10.macos64_1.0.0.202111181127/tools/bin/../lib/gcc/arm-none-eabi/10.3.1/../../../../arm-none-eabi/lib/thumb/v7e-m+fp/softfp/libc.a
LOAD /Applications/STM32CubeIDE.app/Contents/Eclipse/plugins/com.st.stm32cube.ide.mcu.externaltools.gnu-tools-for-stm32.10.3-2021.10.macos64_1.0.0.202111181127/tools/bin/../lib/gcc/arm-none-eabi/10.3.1/../../../../arm-none-eabi/lib/thumb/v7e-m+fp/softfp/libm.a
LOAD /Applications/STM32CubeIDE.app/Contents/Eclipse/plugins/com.st.stm32cube.ide.mcu.externaltools.gnu-tools-for-stm32.10.3-2021.10.macos64_1.0.0.202111181127/tools/bin/../lib/gcc/arm-none-eabi/10.3.1/thumb/v7e-m+fp/softfp/libgcc.a

.debug_line     0x0000000000000000    0x28bc5
 .debug_line    0x0000000000000000       0x8a ./Application/Startup/startup_stm32l476xx.o
 .debug_line    0x000000000000008a     0x114d ./Application/User/sensor_service.o
 .debug_line    0x00000000000011d7      0xe7a ./Application/User/hci_tl_interface.o
 .debug_line    0x0000000000002051     0x1a14 ./Application/User/main.o
 .debug_line    0x0000000000003a65      0xca1 ./Application/User/stm32l4xx_hal_msp.o
 .debug_line    0x0000000000004706      0xc83 ./Application/User/stm32l4xx_it.o
 .debug_line    0x0000000000005389      0x54c ./Application/User/sysmem.o
 .debug_line    0x00000000000058d5      0xa80 ./Drivers/BSP/SensorTile/SensorTile.o
 .debug_line    0x0000000000006355      0xd98 ./Drivers/BSP/SensorTile/SensorTile_bus.o
 .debug_line    0x00000000000070ed      0xa14 ./Drivers/CMSIS/system_stm32l4xx.o
 .debug_line    0x0000000000007b01      0xd48 ./Drivers/STM32L4xx_HAL_Driver/stm32l4xx_hal.o
 .debug_line    0x0000000000008849      0xe45 ./Drivers/STM32L4xx_HAL_Driver/stm32l4xx_hal_cortex.o
 .debug_line    0x000000000000968e     0x1110 ./Drivers/STM32L4xx_HAL_Driver/stm32l4xx_hal_dma.o
 .debug_line    0x000000000000a79e      0xdc0 ./Drivers/STM32L4xx_HAL_Driver/stm32l4xx_hal_gpio.o
 .debug_line    0x000000000000b55e      0xacd ./Drivers/STM32L4xx_HAL_Driver/stm32l4xx_hal_pwr.o
 .debug_line    0x000000000000c02b     0x1156 ./Drivers/STM32L4xx_HAL_Driver/stm32l4xx_hal_pwr_ex.o
 .debug_line    0x000000000000d181     0x1542 ./Drivers/STM32L4xx_HAL_Driver/stm32l4xx_hal_rcc.o
 .debug_line    0x000000000000e6c3     0x1ba8 ./Drivers/STM32L4xx_HAL_Driver/stm32l4xx_hal_rcc_ex.o
 .debug_line    0x000000000001026b     0x36b2 ./Drivers/STM32L4xx_HAL_Driver/stm32l4xx_hal_spi.o
 .debug_line    0x000000000001391d     0x5597 ./Drivers/STM32L4xx_HAL_Driver/stm32l4xx_hal_tim.o
 .debug_line    0x0000000000018eb4     0x2589 ./Drivers/STM32L4xx_HAL_Driver/stm32l4xx_hal_tim_ex.o
 .debug_line    0x000000000001b43d     0x2b03 ./Drivers/STM32L4xx_HAL_Driver/stm32l4xx_hal_uart.o
 .debug_line    0x000000000001df40      0xeef ./Drivers/STM32L4xx_HAL_Driver/stm32l4xx_hal_uart_ex.o
 .debug_line    0x000000000001ee2f     0x22b1 ./Middlewares/BlueNRG-MS/HCI/Controller/bluenrg_gap_aci.o
 .debug_line    0x00000000000210e0     0x24f4 ./Middlewares/BlueNRG-MS/HCI/Controller/bluenrg_gatt_aci.o
 .debug_line    0x00000000000235d4     0x1088 ./Middlewares/BlueNRG-MS/HCI/Controller/bluenrg_hal_aci.o
 .debug_line    0x000000000002465c      0xcd6 ./Middlewares/BlueNRG-MS/HCI/Controller/bluenrg_utils_small.o
 .debug_line    0x0000000000025332     0x1995 ./Middlewares/BlueNRG-MS/HCI/hci_le.o
 .debug_line    0x0000000000026cc7      0xfca ./Middlewares/BlueNRG-MS/HCI/hci_tl_patterns/Basic/hci_tl.o
 .debug_line    0x0000000000027c91      0xf34 ./Middlewares/BlueNRG-MS/Utils/ble_list.o

.debug_info     0x0000000000000000    0x240f4
 .debug_info    0x0000000000000000       0x22 ./Application/Startup/startup_stm32l476xx.o
 .debug_info    0x0000000000000022     0x13f2 ./Application/User/sensor_service.o
 .debug_info    0x0000000000001414      0xe8a ./Application/User/hci_tl_interface.o
 .debug_info    0x000000000000229e     0x3114 ./Application/User/main.o
 .debug_info    0x00000000000053b2     0x1a6b ./Application/User/stm32l4xx_hal_msp.o
 .debug_info    0x0000000000006e1d      0xc06 ./Application/User/stm32l4xx_it.o
 .debug_info    0x0000000000007a23      0x177 ./Application/User/sysmem.o
 .debug_info    0x0000000000007b9a      0x69f ./Drivers/BSP/SensorTile/SensorTile.o
 .debug_info    0x0000000000008239     0x11be ./Drivers/BSP/SensorTile/SensorTile_bus.o
 .debug_info    0x00000000000093f7      0x5ff ./Drivers/CMSIS/system_stm32l4xx.o
 .debug_info    0x00000000000099f6      0xbeb ./Drivers/STM32L4xx_HAL_Driver/stm32l4xx_hal.o
 .debug_info    0x000000000000a5e1     0x109b ./Drivers/STM32L4xx_HAL_Driver/stm32l4xx_hal_cortex.o
 .debug_info    0x000000000000b67c      0x86a ./Drivers/STM32L4xx_HAL_Driver/stm32l4xx_hal_dma.o
 .debug_info    0x000000000000bee6      0x855 ./Drivers/STM32L4xx_HAL_Driver/stm32l4xx_hal_gpio.o
 .debug_info    0x000000000000c73b      0x990 ./Drivers/STM32L4xx_HAL_Driver/stm32l4xx_hal_pwr.o
 .debug_info    0x000000000000d0cb      0xa75 ./Drivers/STM32L4xx_HAL_Driver/stm32l4xx_hal_pwr_ex.o
 .debug_info    0x000000000000db40      0xf28 ./Drivers/STM32L4xx_HAL_Driver/stm32l4xx_hal_rcc.o
 .debug_info    0x000000000000ea68     0x1264 ./Drivers/STM32L4xx_HAL_Driver/stm32l4xx_hal_rcc_ex.o
 .debug_info    0x000000000000fccc     0x24fc ./Drivers/STM32L4xx_HAL_Driver/stm32l4xx_hal_spi.o
 .debug_info    0x00000000000121c8     0x3cff ./Drivers/STM32L4xx_HAL_Driver/stm32l4xx_hal_tim.o
 .debug_info    0x0000000000015ec7     0x1d03 ./Drivers/STM32L4xx_HAL_Driver/stm32l4xx_hal_tim_ex.o
 .debug_info    0x0000000000017bca     0x2179 ./Drivers/STM32L4xx_HAL_Driver/stm32l4xx_hal_uart.o
 .debug_info    0x0000000000019d43      0xcae ./Drivers/STM32L4xx_HAL_Driver/stm32l4xx_hal_uart_ex.o
 .debug_info    0x000000000001a9f1     0x2c44 ./Middlewares/BlueNRG-MS/HCI/Controller/bluenrg_gap_aci.o
 .debug_info    0x000000000001d635     0x2f84 ./Middlewares/BlueNRG-MS/HCI/Controller/bluenrg_gatt_aci.o
 .debug_info    0x00000000000205b9      0x8a9 ./Middlewares/BlueNRG-MS/HCI/Controller/bluenrg_hal_aci.o
 .debug_info    0x0000000000020e62      0x1a4 ./Middlewares/BlueNRG-MS/HCI/Controller/bluenrg_utils_small.o
 .debug_info    0x0000000000021006     0x1b77 ./Middlewares/BlueNRG-MS/HCI/hci_le.o
 .debug_info    0x0000000000022b7d      0xca6 ./Middlewares/BlueNRG-MS/HCI/hci_tl_patterns/Basic/hci_tl.o
 .debug_info    0x0000000000023823      0x8d1 ./Middlewares/BlueNRG-MS/Utils/ble_list.o

.debug_abbrev   0x0000000000000000     0x41ac
 .debug_abbrev  0x0000000000000000       0x12 ./Application/Startup/startup_stm32l476xx.o
 .debug_abbrev  0x0000000000000012      0x3b7 ./Application/User/sensor_service.o
 .debug_abbrev  0x00000000000003c9      0x2d2 ./Application/User/hci_tl_interface.o
 .debug_abbrev  0x000000000000069b      0x460 ./Application/User/main.o
 .debug_abbrev  0x0000000000000afb      0x228 ./Application/User/stm32l4xx_hal_msp.o
 .debug_abbrev  0x0000000000000d23      0x1de ./Application/User/stm32l4xx_it.o
 .debug_abbrev  0x0000000000000f01       0xec ./Application/User/sysmem.o
 .debug_abbrev  0x0000000000000fed      0x1dc ./Drivers/BSP/SensorTile/SensorTile.o
 .debug_abbrev  0x00000000000011c9      0x29c ./Drivers/BSP/SensorTile/SensorTile_bus.o
 .debug_abbrev  0x0000000000001465      0x141 ./Drivers/CMSIS/system_stm32l4xx.o
 .debug_abbrev  0x00000000000015a6      0x269 ./Drivers/STM32L4xx_HAL_Driver/stm32l4xx_hal.o
 .debug_abbrev  0x000000000000180f      0x36d ./Drivers/STM32L4xx_HAL_Driver/stm32l4xx_hal_cortex.o
 .debug_abbrev  0x0000000000001b7c      0x21d ./Drivers/STM32L4xx_HAL_Driver/stm32l4xx_hal_dma.o
 .debug_abbrev  0x0000000000001d99      0x1e9 ./Drivers/STM32L4xx_HAL_Driver/stm32l4xx_hal_gpio.o
 .debug_abbrev  0x0000000000001f82      0x1bb ./Drivers/STM32L4xx_HAL_Driver/stm32l4xx_hal_pwr.o
 .debug_abbrev  0x000000000000213d      0x218 ./Drivers/STM32L4xx_HAL_Driver/stm32l4xx_hal_pwr_ex.o
 .debug_abbrev  0x0000000000002355      0x2a5 ./Drivers/STM32L4xx_HAL_Driver/stm32l4xx_hal_rcc.o
 .debug_abbrev  0x00000000000025fa      0x2a7 ./Drivers/STM32L4xx_HAL_Driver/stm32l4xx_hal_rcc_ex.o
 .debug_abbrev  0x00000000000028a1      0x273 ./Drivers/STM32L4xx_HAL_Driver/stm32l4xx_hal_spi.o
 .debug_abbrev  0x0000000000002b14      0x263 ./Drivers/STM32L4xx_HAL_Driver/stm32l4xx_hal_tim.o
 .debug_abbrev  0x0000000000002d77      0x25d ./Drivers/STM32L4xx_HAL_Driver/stm32l4xx_hal_tim_ex.o
 .debug_abbrev  0x0000000000002fd4      0x26e ./Drivers/STM32L4xx_HAL_Driver/stm32l4xx_hal_uart.o
 .debug_abbrev  0x0000000000003242      0x23a ./Drivers/STM32L4xx_HAL_Driver/stm32l4xx_hal_uart_ex.o
 .debug_abbrev  0x000000000000347c      0x1f1 ./Middlewares/BlueNRG-MS/HCI/Controller/bluenrg_gap_aci.o
 .debug_abbrev  0x000000000000366d      0x1f1 ./Middlewares/BlueNRG-MS/HCI/Controller/bluenrg_gatt_aci.o
 .debug_abbrev  0x000000000000385e      0x18b ./Middlewares/BlueNRG-MS/HCI/Controller/bluenrg_hal_aci.o
 .debug_abbrev  0x00000000000039e9       0xcf ./Middlewares/BlueNRG-MS/HCI/Controller/bluenrg_utils_small.o
 .debug_abbrev  0x0000000000003ab8      0x1ee ./Middlewares/BlueNRG-MS/HCI/hci_le.o
 .debug_abbrev  0x0000000000003ca6      0x36e ./Middlewares/BlueNRG-MS/HCI/hci_tl_patterns/Basic/hci_tl.o
 .debug_abbrev  0x0000000000004014      0x198 ./Middlewares/BlueNRG-MS/Utils/ble_list.o

.debug_aranges  0x0000000000000000     0x1918
 .debug_aranges
                0x0000000000000000       0x28 ./Application/Startup/startup_stm32l476xx.o
 .debug_aranges
                0x0000000000000028       0x68 ./Application/User/sensor_service.o
 .debug_aranges
                0x0000000000000090       0x58 ./Application/User/hci_tl_interface.o
 .debug_aranges
                0x00000000000000e8       0xe8 ./Application/User/main.o
 .debug_aranges
                0x00000000000001d0       0x58 ./Application/User/stm32l4xx_hal_msp.o
 .debug_aranges
                0x0000000000000228       0x98 ./Application/User/stm32l4xx_it.o
 .debug_aranges
                0x00000000000002c0       0x20 ./Application/User/sysmem.o
 .debug_aranges
                0x00000000000002e0       0x48 ./Drivers/BSP/SensorTile/SensorTile.o
 .debug_aranges
                0x0000000000000328       0xa0 ./Drivers/BSP/SensorTile/SensorTile_bus.o
 .debug_aranges
                0x00000000000003c8       0x28 ./Drivers/CMSIS/system_stm32l4xx.o
 .debug_aranges
                0x00000000000003f0      0x130 ./Drivers/STM32L4xx_HAL_Driver/stm32l4xx_hal.o
 .debug_aranges
                0x0000000000000520       0xa8 ./Drivers/STM32L4xx_HAL_Driver/stm32l4xx_hal_cortex.o
 .debug_aranges
                0x00000000000005c8       0x80 ./Drivers/STM32L4xx_HAL_Driver/stm32l4xx_hal_dma.o
 .debug_aranges
                0x0000000000000648       0x58 ./Drivers/STM32L4xx_HAL_Driver/stm32l4xx_hal_gpio.o
 .debug_aranges
                0x00000000000006a0       0x98 ./Drivers/STM32L4xx_HAL_Driver/stm32l4xx_hal_pwr.o
 .debug_aranges
                0x0000000000000738      0x150 ./Drivers/STM32L4xx_HAL_Driver/stm32l4xx_hal_pwr_ex.o
 .debug_aranges
                0x0000000000000888       0x88 ./Drivers/STM32L4xx_HAL_Driver/stm32l4xx_hal_rcc.o
 .debug_aranges
                0x0000000000000910       0xc0 ./Drivers/STM32L4xx_HAL_Driver/stm32l4xx_hal_rcc_ex.o
 .debug_aranges
                0x00000000000009d0      0x1f8 ./Drivers/STM32L4xx_HAL_Driver/stm32l4xx_hal_spi.o
 .debug_aranges
                0x0000000000000bc8      0x3e0 ./Drivers/STM32L4xx_HAL_Driver/stm32l4xx_hal_tim.o
 .debug_aranges
                0x0000000000000fa8      0x180 ./Drivers/STM32L4xx_HAL_Driver/stm32l4xx_hal_tim_ex.o
 .debug_aranges
                0x0000000000001128      0x228 ./Drivers/STM32L4xx_HAL_Driver/stm32l4xx_hal_uart.o
 .debug_aranges
                0x0000000000001350       0x78 ./Drivers/STM32L4xx_HAL_Driver/stm32l4xx_hal_uart_ex.o
 .debug_aranges
                0x00000000000013c8      0x168 ./Middlewares/BlueNRG-MS/HCI/Controller/bluenrg_gap_aci.o
 .debug_aranges
                0x0000000000001530      0x178 ./Middlewares/BlueNRG-MS/HCI/Controller/bluenrg_gatt_aci.o
 .debug_aranges
                0x00000000000016a8       0x68 ./Middlewares/BlueNRG-MS/HCI/Controller/bluenrg_hal_aci.o
 .debug_aranges
                0x0000000000001710       0x20 ./Middlewares/BlueNRG-MS/HCI/Controller/bluenrg_utils_small.o
 .debug_aranges
                0x0000000000001730      0x110 ./Middlewares/BlueNRG-MS/HCI/hci_le.o
 .debug_aranges
                0x0000000000001840       0x60 ./Middlewares/BlueNRG-MS/HCI/hci_tl_patterns/Basic/hci_tl.o
 .debug_aranges
                0x00000000000018a0       0x78 ./Middlewares/BlueNRG-MS/Utils/ble_list.o

.debug_str      0x0000000000000000   0x11e5ba
 .debug_str     0x0000000000000000       0xa9 ./Application/Startup/startup_stm32l476xx.o
 .debug_str     0x00000000000000a9   0x114163 ./Application/User/sensor_service.o
                                     0x1148a4 (size before relaxing)
 .debug_str     0x000000000011420c      0x8aa ./Application/User/hci_tl_interface.o
                                     0x10d152 (size before relaxing)
 .debug_str     0x0000000000114ab6     0x2179 ./Application/User/main.o
                                     0x11576c (size before relaxing)
 .debug_str     0x0000000000116c2f      0x5d5 ./Application/User/stm32l4xx_hal_msp.o
                                     0x10def8 (size before relaxing)
 .debug_str     0x0000000000117204      0x1d5 ./Application/User/stm32l4xx_it.o
                                     0x10d176 (size before relaxing)
 .debug_str     0x00000000001173d9      0x4e2 ./Application/User/sysmem.o
                                       0x5d25 (size before relaxing)
 .debug_str     0x00000000001178bb      0x1e3 ./Drivers/BSP/SensorTile/SensorTile.o
                                     0x10981a (size before relaxing)
 .debug_str     0x0000000000117a9e      0x19f ./Drivers/BSP/SensorTile/SensorTile_bus.o
                                     0x1094fc (size before relaxing)
 .debug_str     0x0000000000117c3d      0x14c ./Drivers/CMSIS/system_stm32l4xx.o
                                     0x108e43 (size before relaxing)