Archive member included to satisfy reference by file (symbol)

C:/ST/STM32CubeIDE_1.19.0/STM32CubeIDE/plugins/com.st.stm32cube.ide.mcu.externaltools.gnu-tools-for-stm32.13.3.rel1.win32_1.0.0.202411081344/tools/bin/../lib/gcc/arm-none-eabi/13.3.1/../../../../arm-none-eabi/lib/thumb/v7e-m+fp/softfp\libm.a(libm_a-s_atan.o)
                              ./Application/User/main.o (atan)
C:/ST/STM32CubeIDE_1.19.0/STM32CubeIDE/plugins/com.st.stm32cube.ide.mcu.externaltools.gnu-tools-for-stm32.13.3.rel1.win32_1.0.0.202411081344/tools/bin/../lib/gcc/arm-none-eabi/13.3.1/../../../../arm-none-eabi/lib/thumb/v7e-m+fp/softfp\libm.a(libm_a-s_fabs.o)
                              C:/ST/STM32CubeIDE_1.19.0/STM32CubeIDE/plugins/com.st.stm32cube.ide.mcu.externaltools.gnu-tools-for-stm32.13.3.rel1.win32_1.0.0.202411081344/tools/bin/../lib/gcc/arm-none-eabi/13.3.1/../../../../arm-none-eabi/lib/thumb/v7e-m+fp/softfp\libm.a(libm_a-s_atan.o) (fabs)
C:/ST/STM32CubeIDE_1.19.0/STM32CubeIDE/plugins/com.st.stm32cube.ide.mcu.externaltools.gnu-tools-for-stm32.13.3.rel1.win32_1.0.0.202411081344/tools/bin/../lib/gcc/arm-none-eabi/13.3.1/../../../../arm-none-eabi/lib/thumb/v7e-m+fp/softfp\libc_nano.a(libc_a-exit.o)
                              C:/ST/STM32CubeIDE_1.19.0/STM32CubeIDE/plugins/com.st.stm32cube.ide.mcu.externaltools.gnu-tools-for-stm32.13.3.rel1.win32_1.0.0.202411081344/tools/bin/../lib/gcc/arm-none-eabi/13.3.1/../../../../arm-none-eabi/lib/thumb/v7e-m+fp/softfp/crt0.o (exit)
C:/ST/STM32CubeIDE_1.19.0/STM32CubeIDE/plugins/com.st.stm32cube.ide.mcu.externaltools.gnu-tools-for-stm32.13.3.rel1.win32_1.0.0.202411081344/tools/bin/../lib/gcc/arm-none-eabi/13.3.1/../../../../arm-none-eabi/lib/thumb/v7e-m+fp/softfp\libc_nano.a(libc_a-findfp.o)
                              C:/ST/STM32CubeIDE_1.19.0/STM32CubeIDE/plugins/com.st.stm32cube.ide.mcu.externaltools.gnu-tools-for-stm32.13.3.rel1.win32_1.0.0.202411081344/tools/bin/../lib/gcc/arm-none-eabi/13.3.1/../../../../arm-none-eabi/lib/thumb/v7e-m+fp/softfp\libc_nano.a(libc_a-exit.o) (__stdio_exit_handler)
C:/ST/STM32CubeIDE_1.19.0/STM32CubeIDE/plugins/com.st.stm32cube.ide.mcu.externaltools.gnu-tools-for-stm32.13.3.rel1.win32_1.0.0.202411081344/tools/bin/../lib/gcc/arm-none-eabi/13.3.1/../../../../arm-none-eabi/lib/thumb/v7e-m+fp/softfp\libc_nano.a(libc_a-fwalk.o)
                              C:/ST/STM32CubeIDE_1.19.0/STM32CubeIDE/plugins/com.st.stm32cube.ide.mcu.externaltools.gnu-tools-for-stm32.13.3.rel1.win32_1.0.0.202411081344/tools/bin/../lib/gcc/arm-none-eabi/13.3.1/../../../../arm-none-eabi/lib/thumb/v7e-m+fp/softfp\libc_nano.a(libc_a-findfp.o) (_fwalk_sglue)
C:/ST/STM32CubeIDE_1.19.0/STM32CubeIDE/plugins/com.st.stm32cube.ide.mcu.externaltools.gnu-tools-for-stm32.13.3.rel1.win32_1.0.0.202411081344/tools/bin/../lib/gcc/arm-none-eabi/13.3.1/../../../../arm-none-eabi/lib/thumb/v7e-m+fp/softfp\libc_nano.a(libc_a-sprintf.o)
                              ./Application/User/sensor_service.o (sprintf)
C:/ST/STM32CubeIDE_1.19.0/STM32CubeIDE/plugins/com.st.stm32cube.ide.mcu.externaltools.gnu-tools-for-stm32.13.3.rel1.win32_1.0.0.202411081344/tools/bin/../lib/gcc/arm-none-eabi/13.3.1/../../../../arm-none-eabi/lib/thumb/v7e-m+fp/softfp\libc_nano.a(libc_a-stdio.o)
                              C:/ST/STM32CubeIDE_1.19.0/STM32CubeIDE/plugins/com.st.stm32cube.ide.mcu.externaltools.gnu-tools-for-stm32.13.3.rel1.win32_1.0.0.202411081344/tools/bin/../lib/gcc/arm-none-eabi/13.3.1/../../../../arm-none-eabi/lib/thumb/v7e-m+fp/softfp\libc_nano.a(libc_a-findfp.o) (__sread)
C:/ST/STM32CubeIDE_1.19.0/STM32CubeIDE/plugins/com.st.stm32cube.ide.mcu.externaltools.gnu-tools-for-stm32.13.3.rel1.win32_1.0.0.202411081344/tools/bin/../lib/gcc/arm-none-eabi/13.3.1/../../../../arm-none-eabi/lib/thumb/v7e-m+fp/softfp\libc_nano.a(libc_a-memset.o)
                              C:/ST/STM32CubeIDE_1.19.0/STM32CubeIDE/plugins/com.st.stm32cube.ide.mcu.externaltools.gnu-tools-for-stm32.13.3.rel1.win32_1.0.0.202411081344/tools/bin/../lib/gcc/arm-none-eabi/13.3.1/../../../../arm-none-eabi/lib/thumb/v7e-m+fp/softfp/crt0.o (memset)
C:/ST/STM32CubeIDE_1.19.0/STM32CubeIDE/plugins/com.st.stm32cube.ide.mcu.externaltools.gnu-tools-for-stm32.13.3.rel1.win32_1.0.0.202411081344/tools/bin/../lib/gcc/arm-none-eabi/13.3.1/../../../../arm-none-eabi/lib/thumb/v7e-m+fp/softfp\libc_nano.a(libc_a-closer.o)
                              C:/ST/STM32CubeIDE_1.19.0/STM32CubeIDE/plugins/com.st.stm32cube.ide.mcu.externaltools.gnu-tools-for-stm32.13.3.rel1.win32_1.0.0.202411081344/tools/bin/../lib/gcc/arm-none-eabi/13.3.1/../../../../arm-none-eabi/lib/thumb/v7e-m+fp/softfp\libc_nano.a(libc_a-stdio.o) (_close_r)
C:/ST/STM32CubeIDE_1.19.0/STM32CubeIDE/plugins/com.st.stm32cube.ide.mcu.externaltools.gnu-tools-for-stm32.13.3.rel1.win32_1.0.0.202411081344/tools/bin/../lib/gcc/arm-none-eabi/13.3.1/../../../../arm-none-eabi/lib/thumb/v7e-m+fp/softfp\libc_nano.a(libc_a-reent.o)
[...]
Memory Configuration

Name             Origin             Length             Attributes
FLASH            0x08004000         0x0007c000         xr
RAM              0x20000000         0x00018000         xrw
SRAM2            0x10000000         0x00008000         xrw
*default*        0x00000000         0xffffffff

Linker script and memory map

LOAD C:/ST/STM32CubeIDE_1.19.0/STM32CubeIDE/plugins/com.st.stm32cube.ide.mcu.externaltools.gnu-tools-for-stm32.13.3.rel1.win32_1.0.0.202411081344/tools/bin/../lib/gcc/arm-none-eabi/13.3.1/thumb/v7e-m+fp/softfp/crti.o
LOAD C:/ST/STM32CubeIDE_1.19.0/STM32CubeIDE/plugins/com.st.stm32cube.ide.mcu.externaltools.gnu-tools-for-stm32.13.3.rel1.win32_1.0.0.202411081344/tools/bin/../lib/gcc/arm-none-eabi/13.3.1/thumb/v7e-m+fp/softfp/crtbegin.o
LOAD C:/ST/STM32CubeIDE_1.19.0/STM32CubeIDE/plugins/com.st.stm32cube.ide.mcu.externaltools.gnu-tools-for-stm32.13.3.rel1.win32_1.0.0.202411081344/tools/bin/../lib/gcc/arm-none-eabi/13.3.1/../../../../arm-none-eabi/lib/thumb/v7e-m+fp/softfp/crt0.o
LOAD ./Application/Startup/startup_stm32l476xx.o
LOAD ./Application/User/sensor_service.o
LOAD ./Application/User/hci_tl_interface.o
LOAD ./Application/User/main.o
LOAD ./Application/User/stm32l4xx_hal_msp.o
LOAD ./Application/User/stm32l4xx_it.o
LOAD ./Application/User/syscalls.o
LOAD ./Application/User/sysmem.o
LOAD ./Drivers/BSP/SensorTile/SensorTile.o
LOAD ./Drivers/BSP/SensorTile/SensorTile_bus.o
LOAD ./Drivers/CMSIS/system_stm32l4xx.o
LOAD ./Drivers/STM32L4xx_HAL_Driver/stm32l4xx_hal.o
LOAD ./Drivers/STM32L4xx_HAL_Driver/stm32l4xx_hal_adc.o
LOAD ./Drivers/STM32L4xx_HAL_Driver/stm32l4xx_hal_adc_ex.o
LOAD ./Drivers/STM32L4xx_HAL_Driver/stm32l4xx_hal_cortex.o
LOAD ./Drivers/STM32L4xx_HAL_Driver/stm32l4xx_hal_crc.o
LOAD ./Drivers/STM32L4xx_HAL_Driver/stm32l4xx_hal_crc_ex.o
LOAD ./Drivers/STM32L4xx_HAL_Driver/stm32l4xx_hal_dfsdm.o
LOAD ./Drivers/STM32L4xx_HAL_Driver/stm32l4xx_hal_dma.o
LOAD ./Drivers/STM32L4xx_HAL_Driver/stm32l4xx_hal_flash.o
LOAD ./Drivers/STM32L4xx_HAL_Driver/stm32l4xx_hal_flash_ex.o
LOAD ./Drivers/STM32L4xx_HAL_Driver/stm32l4xx_hal_gpio.o
LOAD ./Drivers/STM32L4xx_HAL_Driver/stm32l4xx_hal_i2c.o
LOAD ./Drivers/STM32L4xx_HAL_Driver/stm32l4xx_hal_i2c_ex.o
LOAD ./Drivers/STM32L4xx_HAL_Driver/stm32l4xx_hal_pcd.o
LOAD ./Drivers/STM32L4xx_HAL_Driver/stm32l4xx_hal_pcd_ex.o
LOAD ./Drivers/STM32L4xx_HAL_Driver/stm32l4xx_hal_pwr.o
LOAD ./Drivers/STM32L4xx_HAL_Driver/stm32l4xx_hal_pwr_ex.o
LOAD ./Drivers/STM32L4xx_HAL_Driver/stm32l4xx_hal_rcc.o
LOAD ./Drivers/STM32L4xx_HAL_Driver/stm32l4xx_hal_rcc_ex.o
LOAD ./Drivers/STM32L4xx_HAL_Driver/stm32l4xx_hal_rtc.o
LOAD ./Drivers/STM32L4xx_HAL_Driver/stm32l4xx_hal_rtc_ex.o
LOAD ./Drivers/STM32L4xx_HAL_Driver/stm32l4xx_hal_sai.o
LOAD ./Drivers/STM32L4xx_HAL_Driver/stm32l4xx_hal_sai_ex.o
LOAD ./Drivers/STM32L4xx_HAL_Driver/stm32l4xx_hal_spi.o
LOAD ./Drivers/STM32L4xx_HAL_Driver/stm32l4xx_hal_spi_ex.o
LOAD ./Drivers/STM32L4xx_HAL_Driver/stm32l4xx_hal_tim.o
LOAD ./Drivers/STM32L4xx_HAL_Driver/stm32l4xx_hal_tim_ex.o
LOAD ./Drivers/STM32L4xx_HAL_Driver/stm32l4xx_hal_uart.o
LOAD ./Drivers/STM32L4xx_HAL_Driver/stm32l4xx_hal_uart_ex.o
LOAD ./Drivers/STM32L4xx_HAL_Driver/stm32l4xx_ll_usb.o
LOAD ./Middlewares/BlueNRG-MS/HCI/Controller/bluenrg_gap_aci.o
LOAD ./Middlewares/BlueNRG-MS/HCI/Controller/bluenrg_gatt_aci.o
LOAD ./Middlewares/BlueNRG-MS/HCI/Controller/bluenrg_hal_aci.o
LOAD ./Middlewares/BlueNRG-MS/HCI/Controller/bluenrg_l2cap_aci.o
LOAD ./Middlewares/BlueNRG-MS/HCI/Controller/bluenrg_utils_small.o
LOAD ./Middlewares/BlueNRG-MS/HCI/hci_le.o
LOAD ./Middlewares/BlueNRG-MS/HCI/hci_tl_patterns/Basic/hci_tl.o
LOAD ./Middlewares/BlueNRG-MS/Utils/ble_list.o
START GROUP
LOAD C:/ST/STM32CubeIDE_1.19.0/STM32CubeIDE/plugins/com.st.stm32cube.ide.mcu.externaltools.gnu-tools-for-stm32.13.3.rel1.win32_1.0.0.202411081344/tools/bin/../lib/gcc/arm-none-eabi/13.3.1/../../../../arm-none-eabi/lib/thumb/v7e-m+fp/softfp\libstdc++_nano.a
LOAD C:/ST/STM32CubeIDE_1.19.0/STM32CubeIDE/plugins/com.st.stm32cube.ide.mcu.externaltools.gnu-tools-for-stm32.13.3.rel1.win32_1.0.0.202411081344/tools/bin/../lib/gcc/arm-none-eabi/13.3.1/../../../../arm-none-eabi/lib/thumb/v7e-m+fp/softfp\libsupc++_nano.a
END GROUP
LOAD C:/ST/STM32CubeIDE_1.19.0/STM32CubeIDE/plugins/com.st.stm32cube.ide.mcu.externaltools.gnu-tools-for-stm32.13.3.rel1.win32_1.0.0.202411081344/tools/bin/../lib/gcc/arm-none-eabi/13.3.1/../../../../arm-none-eabi/lib/thumb/v7e-m+fp/softfp\libstdc++_nano.a
LOAD C:/ST/STM32CubeIDE_1.19.0/STM32CubeIDE/plugins/com.st.stm32cube.ide.mcu.externaltools.gnu-tools-for-stm32.13.3.rel1.win32_1.0.0.202411081344/tools/bin/../lib/gcc/arm-none-eabi/13.3.1/../../../../arm-none-eabi/lib/thumb/v7e-m+fp/softfp\libm.a
LOAD C:/ST/STM32CubeIDE_1.19.0/STM32CubeIDE/plugins/com.st.stm32cube.ide.mcu.externaltools.gnu-tools-for-stm32.13.3.rel1.win32_1.0.0.202411081344/tools/bin/../lib/gcc/arm-none-eabi/13.3.1/../../../../arm-none-eabi/lib/thumb/v7e-m+fp/softfp\libc_nano.a
START GROUP
LOAD C:/ST/STM32CubeIDE_1.19.0/STM32CubeIDE/plugins/com.st.stm32cube.ide.mcu.externaltools.gnu-tools-for-stm32.13.3.rel1.win32_1.0.0.202411081344/tools/bin/../lib/gcc/arm-none-eabi/13.3.1/thumb/v7e-m+fp/softfp\libgcc.a
LOAD C:/ST/STM32CubeIDE_1.19.0/STM32CubeIDE/plugins/com.st.stm32cube.ide.mcu.externaltools.gnu-tools-for-stm32.13.3.rel1.win32_1.0.0.202411081344/tools/bin/../lib/gcc/arm-none-eabi/13.3.1/../../../../arm-none-eabi/lib/thumb/v7e-m+fp/softfp\libc_nano.a
END GROUP
START GROUP
LOAD C:/ST/STM32CubeIDE_1.19.0/STM32CubeIDE/plugins/com.st.stm32cube.ide.mcu.externaltools.gnu-tools-for-stm32.13.3.rel1.win32_1.0.0.202411081344/tools/bin/../lib/gcc/arm-none-eabi/13.3.1/thumb/v7e-m+fp/softfp\libgcc.a
LOAD C:/ST/STM32CubeIDE_1.19.0/STM32CubeIDE/plugins/com.st.stm32cube.ide.mcu.externaltools.gnu-tools-for-stm32.13.3.rel1.win32_1.0.0.202411081344/tools/bin/../lib/gcc/arm-none-eabi/13.3.1/../../../../arm-none-eabi/lib/thumb/v7e-m+fp/softfp\libc_nano.a
END GROUP
LOAD C:/ST/STM32CubeIDE_1.19.0/STM32CubeIDE/plugins/com.st.stm32cube.ide.mcu.externaltools.gnu-tools-for-stm32.13.3.rel1.win32_1.0.0.202411081344/tools/bin/../lib/gcc/arm-none-eabi/13.3.1/thumb/v7e-m+fp/softfp/crtend.o
LOAD C:/ST/STM32CubeIDE_1.19.0/STM32CubeIDE/plugins/com.st.stm32cube.ide.mcu.externaltools.gnu-tools-for-stm32.13.3.rel1.win32_1.0.0.202411081344/tools/bin/../lib/gcc/arm-none-eabi/13.3.1/thumb/v7e-m+fp/softfp/crtn.o
                0x20018000                        _estack = 0x20018000
                0x00001000                        _Min_Heap_Size = 0x1000
                0x00002000                        _Min_Stack_Size = 0x2000

.isr_vector     0x08004000      0x188
                0x08004000                        . = ALIGN (0x8)
 *(.isr_vector)
 .isr_vector    0x08004000      0x188 ./Application/Startup/startup_stm32l476xx.o
                0x08004000                g_pfnVectors
                0x08004188                        . = ALIGN (0x8)

.text           0x08004190     0x7348
                0x08004190                        . = ALIGN (0x8)
 *(.text)
 .text          0x08004190       0x40 C:/ST/STM32CubeIDE_1.19.0/STM32CubeIDE/plugins/com.st.stm32cube.ide.mcu.externaltools.gnu-tools-for-stm32.13.3.rel1.win32_1.0.0.202411081344/tools/bin/../lib/gcc/arm-none-eabi/13.3.1/thumb/v7e-m+fp/softfp/crtbegin.o
 .text          0x080041d0       0xa0 C:/ST/STM32CubeIDE_1.19.0/STM32CubeIDE/plugins/com.st.stm32cube.ide.mcu.externaltools.gnu-tools-for-stm32.13.3.rel1.win32_1.0.0.202411081344/tools/bin/../lib/gcc/arm-none-eabi/13.3.1/../../../../arm-none-eabi/lib/thumb/v7e-m+fp/softfp\libc_nano.a(libc_a-memchr.o)
                0x080041d0                memchr
 .text          0x08004270      0x378 C:/ST/STM32CubeIDE_1.19.0/STM32CubeIDE/plugins/com.st.stm32cube.ide.mcu.externaltools.gnu-tools-for-stm32.13.3.rel1.win32_1.0.0.202411081344/tools/bin/../lib/gcc/arm-none-eabi/13.3.1/thumb/v7e-m+fp/softfp\libgcc.a(_arm_addsubdf3.o)
                0x08004270                __aeabi_drsub
                0x08004278                __aeabi_dsub
                0x08004278                __subdf3
                0x0800427c                __aeabi_dadd
                0x0800427c                __adddf3
                0x080044f4                __floatunsidf
                0x080044f4                __aeabi_ui2d
                0x08004514                __floatsidf
                0x08004514                __aeabi_i2d
                0x08004538                __aeabi_f2d
                0x08004538                __extendsfdf2
                0x0800457c                __floatundidf
                0x0800457c                __aeabi_ul2d
                0x0800458c                __floatdidf
                0x0800458c                __aeabi_l2d
 .text          0x080045e8      0x424 C:/ST/STM32CubeIDE_1.19.0/STM32CubeIDE/plugins/com.st.stm32cube.ide.mcu.externaltools.gnu-tools-for-stm32.13.3.rel1.win32_1.0.0.202411081344/tools/bin/../lib/gcc/arm-none-eabi/13.3.1/thumb/v7e-m+fp/softfp\libgcc.a(_arm_muldivdf3.o)
                0x080045e8                __aeabi_dmul
                0x080045e8                __muldf3
                0x0800483c                __divdf3
                0x0800483c                __aeabi_ddiv
 .text          0x08004a0c      0x110 C:/ST/STM32CubeIDE_1.19.0/STM32CubeIDE/plugins/com.st.stm32cube.ide.mcu.externaltools.gnu-tools-for-stm32.13.3.rel1.win32_1.0.0.202411081344/tools/bin/../lib/gcc/arm-none-eabi/13.3.1/thumb/v7e-m+fp/softfp\libgcc.a(_arm_cmpdf2.o)
                0x08004a0c                __gtdf2
                0x08004a0c                __gedf2
                0x08004a14                __ltdf2
                0x08004a14                __ledf2
                0x08004a1c                __nedf2
                0x08004a1c                __eqdf2
                0x08004a1c                __cmpdf2
                0x08004a98                __aeabi_cdrcmple
                0x08004aa8                __aeabi_cdcmpeq
                0x08004aa8                __aeabi_cdcmple
                0x08004ab8                __aeabi_dcmpeq
                0x08004acc                __aeabi_dcmplt
                0x08004ae0                __aeabi_dcmple
                0x08004af4                __aeabi_dcmpge
                0x08004b08                __aeabi_dcmpgt
 .text          0x08004b1c       0x50 C:/ST/STM32CubeIDE_1.19.0/STM32CubeIDE/plugins/com.st.stm32cube.ide.mcu.externaltools.gnu-tools-for-stm32.13.3.rel1.win32_1.0.0.202411081344/tools/bin/../lib/gcc/arm-none-eabi/13.3.1/thumb/v7e-m+fp/softfp\libgcc.a(_arm_fixdfsi.o)
                0x08004b1c                __aeabi_d2iz
                0x08004b1c                __fixdfsi
 .text          0x08004b6c       0x30 C:/ST/STM32CubeIDE_1.19.0/STM32CubeIDE/plugins/com.st.stm32cube.ide.mcu.externaltools.gnu-tools-for-stm32.13.3.rel1.win32_1.0.0.202411081344/tools/bin/../lib/gcc/arm-none-eabi/13.3.1/thumb/v7e-m+fp/softfp\libgcc.a(_aeabi_uldivmod.o)
                0x08004b6c                __aeabi_uldivmod
 .text          0x08004b9c      0x2f8 C:/ST/STM32CubeIDE_1.19.0/STM32CubeIDE/plugins/com.st.stm32cube.ide.mcu.externaltools.gnu-tools-for-stm32.13.3.rel1.win32_1.0.0.202411081344/tools/bin/../lib/gcc/arm-none-eabi/13.3.1/thumb/v7e-m+fp/softfp\libgcc.a(_udivmoddi4.o)
                0x08004b9c                __udivmoddi4
 .text          0x08004e94        0x4 C:/ST/STM32CubeIDE_1.19.0/STM32CubeIDE/plugins/com.st.stm32cube.ide.mcu.externaltools.gnu-tools-for-stm32.13.3.rel1.win32_1.0.0.202411081344/tools/bin/../lib/gcc/arm-none-eabi/13.3.1/thumb/v7e-m+fp/softfp\libgcc.a(_dvmd_tls.o)
                0x08004e94                __aeabi_idiv0
                0x08004e94                __aeabi_ldiv0
 *(.text*)
 .text.Reset_Handler
                0x08004e98       0x50 ./Application/Startup/startup_stm32l476xx.o
                0x08004e98                Reset_Handler
 .text.Default_Handler
                0x08004ee8        0x2 ./Application/Startup/startup_stm32l476xx.o
                0x08004ee8                RTC_Alarm_IRQHandler
                0x08004ee8                TIM8_TRG_COM_IRQHandler
                0x08004ee8                TIM8_CC_IRQHandler
                0x08004ee8                TSC_IRQHandler
                0x08004ee8                TAMP_STAMP_IRQHandler
                0x08004ee8                LPTIM2_IRQHandler
                0x08004ee8                DFSDM1_FLT1_IRQHandler
                0x08004ee8                I2C3_ER_IRQHandler
                0x08004ee8                DFSDM1_FLT2_IRQHandler
                0x08004ee8                EXTI0_IRQHandler
                0x08004ee8                I2C2_EV_IRQHandler
                0x08004ee8                CAN1_RX0_IRQHandler
                0x08004ee8                FPU_IRQHandler
                0x08004ee8                TIM1_UP_TIM16_IRQHandler
                0x08004ee8                ADC1_2_IRQHandler
                0x08004ee8                SPI1_IRQHandler
                0x08004ee8                TIM6_DAC_IRQHandler
                0x08004ee8                TIM8_UP_IRQHandler
                0x08004ee8                DMA2_Channel2_IRQHandler
                0x08004ee8                DMA1_Channel4_IRQHandler
                0x08004ee8                SAI2_IRQHandler
                0x08004ee8                DFSDM1_FLT3_IRQHandler
                0x08004ee8                USART3_IRQHandler
                0x08004ee8                DMA1_Channel7_IRQHandler
                0x08004ee8                CAN1_RX1_IRQHandler
                0x08004ee8                LCD_IRQHandler
                0x08004ee8                ADC3_IRQHandler
                0x08004ee8                DMA2_Channel1_IRQHandler
                0x08004ee8                QUADSPI_IRQHandler
                0x08004ee8                I2C1_EV_IRQHandler
                0x08004ee8                DMA1_Channel6_IRQHandler
                0x08004ee8                UART4_IRQHandler
                0x08004ee8                DMA2_Channel4_IRQHandler
                0x08004ee8                TIM3_IRQHandler
                0x08004ee8                RCC_IRQHandler
                0x08004ee8                DMA1_Channel1_IRQHandler
                0x08004ee8                Default_Handler
                0x08004ee8                DMA2_Channel7_IRQHandler
                0x08004ee8                EXTI15_10_IRQHandler
                0x08004ee8                TIM7_IRQHandler
                0x08004ee8                SDMMC1_IRQHandler
                0x08004ee8                I2C3_EV_IRQHandler
                0x08004ee8                RTC_WKUP_IRQHandler
                0x08004ee8                PVD_PVM_IRQHandler
                0x08004ee8                SPI2_IRQHandler
                0x08004ee8                CAN1_TX_IRQHandler
                0x08004ee8                DMA2_Channel5_IRQHandler
                0x08004ee8                DMA1_Channel5_IRQHandler
                0x08004ee8                EXTI4_IRQHandler
                0x08004ee8                RNG_IRQHandler
                0x08004ee8                TIM1_TRG_COM_TIM17_IRQHandler
                0x08004ee8                DMA1_Channel3_IRQHandler
                0x08004ee8                COMP_IRQHandler
                0x08004ee8                WWDG_IRQHandler
                0x08004ee8                LPUART1_IRQHandler
                0x08004ee8                DMA2_Channel6_IRQHandler
                0x08004ee8                TIM2_IRQHandler
                0x08004ee8                EXTI1_IRQHandler
                0x08004ee8                USART2_IRQHandler
                0x08004ee8                DFSDM1_FLT0_IRQHandler
                0x08004ee8                I2C2_ER_IRQHandler
                0x08004ee8                DMA1_Channel2_IRQHandler
                0x08004ee8                TIM8_BRK_IRQHandler
                0x08004ee8                CAN1_SCE_IRQHandler
                0x08004ee8                FLASH_IRQHandler
                0x08004ee8                USART1_IRQHandler
                0x08004ee8                OTG_FS_IRQHandler
                0x08004ee8                SPI3_IRQHandler
                0x08004ee8                I2C1_ER_IRQHandler
                0x08004ee8                FMC_IRQHandler
                0x08004ee8                SWPMI1_IRQHandler
                0x08004ee8                LPTIM1_IRQHandler
                0x08004ee8                SAI1_IRQHandler
                0x08004ee8                DMA2_Channel3_IRQHandler
                0x08004ee8                TIM1_BRK_TIM15_IRQHandler
 *fill*         0x08004eea        0x2 
 .text.GAP_ConnectionComplete_CB
                0x08004eec       0x18 ./Application/User/sensor_service.o
 .text.AccGyroMag_AttributeModified_CB
                0x08004f04       0x90 ./Application/User/sensor_service.o
 .text.GAP_DisconnectionComplete_CB
                0x08004f94       0x5c ./Application/User/sensor_service.o
 .text.safe_aci_gatt_update_char_value
                0x08004ff0       0x30 ./Application/User/sensor_service.o
                0x08004ff0                safe_aci_gatt_update_char_value
 .text.Add_HW_SW_ServW2ST_Service
                0x08005020      0x140 ./Application/User/sensor_service.o
                0x08005020                Add_HW_SW_ServW2ST_Service
 .text.AccGyroMag_Update
                0x08005160       0xf8 ./Application/User/sensor_service.o
                0x08005160                AccGyroMag_Update
 .text.setConnectable
                0x08005258       0xf0 ./Application/User/sensor_service.o
                0x08005258                setConnectable
 .text.Read_Request_CB
                0x08005348       0x14 ./Application/User/sensor_service.o
                0x08005348                Read_Request_CB
 .text.Attribute_Modified_CB
                0x0800535c       0x1c ./Application/User/sensor_service.o
                0x0800535c                Attribute_Modified_CB
 .text.HCI_Event_CB
                0x08005378       0x80 ./Application/User/sensor_service.o
                0x08005378                HCI_Event_CB
 .text.HCI_TL_SPI_Init
                0x080053f8       0xcc ./Application/User/hci_tl_interface.o
                0x080053f8                HCI_TL_SPI_Init
 .text.HCI_TL_SPI_DeInit
                0x080054c4       0x2c ./Application/User/hci_tl_interface.o
                0x080054c4                HCI_TL_SPI_DeInit
 .text.HCI_TL_SPI_Reset
                0x080054f0       0x2c ./Application/User/hci_tl_interface.o
                0x080054f0                HCI_TL_SPI_Reset
 .text.HCI_TL_SPI_Receive
                0x0800551c       0x84 ./Application/User/hci_tl_interface.o
                0x0800551c                HCI_TL_SPI_Receive
 .text.HCI_TL_SPI_Send
                0x080055a0       0x80 ./Application/User/hci_tl_interface.o
                0x080055a0                HCI_TL_SPI_Send
 .text.IsDataAvailable
                0x08005620       0x18 ./Application/User/hci_tl_interface.o
 .text.hci_tl_lowlevel_init
                0x08005638       0x50 ./Application/User/hci_tl_interface.o
                0x08005638                hci_tl_lowlevel_init
 .text.hci_tl_lowlevel_isr
                0x08005688       0x14 ./Application/User/hci_tl_interface.o
                0x08005688                hci_tl_lowlevel_isr
 .text.SystemClock_Config
                0x0800569c       0xc4 ./Application/User/main.o
 .text.BSP_LSM303AGR_WriteReg_Acc
                0x08005760       0x54 ./Application/User/main.o
 .text.startAcc
                0x080057b4       0x2a ./Application/User/main.o
 *fill*         0x080057de        0x2 
 .text.BSP_LSM303AGR_WriteReg_Mag
                0x080057e0       0x54 ./Application/User/main.o
 .text.startMag
                0x08005834       0x2a ./Application/User/main.o
 *fill*         0x0800585e        0x2 
 .text.SendMotionData
                0x08005860       0x18 ./Application/User/main.o
 .text.LPF_A    0x08005878       0x48 ./Application/User/main.o
                0x08005878                LPF_A
 .text.LPF_M    0x080058c0       0x74 ./Application/User/main.o
                0x080058c0                LPF_M
 .text.check_local
                0x08005934       0x6c ./Application/User/main.o
                0x08005934                check_local
 .text.calc_orientation
                0x080059a0       0xec ./Application/User/main.o
                0x080059a0                calc_orientation
 .text.UART5_Transmit
                0x08005a8c       0x18 ./Application/User/main.o
                0x08005a8c                UART5_Transmit
 .text.Init_BlueNRG_Stack
                0x08005aa4      0x1f4 ./Application/User/main.o
 .text.Init_BlueNRG_Custom_Services
                0x08005c98       0x5c ./Application/User/main.o
 .text.HAL_TIM_OC_DelayElapsedCallback
                0x08005cf4       0x30 ./Application/User/main.o
                0x08005cf4                HAL_TIM_OC_DelayElapsedCallback
 .text.HAL_TIM_PeriodElapsedCallback
                0x08005d24       0x18 ./Application/User/main.o
                0x08005d24                HAL_TIM_PeriodElapsedCallback
 .text.Sensor_IO_SPI_CS_Init_All
                0x08005d3c      0x1dc ./Application/User/main.o
                0x08005d3c                Sensor_IO_SPI_CS_Init_All
 .text.LSM303AGR_SPI_Read_nBytes
                0x08005f18       0x5a ./Application/User/main.o
                0x08005f18                LSM303AGR_SPI_Read_nBytes
 .text.LSM303AGR_SPI_Read
                0x08005f72       0x3a ./Application/User/main.o
                0x08005f72                LSM303AGR_SPI_Read
 .text.LSM303AGR_SPI_Write
                0x08005fac       0x20 ./Application/User/main.o
                0x08005fac                LSM303AGR_SPI_Write
 .text.BSP_LSM303AGR_ReadReg_Mag
                0x08005fcc       0x78 ./Application/User/main.o
 .text.readMag  0x08006044       0x7c ./Application/User/main.o
 .text.BSP_LSM303AGR_ReadReg_Acc
                0x080060c0       0x88 ./Application/User/main.o
 .text.InitLSM  0x08006148       0x78 ./Application/User/main.o
 .text.readAcc  0x080061c0       0x84 ./Application/User/main.o
 .text.HAL_Delay
                0x08006244       0x20 ./Application/User/main.o
                0x08006244                HAL_Delay
 .text.Error_Handler
                0x08006264        0x2 ./Application/User/main.o
                0x08006264                Error_Handler
 *fill*         0x08006266        0x2 
 .text.InitTimers
                0x08006268       0xe4 ./Application/User/main.o
 .text.MX_UART5_UART_Init
                0x0800634c       0x40 ./Application/User/main.o
                0x0800634c                MX_UART5_UART_Init
 .text.InitTargetPlatform
                0x0800638c       0x12 ./Application/User/main.o
 *fill*         0x0800639e        0x2 
 .text.main     0x080063a0      0x164 ./Application/User/main.o
                0x080063a0                main
 .text.HAL_GPIO_EXTI_Callback
                0x08006504       0x1c ./Application/User/main.o
                0x08006504                HAL_GPIO_EXTI_Callback
 .text.HAL_TIM_Base_MspInit
                0x08006520       0x70 ./Application/User/stm32l4xx_hal_msp.o
                0x08006520                HAL_TIM_Base_MspInit
 .text.HAL_TIM_OC_MspInit
                0x08006590       0x34 ./Application/User/stm32l4xx_hal_msp.o
                0x08006590                HAL_TIM_OC_MspInit
 .text.HAL_UART_MspInit
                0x080065c4       0xfc ./Application/User/stm32l4xx_hal_msp.o
                0x080065c4                HAL_UART_MspInit
 .text.NMI_Handler
                0x080066c0        0x2 ./Application/User/stm32l4xx_it.o
                0x080066c0                NMI_Handler
 .text.HardFault_Handler
                0x080066c2        0x2 ./Application/User/stm32l4xx_it.o
                0x080066c2                HardFault_Handler
 .text.MemManage_Handler
                0x080066c4        0x2 ./Application/User/stm32l4xx_it.o
                0x080066c4                MemManage_Handler
 .text.BusFault_Handler
                0x080066c6        0x2 ./Application/User/stm32l4xx_it.o
                0x080066c6                BusFault_Handler
 .text.UsageFault_Handler
                0x080066c8        0x2 ./Application/User/stm32l4xx_it.o
                0x080066c8                UsageFault_Handler
 .text.SVC_Handler
                0x080066ca        0x2 ./Application/User/stm32l4xx_it.o
                0x080066ca                SVC_Handler
 .text.DebugMon_Handler
                0x080066cc        0x2 ./Application/User/stm32l4xx_it.o
                0x080066cc                DebugMon_Handler
 .text.PendSV_Handler
                0x080066ce        0x2 ./Application/User/stm32l4xx_it.o
                0x080066ce                PendSV_Handler
 .text.SysTick_Handler
                0x080066d0        0x8 ./Application/User/stm32l4xx_it.o
                0x080066d0                SysTick_Handler
 .text.TIM4_IRQHandler
                0x080066d8       0x10 ./Application/User/stm32l4xx_it.o
                0x080066d8                TIM4_IRQHandler
 .text.TIM5_IRQHandler
                0x080066e8        0x2 ./Application/User/stm32l4xx_it.o
                0x080066e8                TIM5_IRQHandler
 *fill*         0x080066ea        0x2 
 .text.TIM1_CC_IRQHandler
                0x080066ec       0x10 ./Application/User/stm32l4xx_it.o
                0x080066ec                TIM1_CC_IRQHandler
 .text.EXTI3_IRQHandler
                0x080066fc        0xa ./Application/User/stm32l4xx_it.o
                0x080066fc                EXTI3_IRQHandler
 .text.EXTI9_5_IRQHandler
                0x08006706        0xa ./Application/User/stm32l4xx_it.o
                0x08006706                EXTI9_5_IRQHandler
 .text.EXTI2_IRQHandler
                0x08006710        0x2 ./Application/User/stm32l4xx_it.o
                0x08006710                EXTI2_IRQHandler
 *fill*         0x08006712        0x2 
 .text.UART5_IRQHandler
                0x08006714       0x10 ./Application/User/stm32l4xx_it.o
                0x08006714                UART5_IRQHandler
 .text._sbrk    0x08006724       0x48 ./Application/User/sysmem.o
                0x08006724                _sbrk
 .text.BSP_LED_Init
                0x0800676c       0x80 ./Drivers/BSP/SensorTile/SensorTile.o
                0x0800676c                BSP_LED_Init
 .text.BSP_LED_Toggle
                0x080067ec       0x1c ./Drivers/BSP/SensorTile/SensorTile.o
                0x080067ec                BSP_LED_Toggle
 .text.SPI2_MspInit
                0x08006808       0x54 ./Drivers/BSP/SensorTile/SensorTile_bus.o
 .text.SPI1_MspInit
                0x0800685c       0x54 ./Drivers/BSP/SensorTile/SensorTile_bus.o
 .text.BSP_SPI2_Send
                0x080068b0       0x24 ./Drivers/BSP/SensorTile/SensorTile_bus.o
                0x080068b0                BSP_SPI2_Send
 .text.BSP_SPI1_SendRecv
                0x080068d4       0x2c ./Drivers/BSP/SensorTile/SensorTile_bus.o
                0x080068d4                BSP_SPI1_SendRecv
 .text.BSP_GetTick
                0x08006900        0x8 ./Drivers/BSP/SensorTile/SensorTile_bus.o
                0x08006900                BSP_GetTick
 .text.MX_SPI1_Init
                0x08006908       0x44 ./Drivers/BSP/SensorTile/SensorTile_bus.o
                0x08006908                MX_SPI1_Init
 .text.BSP_SPI1_Init
                0x0800694c       0x38 ./Drivers/BSP/SensorTile/SensorTile_bus.o
                0x0800694c                BSP_SPI1_Init
 .text.MX_SPI2_Init
                0x08006984       0x70 ./Drivers/BSP/SensorTile/SensorTile_bus.o
                0x08006984                MX_SPI2_Init
 .text.BSP_SPI2_Init
                0x080069f4       0x34 ./Drivers/BSP/SensorTile/SensorTile_bus.o
                0x080069f4                BSP_SPI2_Init
 .text.SystemInit
                0x08006a28       0x4c ./Drivers/CMSIS/system_stm32l4xx.o
                0x08006a28                SystemInit
 .text.HAL_MspInit
                0x08006a74        0x2 ./Drivers/STM32L4xx_HAL_Driver/stm32l4xx_hal.o
                0x08006a74                HAL_MspInit
 *fill*         0x08006a76        0x2 
 .text.HAL_InitTick
                0x08006a78       0x4c ./Drivers/STM32L4xx_HAL_Driver/stm32l4xx_hal.o
                0x08006a78                HAL_InitTick
 .text.HAL_Init
                0x08006ac4       0x1e ./Drivers/STM32L4xx_HAL_Driver/stm32l4xx_hal.o
                0x08006ac4                HAL_Init
 *fill*         0x08006ae2        0x2 
 .text.HAL_IncTick
                0x08006ae4       0x18 ./Drivers/STM32L4xx_HAL_Driver/stm32l4xx_hal.o
                0x08006ae4                HAL_IncTick
 .text.HAL_GetTick
                0x08006afc        0xc ./Drivers/STM32L4xx_HAL_Driver/stm32l4xx_hal.o
                0x08006afc                HAL_GetTick
 .text.__NVIC_EnableIRQ
                0x08006b08       0x1c ./Drivers/STM32L4xx_HAL_Driver/stm32l4xx_hal_cortex.o
 .text.__NVIC_SetPriority
                0x08006b24       0x28 ./Drivers/STM32L4xx_HAL_Driver/stm32l4xx_hal_cortex.o
 .text.NVIC_EncodePriority
                0x08006b4c       0x3e ./Drivers/STM32L4xx_HAL_Driver/stm32l4xx_hal_cortex.o
 *fill*         0x08006b8a        0x2 
 .text.HAL_NVIC_SetPriorityGrouping
                0x08006b8c       0x24 ./Drivers/STM32L4xx_HAL_Driver/stm32l4xx_hal_cortex.o
                0x08006b8c                HAL_NVIC_SetPriorityGrouping
 .text.HAL_NVIC_SetPriority
                0x08006bb0       0x20 ./Drivers/STM32L4xx_HAL_Driver/stm32l4xx_hal_cortex.o
                0x08006bb0                HAL_NVIC_SetPriority
 .text.HAL_NVIC_EnableIRQ
                0x08006bd0        0x8 ./Drivers/STM32L4xx_HAL_Driver/stm32l4xx_hal_cortex.o
                0x08006bd0                HAL_NVIC_EnableIRQ
 .text.HAL_SYSTICK_Config
                0x08006bd8       0x28 ./Drivers/STM32L4xx_HAL_Driver/stm32l4xx_hal_cortex.o
                0x08006bd8                HAL_SYSTICK_Config
 .text.HAL_DMA_Abort
                0x08006c00       0x4a ./Drivers/STM32L4xx_HAL_Driver/stm32l4xx_hal_dma.o
                0x08006c00                HAL_DMA_Abort
 .text.HAL_DMA_Abort_IT
                0x08006c4a       0x50 ./Drivers/STM32L4xx_HAL_Driver/stm32l4xx_hal_dma.o
                0x08006c4a                HAL_DMA_Abort_IT
 *fill*         0x08006c9a        0x2 
 .text.HAL_GPIO_Init
                0x08006c9c      0x1d8 ./Drivers/STM32L4xx_HAL_Driver/stm32l4xx_hal_gpio.o
                0x08006c9c                HAL_GPIO_Init
 .text.HAL_GPIO_DeInit
                0x08006e74      0x130 ./Drivers/STM32L4xx_HAL_Driver/stm32l4xx_hal_gpio.o
                0x08006e74                HAL_GPIO_DeInit
 .text.HAL_GPIO_ReadPin
                0x08006fa4        0xe ./Drivers/STM32L4xx_HAL_Driver/stm32l4xx_hal_gpio.o
                0x08006fa4                HAL_GPIO_ReadPin
 .text.HAL_GPIO_WritePin
                0x08006fb2        0xa ./Drivers/STM32L4xx_HAL_Driver/stm32l4xx_hal_gpio.o
                0x08006fb2                HAL_GPIO_WritePin
 .text.HAL_GPIO_TogglePin
                0x08006fbc       0x12 ./Drivers/STM32L4xx_HAL_Driver/stm32l4xx_hal_gpio.o
                0x08006fbc                HAL_GPIO_TogglePin
 *fill*         0x08006fce        0x2 
 .text.HAL_GPIO_EXTI_IRQHandler
                0x08006fd0       0x1c ./Drivers/STM32L4xx_HAL_Driver/stm32l4xx_hal_gpio.o
                0x08006fd0                HAL_GPIO_EXTI_IRQHandler
 .text.HAL_PWR_EnableBkUpAccess
                0x08006fec       0x10 ./Drivers/STM32L4xx_HAL_Driver/stm32l4xx_hal_pwr.o
                0x08006fec                HAL_PWR_EnableBkUpAccess
 .text.HAL_PWREx_GetVoltageRange
                0x08006ffc       0x10 ./Drivers/STM32L4xx_HAL_Driver/stm32l4xx_hal_pwr_ex.o
                0x08006ffc                HAL_PWREx_GetVoltageRange
 .text.HAL_PWREx_EnableVddIO2
                0x0800700c       0x10 ./Drivers/STM32L4xx_HAL_Driver/stm32l4xx_hal_pwr_ex.o
                0x0800700c                HAL_PWREx_EnableVddIO2
 .text.RCC_SetFlashLatencyFromMSIRange
                0x0800701c       0x90 ./Drivers/STM32L4xx_HAL_Driver/stm32l4xx_hal_rcc.o
 .text.HAL_RCC_GetSysClockFreq
                0x080070ac       0xa8 ./Drivers/STM32L4xx_HAL_Driver/stm32l4xx_hal_rcc.o
                0x080070ac                HAL_RCC_GetSysClockFreq
 .text.HAL_RCC_OscConfig
                0x08007154      0x62c ./Drivers/STM32L4xx_HAL_Driver/stm32l4xx_hal_rcc.o
                0x08007154                HAL_RCC_OscConfig
 .text.HAL_RCC_ClockConfig
                0x08007780      0x15c ./Drivers/STM32L4xx_HAL_Driver/stm32l4xx_hal_rcc.o
                0x08007780                HAL_RCC_ClockConfig
 .text.HAL_RCC_GetHCLKFreq
                0x080078dc        0xc ./Drivers/STM32L4xx_HAL_Driver/stm32l4xx_hal_rcc.o
                0x080078dc                HAL_RCC_GetHCLKFreq
 .text.HAL_RCC_GetPCLK1Freq
                0x080078e8       0x24 ./Drivers/STM32L4xx_HAL_Driver/stm32l4xx_hal_rcc.o
                0x080078e8                HAL_RCC_GetPCLK1Freq
 .text.HAL_RCC_GetPCLK2Freq
                0x0800790c       0x24 ./Drivers/STM32L4xx_HAL_Driver/stm32l4xx_hal_rcc.o
                0x0800790c                HAL_RCC_GetPCLK2Freq
 .text.RCCEx_PLLSAI1_Config
                0x08007930      0x170 ./Drivers/STM32L4xx_HAL_Driver/stm32l4xx_hal_rcc_ex.o
 .text.RCCEx_PLLSAI2_Config
                0x08007aa0      0x14c ./Drivers/STM32L4xx_HAL_Driver/stm32l4xx_hal_rcc_ex.o
 .text.HAL_RCCEx_PeriphCLKConfig
                0x08007bec      0x454 ./Drivers/STM32L4xx_HAL_Driver/stm32l4xx_hal_rcc_ex.o
                0x08007bec                HAL_RCCEx_PeriphCLKConfig
 .text.HAL_RCCEx_DisableLSECSS
                0x08008040       0x1c ./Drivers/STM32L4xx_HAL_Driver/stm32l4xx_hal_rcc_ex.o
                0x08008040                HAL_RCCEx_DisableLSECSS
 .text.HAL_RCCEx_EnableMSIPLLMode
                0x0800805c       0x10 ./Drivers/STM32L4xx_HAL_Driver/stm32l4xx_hal_rcc_ex.o
                0x0800805c                HAL_RCCEx_EnableMSIPLLMode
 .text.SPI_WaitFlagStateUntilTimeout
                0x0800806c       0xc8 ./Drivers/STM32L4xx_HAL_Driver/stm32l4xx_hal_spi.o
 .text.SPI_WaitFifoStateUntilTimeout
                0x08008134       0xe0 ./Drivers/STM32L4xx_HAL_Driver/stm32l4xx_hal_spi.o
 .text.SPI_EndRxTxTransaction
                0x08008214       0x62 ./Drivers/STM32L4xx_HAL_Driver/stm32l4xx_hal_spi.o
 .text.HAL_SPI_MspInit
                0x08008276        0x2 ./Drivers/STM32L4xx_HAL_Driver/stm32l4xx_hal_spi.o
                0x08008276                HAL_SPI_MspInit
 .text.HAL_SPI_Init
                0x08008278      0x11c ./Drivers/STM32L4xx_HAL_Driver/stm32l4xx_hal_spi.o
                0x08008278                HAL_SPI_Init
 .text.HAL_SPI_Transmit
                0x08008394      0x234 ./Drivers/STM32L4xx_HAL_Driver/stm32l4xx_hal_spi.o
                0x08008394                HAL_SPI_Transmit
 .text.HAL_SPI_TransmitReceive
                0x080085c8      0x40a ./Drivers/STM32L4xx_HAL_Driver/stm32l4xx_hal_spi.o
                0x080085c8                HAL_SPI_TransmitReceive
 .text.HAL_SPI_GetState
                0x080089d2        0x6 ./Drivers/STM32L4xx_HAL_Driver/stm32l4xx_hal_spi.o
                0x080089d2                HAL_SPI_GetState
 .text.TIM_OC1_SetConfig
                0x080089d8       0x9c ./Drivers/STM32L4xx_HAL_Driver/stm32l4xx_hal_tim.o
 .text.TIM_OC3_SetConfig
                0x08008a74       0x8c ./Drivers/STM32L4xx_HAL_Driver/stm32l4xx_hal_tim.o
 .text.TIM_OC4_SetConfig
                0x08008b00       0x6c ./Drivers/STM32L4xx_HAL_Driver/stm32l4xx_hal_tim.o
 .text.TIM_OC5_SetConfig
                0x08008b6c       0x68 ./Drivers/STM32L4xx_HAL_Driver/stm32l4xx_hal_tim.o
 .text.TIM_OC6_SetConfig
                0x08008bd4       0x6c ./Drivers/STM32L4xx_HAL_Driver/stm32l4xx_hal_tim.o
 .text.HAL_TIM_Base_Start_IT
                0x08008c40       0x8c ./Drivers/STM32L4xx_HAL_Driver/stm32l4xx_hal_tim.o
                0x08008c40                HAL_TIM_Base_Start_IT
 .text.HAL_TIM_ReadCapturedValue
                0x08008ccc       0x32 ./Drivers/STM32L4xx_HAL_Driver/stm32l4xx_hal_tim.o
                0x08008ccc                HAL_TIM_ReadCapturedValue
 .text.HAL_TIM_IC_CaptureCallback
                0x08008cfe        0x2 ./Drivers/STM32L4xx_HAL_Driver/stm32l4xx_hal_tim.o
                0x08008cfe                HAL_TIM_IC_CaptureCallback
 .text.HAL_TIM_PWM_PulseFinishedCallback
                0x08008d00        0x2 ./Drivers/STM32L4xx_HAL_Driver/stm32l4xx_hal_tim.o
                0x08008d00                HAL_TIM_PWM_PulseFinishedCallback
 .text.HAL_TIM_TriggerCallback
                0x08008d02        0x2 ./Drivers/STM32L4xx_HAL_Driver/stm32l4xx_hal_tim.o
                0x08008d02                HAL_TIM_TriggerCallback
 .text.HAL_TIM_IRQHandler
                0x08008d04      0x19a ./Drivers/STM32L4xx_HAL_Driver/stm32l4xx_hal_tim.o
                0x08008d04                HAL_TIM_IRQHandler
 *fill*         0x08008e9e        0x2 
 .text.TIM_Base_SetConfig
                0x08008ea0       0xc8 ./Drivers/STM32L4xx_HAL_Driver/stm32l4xx_hal_tim.o
                0x08008ea0                TIM_Base_SetConfig
 .text.HAL_TIM_Base_Init
                0x08008f68       0x60 ./Drivers/STM32L4xx_HAL_Driver/stm32l4xx_hal_tim.o
                0x08008f68                HAL_TIM_Base_Init
 .text.HAL_TIM_OC_Init
                0x08008fc8       0x60 ./Drivers/STM32L4xx_HAL_Driver/stm32l4xx_hal_tim.o
                0x08008fc8                HAL_TIM_OC_Init
 .text.TIM_OC2_SetConfig
                0x08009028       0x8c ./Drivers/STM32L4xx_HAL_Driver/stm32l4xx_hal_tim.o
                0x08009028                TIM_OC2_SetConfig
 .text.HAL_TIM_OC_ConfigChannel
                0x080090b4       0x6a ./Drivers/STM32L4xx_HAL_Driver/stm32l4xx_hal_tim.o
                0x080090b4                HAL_TIM_OC_ConfigChannel
 .text.TIM_CCxChannelCmd
                0x0800911e       0x1e ./Drivers/STM32L4xx_HAL_Driver/stm32l4xx_hal_tim.o
                0x0800911e                TIM_CCxChannelCmd
 .text.HAL_TIM_OC_Start_IT
                0x0800913c      0x1d0 ./Drivers/STM32L4xx_HAL_Driver/stm32l4xx_hal_tim.o
                0x0800913c                HAL_TIM_OC_Start_IT
 .text.HAL_TIM_OC_Stop_IT
                0x0800930c      0x108 ./Drivers/STM32L4xx_HAL_Driver/stm32l4xx_hal_tim.o
                0x0800930c                HAL_TIM_OC_Stop_IT
 .text.HAL_TIMEx_CommutCallback
                0x08009414        0x2 ./Drivers/STM32L4xx_HAL_Driver/stm32l4xx_hal_tim_ex.o
                0x08009414                HAL_TIMEx_CommutCallback
 .text.HAL_TIMEx_BreakCallback
                0x08009416        0x2 ./Drivers/STM32L4xx_HAL_Driver/stm32l4xx_hal_tim_ex.o
                0x08009416                HAL_TIMEx_BreakCallback
 .text.HAL_TIMEx_Break2Callback
                0x08009418        0x2 ./Drivers/STM32L4xx_HAL_Driver/stm32l4xx_hal_tim_ex.o
                0x08009418                HAL_TIMEx_Break2Callback
 .text.UART_EndRxTransfer
                0x0800941a       0x32 ./Drivers/STM32L4xx_HAL_Driver/stm32l4xx_hal_uart.o
 .text.HAL_UART_TxCpltCallback
                0x0800944c        0x2 ./Drivers/STM32L4xx_HAL_Driver/stm32l4xx_hal_uart.o
                0x0800944c                HAL_UART_TxCpltCallback
 .text.UART_EndTransmit_IT
                0x0800944e       0x1a ./Drivers/STM32L4xx_HAL_Driver/stm32l4xx_hal_uart.o
 .text.HAL_UART_ErrorCallback
                0x08009468        0x2 ./Drivers/STM32L4xx_HAL_Driver/stm32l4xx_hal_uart.o
                0x08009468                HAL_UART_ErrorCallback
 .text.UART_DMAAbortOnError
                0x0800946a       0x14 ./Drivers/STM32L4xx_HAL_Driver/stm32l4xx_hal_uart.o
 .text.HAL_UARTEx_RxEventCallback
                0x0800947e        0x2 ./Drivers/STM32L4xx_HAL_Driver/stm32l4xx_hal_uart.o
                0x0800947e                HAL_UARTEx_RxEventCallback
 .text.HAL_UART_IRQHandler
                0x08009480      0x284 ./Drivers/STM32L4xx_HAL_Driver/stm32l4xx_hal_uart.o
                0x08009480                HAL_UART_IRQHandler
 .text.UART_SetConfig
                0x08009704      0x32c ./Drivers/STM32L4xx_HAL_Driver/stm32l4xx_hal_uart.o
                0x08009704                UART_SetConfig
 .text.UART_AdvFeatureConfig
                0x08009a30       0xca ./Drivers/STM32L4xx_HAL_Driver/stm32l4xx_hal_uart.o
                0x08009a30                UART_AdvFeatureConfig
 .text.UART_WaitOnFlagUntilTimeout
                0x08009afa       0xa4 ./Drivers/STM32L4xx_HAL_Driver/stm32l4xx_hal_uart.o
                0x08009afa                UART_WaitOnFlagUntilTimeout
 .text.HAL_UART_Transmit
                0x08009b9e       0xd8 ./Drivers/STM32L4xx_HAL_Driver/stm32l4xx_hal_uart.o
                0x08009b9e                HAL_UART_Transmit
 .text.UART_CheckIdleState
                0x08009c76       0x70 ./Drivers/STM32L4xx_HAL_Driver/stm32l4xx_hal_uart.o
                0x08009c76                UART_CheckIdleState
 .text.HAL_UART_Init
                0x08009ce6       0x62 ./Drivers/STM32L4xx_HAL_Driver/stm32l4xx_hal_uart.o
                0x08009ce6                HAL_UART_Init
 .text.HAL_UARTEx_WakeupCallback
                0x08009d48        0x2 ./Drivers/STM32L4xx_HAL_Driver/stm32l4xx_hal_uart_ex.o
                0x08009d48                HAL_UARTEx_WakeupCallback
 .text.aci_gap_init_IDB05A1
                0x08009d4a       0x70 ./Middlewares/BlueNRG-MS/HCI/Controller/bluenrg_gap_aci.o
                0x08009d4a                aci_gap_init_IDB05A1
 .text.aci_gap_set_discoverable
                0x08009dba       0xc0 ./Middlewares/BlueNRG-MS/HCI/Controller/bluenrg_gap_aci.o
                0x08009dba                aci_gap_set_discoverable
 .text.aci_gap_set_auth_requirement
                0x08009e7a       0x8e ./Middlewares/BlueNRG-MS/HCI/Controller/bluenrg_gap_aci.o
                0x08009e7a                aci_gap_set_auth_requirement
 .text.aci_gap_update_adv_data
                0x08009f08       0x60 ./Middlewares/BlueNRG-MS/HCI/Controller/bluenrg_gap_aci.o
                0x08009f08                aci_gap_update_adv_data
 .text.aci_gatt_init
                0x08009f68       0x42 ./Middlewares/BlueNRG-MS/HCI/Controller/bluenrg_gatt_aci.o
                0x08009f68                aci_gatt_init
 .text.aci_gatt_add_serv
                0x08009faa       0x8a ./Middlewares/BlueNRG-MS/HCI/Controller/bluenrg_gatt_aci.o
                0x08009faa                aci_gatt_add_serv
 .text.aci_gatt_add_char
                0x0800a034       0xcc ./Middlewares/BlueNRG-MS/HCI/Controller/bluenrg_gatt_aci.o
                0x0800a034                aci_gatt_add_char
 .text.aci_gatt_update_char_value
                0x0800a100       0x70 ./Middlewares/BlueNRG-MS/HCI/Controller/bluenrg_gatt_aci.o
                0x0800a100                aci_gatt_update_char_value
 .text.aci_gatt_allow_read
                0x0800a170       0x4e ./Middlewares/BlueNRG-MS/HCI/Controller/bluenrg_gatt_aci.o
                0x0800a170                aci_gatt_allow_read
 .text.aci_hal_write_config_data
                0x0800a1be       0x66 ./Middlewares/BlueNRG-MS/HCI/Controller/bluenrg_hal_aci.o
                0x0800a1be                aci_hal_write_config_data
 .text.aci_hal_read_config_data
                0x0800a224       0x74 ./Middlewares/BlueNRG-MS/HCI/Controller/bluenrg_hal_aci.o
                0x0800a224                aci_hal_read_config_data
 .text.aci_hal_set_tx_power_level
                0x0800a298       0x50 ./Middlewares/BlueNRG-MS/HCI/Controller/bluenrg_hal_aci.o
                0x0800a298                aci_hal_set_tx_power_level
 .text.getBlueNRGVersion
                0x0800a2e8       0x4e ./Middlewares/BlueNRG-MS/HCI/Controller/bluenrg_utils_small.o
                0x0800a2e8                getBlueNRGVersion
 .text.hci_reset
                0x0800a336       0x3e ./Middlewares/BlueNRG-MS/HCI/hci_le.o
                0x0800a336                hci_reset
 .text.hci_le_read_local_version
                0x0800a374       0x74 ./Middlewares/BlueNRG-MS/HCI/hci_le.o
                0x0800a374                hci_le_read_local_version
 .text.hci_le_set_scan_resp_data
                0x0800a3e8       0x6a ./Middlewares/BlueNRG-MS/HCI/hci_le.o
                0x0800a3e8                hci_le_set_scan_resp_data
 .text.verify_packet
                0x0800a452       0x1e ./Middlewares/BlueNRG-MS/HCI/hci_tl_patterns/Basic/hci_tl.o
 .text.send_cmd
                0x0800a470       0x48 ./Middlewares/BlueNRG-MS/HCI/hci_tl_patterns/Basic/hci_tl.o
 .text.free_event_list
                0x0800a4b8       0x34 ./Middlewares/BlueNRG-MS/HCI/hci_tl_patterns/Basic/hci_tl.o
 .text.move_list
                0x0800a4ec       0x28 ./Middlewares/BlueNRG-MS/HCI/hci_tl_patterns/Basic/hci_tl.o
 .text.hci_init
                0x0800a514       0x54 ./Middlewares/BlueNRG-MS/HCI/hci_tl_patterns/Basic/hci_tl.o
                0x0800a514                hci_init
 .text.hci_register_io_bus
                0x0800a568       0x1c ./Middlewares/BlueNRG-MS/HCI/hci_tl_patterns/Basic/hci_tl.o
                0x0800a568                hci_register_io_bus
 .text.hci_send_req
                0x0800a584      0x154 ./Middlewares/BlueNRG-MS/HCI/hci_tl_patterns/Basic/hci_tl.o
                0x0800a584                hci_send_req
 .text.hci_user_evt_proc
                0x0800a6d8       0x44 ./Middlewares/BlueNRG-MS/HCI/hci_tl_patterns/Basic/hci_tl.o
                0x0800a6d8                hci_user_evt_proc
 .text.hci_notify_asynch_evt
                0x0800a71c       0x78 ./Middlewares/BlueNRG-MS/HCI/hci_tl_patterns/Basic/hci_tl.o
                0x0800a71c                hci_notify_asynch_evt
 .text.list_init_head
                0x0800a794        0x6 ./Middlewares/BlueNRG-MS/Utils/ble_list.o
                0x0800a794                list_init_head
 .text.list_is_empty
                0x0800a79a       0x18 ./Middlewares/BlueNRG-MS/Utils/ble_list.o
                0x0800a79a                list_is_empty
 .text.list_insert_head
                0x0800a7b2       0x18 ./Middlewares/BlueNRG-MS/Utils/ble_list.o
                0x0800a7b2                list_insert_head
 .text.list_insert_tail
                0x0800a7ca       0x18 ./Middlewares/BlueNRG-MS/Utils/ble_list.o
                0x0800a7ca                list_insert_tail
 .text.list_remove_node
                0x0800a7e2       0x16 ./Middlewares/BlueNRG-MS/Utils/ble_list.o
                0x0800a7e2                list_remove_node
 .text.list_remove_head
                0x0800a7f8       0x22 ./Middlewares/BlueNRG-MS/Utils/ble_list.o
                0x0800a7f8                list_remove_head
 .text.list_remove_tail
                0x0800a81a       0x22 ./Middlewares/BlueNRG-MS/Utils/ble_list.o
                0x0800a81a                list_remove_tail
 .text.list_get_size
                0x0800a83c       0x1c ./Middlewares/BlueNRG-MS/Utils/ble_list.o
                0x0800a83c                list_get_size
 .text.atan     0x0800a858      0x320 C:/ST/STM32CubeIDE_1.19.0/STM32CubeIDE/plugins/com.st.stm32cube.ide.mcu.externaltools.gnu-tools-for-stm32.13.3.rel1.win32_1.0.0.202411081344/tools/bin/../lib/gcc/arm-none-eabi/13.3.1/../../../../arm-none-eabi/lib/thumb/v7e-m+fp/softfp\libm.a(libm_a-s_atan.o)
                0x0800a858                atan
 .text.fabs     0x0800ab78        0x8 C:/ST/STM32CubeIDE_1.19.0/STM32CubeIDE/plugins/com.st.stm32cube.ide.mcu.externaltools.gnu-tools-for-stm32.13.3.rel1.win32_1.0.0.202411081344/tools/bin/../lib/gcc/arm-none-eabi/13.3.1/../../../../arm-none-eabi/lib/thumb/v7e-m+fp/softfp\libm.a(libm_a-s_fabs.o)
                0x0800ab78                fabs
 .text.sprintf  0x0800ab80       0x44 C:/ST/STM32CubeIDE_1.19.0/STM32CubeIDE/plugins/com.st.stm32cube.ide.mcu.externaltools.gnu-tools-for-stm32.13.3.rel1.win32_1.0.0.202411081344/tools/bin/../lib/gcc/arm-none-eabi/13.3.1/../../../../arm-none-eabi/lib/thumb/v7e-m+fp/softfp\libc_nano.a(libc_a-sprintf.o)
                0x0800ab80                siprintf
                0x0800ab80                sprintf
 .text.memset   0x0800abc4       0x10 C:/ST/STM32CubeIDE_1.19.0/STM32CubeIDE/plugins/com.st.stm32cube.ide.mcu.externaltools.gnu-tools-for-stm32.13.3.rel1.win32_1.0.0.202411081344/tools/bin/../lib/gcc/arm-none-eabi/13.3.1/../../../../arm-none-eabi/lib/thumb/v7e-m+fp/softfp\libc_nano.a(libc_a-memset.o)
                0x0800abc4                memset
 .text.__errno  0x0800abd4        0xc C:/ST/STM32CubeIDE_1.19.0/STM32CubeIDE/plugins/com.st.stm32cube.ide.mcu.externaltools.gnu-tools-for-stm32.13.3.rel1.win32_1.0.0.202411081344/tools/bin/../lib/gcc/arm-none-eabi/13.3.1/../../../../arm-none-eabi/lib/thumb/v7e-m+fp/softfp\libc_nano.a(libc_a-errno.o)
                0x0800abd4                __errno
 .text.__libc_init_array
                0x0800abe0       0x48 C:/ST/STM32CubeIDE_1.19.0/STM32CubeIDE/plugins/com.st.stm32cube.ide.mcu.externaltools.gnu-tools-for-stm32.13.3.rel1.win32_1.0.0.202411081344/tools/bin/../lib/gcc/arm-none-eabi/13.3.1/../../../../arm-none-eabi/lib/thumb/v7e-m+fp/softfp\libc_nano.a(libc_a-init.o)
                0x0800abe0                __libc_init_array
 .text.__retarget_lock_acquire_recursive
                0x0800ac28        0x2 C:/ST/STM32CubeIDE_1.19.0/STM32CubeIDE/plugins/com.st.stm32cube.ide.mcu.externaltools.gnu-tools-for-stm32.13.3.rel1.win32_1.0.0.202411081344/tools/bin/../lib/gcc/arm-none-eabi/13.3.1/../../../../arm-none-eabi/lib/thumb/v7e-m+fp/softfp\libc_nano.a(libc_a-lock.o)
                0x0800ac28                __retarget_lock_acquire_recursive
 .text.__retarget_lock_release_recursive
                0x0800ac2a        0x2 C:/ST/STM32CubeIDE_1.19.0/STM32CubeIDE/plugins/com.st.stm32cube.ide.mcu.externaltools.gnu-tools-for-stm32.13.3.rel1.win32_1.0.0.202411081344/tools/bin/../lib/gcc/arm-none-eabi/13.3.1/../../../../arm-none-eabi/lib/thumb/v7e-m+fp/softfp\libc_nano.a(libc_a-lock.o)
                0x0800ac2a                __retarget_lock_release_recursive
 .text.memcpy   0x0800ac2c       0x1c C:/ST/STM32CubeIDE_1.19.0/STM32CubeIDE/plugins/com.st.stm32cube.ide.mcu.externaltools.gnu-tools-for-stm32.13.3.rel1.win32_1.0.0.202411081344/tools/bin/../lib/gcc/arm-none-eabi/13.3.1/../../../../arm-none-eabi/lib/thumb/v7e-m+fp/softfp\libc_nano.a(libc_a-memcpy-stub.o)
                0x0800ac2c                memcpy
 .text._free_r  0x0800ac48       0x94 C:/ST/STM32CubeIDE_1.19.0/STM32CubeIDE/plugins/com.st.stm32cube.ide.mcu.externaltools.gnu-tools-for-stm32.13.3.rel1.win32_1.0.0.202411081344/tools/bin/../lib/gcc/arm-none-eabi/13.3.1/../../../../arm-none-eabi/lib/thumb/v7e-m+fp/softfp\libc_nano.a(libc_a-freer.o)
                0x0800ac48                _free_r
 .text.sbrk_aligned
                0x0800acdc       0x44 C:/ST/STM32CubeIDE_1.19.0/STM32CubeIDE/plugins/com.st.stm32cube.ide.mcu.externaltools.gnu-tools-for-stm32.13.3.rel1.win32_1.0.0.202411081344/tools/bin/../lib/gcc/arm-none-eabi/13.3.1/../../../../arm-none-eabi/lib/thumb/v7e-m+fp/softfp\libc_nano.a(libc_a-mallocr.o)
 .text._malloc_r
                0x0800ad20      0x100 C:/ST/STM32CubeIDE_1.19.0/STM32CubeIDE/plugins/com.st.stm32cube.ide.mcu.externaltools.gnu-tools-for-stm32.13.3.rel1.win32_1.0.0.202411081344/tools/bin/../lib/gcc/arm-none-eabi/13.3.1/../../../../arm-none-eabi/lib/thumb/v7e-m+fp/softfp\libc_nano.a(libc_a-mallocr.o)
                0x0800ad20                _malloc_r
 .text.__malloc_lock
                0x0800ae20        0xc C:/ST/STM32CubeIDE_1.19.0/STM32CubeIDE/plugins/com.st.stm32cube.ide.mcu.externaltools.gnu-tools-for-stm32.13.3.rel1.win32_1.0.0.202411081344/tools/bin/../lib/gcc/arm-none-eabi/13.3.1/../../../../arm-none-eabi/lib/thumb/v7e-m+fp/softfp\libc_nano.a(libc_a-mlock.o)
                0x0800ae20                __malloc_lock
 .text.__malloc_unlock
                0x0800ae2c        0xc C:/ST/STM32CubeIDE_1.19.0/STM32CubeIDE/plugins/com.st.stm32cube.ide.mcu.externaltools.gnu-tools-for-stm32.13.3.rel1.win32_1.0.0.202411081344/tools/bin/../lib/gcc/arm-none-eabi/13.3.1/../../../../arm-none-eabi/lib/thumb/v7e-m+fp/softfp\libc_nano.a(libc_a-mlock.o)
                0x0800ae2c                __malloc_unlock
 .text.__ssputs_r
                0x0800ae38       0xb6 C:/ST/STM32CubeIDE_1.19.0/STM32CubeIDE/plugins/com.st.stm32cube.ide.mcu.externaltools.gnu-tools-for-stm32.13.3.rel1.win32_1.0.0.202411081344/tools/bin/../lib/gcc/arm-none-eabi/13.3.1/../../../../arm-none-eabi/lib/thumb/v7e-m+fp/softfp\libc_nano.a(libc_a-nano-svfprintf.o)
                0x0800ae38                __ssputs_r
 *fill*         0x0800aeee        0x2 
 .text._svfprintf_r
                0x0800aef0      0x1f8 C:/ST/STM32CubeIDE_1.19.0/STM32CubeIDE/plugins/com.st.stm32cube.ide.mcu.externaltools.gnu-tools-for-stm32.13.3.rel1.win32_1.0.0.202411081344/tools/bin/../lib/gcc/arm-none-eabi/13.3.1/../../../../arm-none-eabi/lib/thumb/v7e-m+fp/softfp\libc_nano.a(libc_a-nano-svfprintf.o)
                0x0800aef0                _svfiprintf_r
                0x0800aef0                _svfprintf_r
 .text._printf_common
                0x0800b0e8       0xda C:/ST/STM32CubeIDE_1.19.0/STM32CubeIDE/plugins/com.st.stm32cube.ide.mcu.externaltools.gnu-tools-for-stm32.13.3.rel1.win32_1.0.0.202411081344/tools/bin/../lib/gcc/arm-none-eabi/13.3.1/../../../../arm-none-eabi/lib/thumb/v7e-m+fp/softfp\libc_nano.a(libc_a-nano-vfprintf_i.o)
                0x0800b0e8                _printf_common
 *fill*         0x0800b1c2        0x2 
 .text._printf_i
                0x0800b1c4      0x23c C:/ST/STM32CubeIDE_1.19.0/STM32CubeIDE/plugins/com.st.stm32cube.ide.mcu.externaltools.gnu-tools-for-stm32.13.3.rel1.win32_1.0.0.202411081344/tools/bin/../lib/gcc/arm-none-eabi/13.3.1/../../../../arm-none-eabi/lib/thumb/v7e-m+fp/softfp\libc_nano.a(libc_a-nano-vfprintf_i.o)
                0x0800b1c4                _printf_i
 .text.memmove  0x0800b400       0x34 C:/ST/STM32CubeIDE_1.19.0/STM32CubeIDE/plugins/com.st.stm32cube.ide.mcu.externaltools.gnu-tools-for-stm32.13.3.rel1.win32_1.0.0.202411081344/tools/bin/../lib/gcc/arm-none-eabi/13.3.1/../../../../arm-none-eabi/lib/thumb/v7e-m+fp/softfp\libc_nano.a(libc_a-memmove.o)
                0x0800b400                memmove
 .text._sbrk_r  0x0800b434       0x20 C:/ST/STM32CubeIDE_1.19.0/STM32CubeIDE/plugins/com.st.stm32cube.ide.mcu.externaltools.gnu-tools-for-stm32.13.3.rel1.win32_1.0.0.202411081344/tools/bin/../lib/gcc/arm-none-eabi/13.3.1/../../../../arm-none-eabi/lib/thumb/v7e-m+fp/softfp\libc_nano.a(libc_a-sbrkr.o)
                0x0800b434                _sbrk_r
 .text._realloc_r
                0x0800b454       0x5c C:/ST/STM32CubeIDE_1.19.0/STM32CubeIDE/plugins/com.st.stm32cube.ide.mcu.externaltools.gnu-tools-for-stm32.13.3.rel1.win32_1.0.0.202411081344/tools/bin/../lib/gcc/arm-none-eabi/13.3.1/../../../../arm-none-eabi/lib/thumb/v7e-m+fp/softfp\libc_nano.a(libc_a-reallocr.o)
                0x0800b454                _realloc_r
 .text._malloc_usable_size_r
                0x0800b4b0       0x10 C:/ST/STM32CubeIDE_1.19.0/STM32CubeIDE/plugins/com.st.stm32cube.ide.mcu.externaltools.gnu-tools-for-stm32.13.3.rel1.win32_1.0.0.202411081344/tools/bin/../lib/gcc/arm-none-eabi/13.3.1/../../../../arm-none-eabi/lib/thumb/v7e-m+fp/softfp\libc_nano.a(libc_a-msizer.o)
                0x0800b4b0                _malloc_usable_size_r
 *(.glue_7)
 .glue_7        0x0800b4c0        0x0 linker stubs
 *(.glue_7t)
 .glue_7t       0x0800b4c0        0x0 linker stubs
 *(.eh_frame)
 .eh_frame      0x0800b4c0        0x0 C:/ST/STM32CubeIDE_1.19.0/STM32CubeIDE/plugins/com.st.stm32cube.ide.mcu.externaltools.gnu-tools-for-stm32.13.3.rel1.win32_1.0.0.202411081344/tools/bin/../lib/gcc/arm-none-eabi/13.3.1/thumb/v7e-m+fp/softfp/crtbegin.o
 *(.init)
 .init          0x0800b4c0        0x4 C:/ST/STM32CubeIDE_1.19.0/STM32CubeIDE/plugins/com.st.stm32cube.ide.mcu.externaltools.gnu-tools-for-stm32.13.3.rel1.win32_1.0.0.202411081344/tools/bin/../lib/gcc/arm-none-eabi/13.3.1/thumb/v7e-m+fp/softfp/crti.o
                0x0800b4c0                _init
 .init          0x0800b4c4        0x8 C:/ST/STM32CubeIDE_1.19.0/STM32CubeIDE/plugins/com.st.stm32cube.ide.mcu.externaltools.gnu-tools-for-stm32.13.3.rel1.win32_1.0.0.202411081344/tools/bin/../lib/gcc/arm-none-eabi/13.3.1/thumb/v7e-m+fp/softfp/crtn.o
 *(.fini)
 .fini          0x0800b4cc        0x4 C:/ST/STM32CubeIDE_1.19.0/STM32CubeIDE/plugins/com.st.stm32cube.ide.mcu.externaltools.gnu-tools-for-stm32.13.3.rel1.win32_1.0.0.202411081344/tools/bin/../lib/gcc/arm-none-eabi/13.3.1/thumb/v7e-m+fp/softfp/crti.o
                0x0800b4cc                _fini
 .fini          0x0800b4d0        0x8 C:/ST/STM32CubeIDE_1.19.0/STM32CubeIDE/plugins/com.st.stm32cube.ide.mcu.externaltools.gnu-tools-for-stm32.13.3.rel1.win32_1.0.0.202411081344/tools/bin/../lib/gcc/arm-none-eabi/13.3.1/thumb/v7e-m+fp/softfp/crtn.o
                0x0800b4d8                        . = ALIGN (0x8)
                0x0800b4d8                        _etext = .

.vfp11_veneer   0x0800b4d8        0x0
 .vfp11_veneer  0x0800b4d8        0x0 linker stubs

.v4_bx          0x0800b4d8        0x0
 .v4_bx         0x0800b4d8        0x0 linker stubs

.iplt           0x0800b4d8        0x0
 .iplt          0x0800b4d8        0x0 C:/ST/STM32CubeIDE_1.19.0/STM32CubeIDE/plugins/com.st.stm32cube.ide.mcu.externaltools.gnu-tools-for-stm32.13.3.rel1.win32_1.0.0.202411081344/tools/bin/../lib/gcc/arm-none-eabi/13.3.1/thumb/v7e-m+fp/softfp/crtbegin.o

.rodata         0x0800b4d8      0x340
                0x0800b4d8                        . = ALIGN (0x8)
 *(.rodata)
 .rodata        0x0800b4d8        0x8 ./Drivers/BSP/SensorTile/SensorTile.o
                0x0800b4d8                GPIO_PIN
 .rodata        0x0800b4e0       0x48 ./Drivers/CMSIS/system_stm32l4xx.o
                0x0800b4e0                MSIRangeTable
                0x0800b510                AHBPrescTable
                0x0800b520                APBPrescTable
 *(.rodata*)
 .rodata.str1.4
                0x0800b528      0x278 ./Application/User/sensor_service.o
                                 0xad (size before relaxing)
 .rodata.str1.4
                0x0800b7a0       0x18 ./Application/User/hci_tl_interface.o
 .rodata.str1.4
                0x0800b7a0      0x1b4 ./Application/User/main.o
 .rodata.atanlo
                0x0800b7a0       0x20 C:/ST/STM32CubeIDE_1.19.0/STM32CubeIDE/plugins/com.st.stm32cube.ide.mcu.externaltools.gnu-tools-for-stm32.13.3.rel1.win32_1.0.0.202411081344/tools/bin/../lib/gcc/arm-none-eabi/13.3.1/../../../../arm-none-eabi/lib/thumb/v7e-m+fp/softfp\libm.a(libm_a-s_atan.o)
 .rodata.atanhi
                0x0800b7c0       0x20 C:/ST/STM32CubeIDE_1.19.0/STM32CubeIDE/plugins/com.st.stm32cube.ide.mcu.externaltools.gnu-tools-for-stm32.13.3.rel1.win32_1.0.0.202411081344/tools/bin/../lib/gcc/arm-none-eabi/13.3.1/../../../../arm-none-eabi/lib/thumb/v7e-m+fp/softfp\libm.a(libm_a-s_atan.o)
 .rodata._svfprintf_r.str1.1
                0x0800b7e0       0x33 C:/ST/STM32CubeIDE_1.19.0/STM32CubeIDE/plugins/com.st.stm32cube.ide.mcu.externaltools.gnu-tools-for-stm32.13.3.rel1.win32_1.0.0.202411081344/tools/bin/../lib/gcc/arm-none-eabi/13.3.1/../../../../arm-none-eabi/lib/thumb/v7e-m+fp/softfp\libc_nano.a(libc_a-nano-svfprintf.o)
                                 0x11 (size before relaxing)
 .rodata._printf_i.str1.1
                0x0800b813       0x22 C:/ST/STM32CubeIDE_1.19.0/STM32CubeIDE/plugins/com.st.stm32cube.ide.mcu.externaltools.gnu-tools-for-stm32.13.3.rel1.win32_1.0.0.202411081344/tools/bin/../lib/gcc/arm-none-eabi/13.3.1/../../../../arm-none-eabi/lib/thumb/v7e-m+fp/softfp\libc_nano.a(libc_a-nano-vfprintf_i.o)
                0x0800b958                        . = ALIGN (0x8)
 *fill*         0x0800b813        0x5 

.ARM.extab
 *(.ARM.extab* .gnu.linkonce.armextab.*)

.ARM            0x0800b818        0x8
                0x0800b818                        __exidx_start = .
 *(.ARM.exidx*)
 .ARM.exidx     0x0800b818        0x8 C:/ST/STM32CubeIDE_1.19.0/STM32CubeIDE/plugins/com.st.stm32cube.ide.mcu.externaltools.gnu-tools-for-stm32.13.3.rel1.win32_1.0.0.202411081344/tools/bin/../lib/gcc/arm-none-eabi/13.3.1/../../../../arm-none-eabi/lib/thumb/v7e-m+fp/softfp\libc_nano.a(libc_a-memchr.o)
 .ARM.exidx     0x0800b820        0x0 C:/ST/STM32CubeIDE_1.19.0/STM32CubeIDE/plugins/com.st.stm32cube.ide.mcu.externaltools.gnu-tools-for-stm32.13.3.rel1.win32_1.0.0.202411081344/tools/bin/../lib/gcc/arm-none-eabi/13.3.1/thumb/v7e-m+fp/softfp\libgcc.a(_udivmoddi4.o)
                                  0x8 (size before relaxing)
                0x0800b820                        __exidx_end = .

.rel.dyn        0x0800b820        0x0
 .rel.iplt      0x0800b820        0x0 C:/ST/STM32CubeIDE_1.19.0/STM32CubeIDE/plugins/com.st.stm32cube.ide.mcu.externaltools.gnu-tools-for-stm32.13.3.rel1.win32_1.0.0.202411081344/tools/bin/../lib/gcc/arm-none-eabi/13.3.1/thumb/v7e-m+fp/softfp/crtbegin.o

.preinit_array  0x0800b820        0x0
                0x0800b820                        PROVIDE (__preinit_array_start = .)
 *(.preinit_array*)
                0x0800b820                        PROVIDE (__preinit_array_end = .)

.init_array     0x0800b820        0x4
                0x0800b820                        PROVIDE (__init_array_start = .)
 *(SORT_BY_NAME(.init_array.*))
 *(.init_array*)
 .init_array    0x0800b820        0x4 C:/ST/STM32CubeIDE_1.19.0/STM32CubeIDE/plugins/com.st.stm32cube.ide.mcu.externaltools.gnu-tools-for-stm32.13.3.rel1.win32_1.0.0.202411081344/tools/bin/../lib/gcc/arm-none-eabi/13.3.1/thumb/v7e-m+fp/softfp/crtbegin.o
                0x0800b824                        PROVIDE (__init_array_end = .)

.fini_array     0x0800b824        0x4
                [!provide]                        PROVIDE (__fini_array_start = .)
 *(SORT_BY_NAME(.fini_array.*))
 *(.fini_array*)
 .fini_array    0x0800b824        0x4 C:/ST/STM32CubeIDE_1.19.0/STM32CubeIDE/plugins/com.st.stm32cube.ide.mcu.externaltools.gnu-tools-for-stm32.13.3.rel1.win32_1.0.0.202411081344/tools/bin/../lib/gcc/arm-none-eabi/13.3.1/thumb/v7e-m+fp/softfp/crtbegin.o
                [!provide]                        PROVIDE (__fini_array_end = .)
                0x0800b828                        _sidata = LOADADDR (.data)

.data           0x20000000       0x80 load address 0x0800b828
                0x20000000                        . = ALIGN (0x8)
                0x20000000                        _sdata = .
 *(.data)
 .data          0x20000000        0x1 ./Application/User/sensor_service.o
                0x20000000                set_connectable
 *fill*         0x20000001        0x3 
 .data          0x20000004       0x14 ./Application/User/main.o
                0x20000004                d
                0x20000008                d_m
                0x2000000c                buffer_n
                0x20000010                uhCCR4_Val
                0x20000014                heading_offset
 .data          0x20000018        0x8 ./Drivers/BSP/SensorTile/SensorTile.o
                0x20000018                GPIO_PORT
 .data          0x20000020        0x4 ./Drivers/CMSIS/system_stm32l4xx.o
                0x20000020                SystemCoreClock
 .data          0x20000024        0x8 ./Drivers/STM32L4xx_HAL_Driver/stm32l4xx_hal.o
                0x20000024                uwTickFreq
                0x20000028                uwTickPrio
 *(.data*)
 .data._impure_ptr
                0x2000002c        0x4 C:/ST/STM32CubeIDE_1.19.0/STM32CubeIDE/plugins/com.st.stm32cube.ide.mcu.externaltools.gnu-tools-for-stm32.13.3.rel1.win32_1.0.0.202411081344/tools/bin/../lib/gcc/arm-none-eabi/13.3.1/../../../../arm-none-eabi/lib/thumb/v7e-m+fp/softfp\libc_nano.a(libc_a-impure.o)
                0x2000002c                _impure_ptr
 .data._impure_data
                0x20000030       0x4c C:/ST/STM32CubeIDE_1.19.0/STM32CubeIDE/plugins/com.st.stm32cube.ide.mcu.externaltools.gnu-tools-for-stm32.13.3.rel1.win32_1.0.0.202411081344/tools/bin/../lib/gcc/arm-none-eabi/13.3.1/../../../../arm-none-eabi/lib/thumb/v7e-m+fp/softfp\libc_nano.a(libc_a-impure.o)
                0x20000030                _impure_data
                0x20000080                        . = ALIGN (0x8)
 *fill*         0x2000007c        0x4 
                0x20000080                        _edata = .

.igot.plt       0x20000080        0x0 load address 0x0800b8a8
 .igot.plt      0x20000080        0x0 C:/ST/STM32CubeIDE_1.19.0/STM32CubeIDE/plugins/com.st.stm32cube.ide.mcu.externaltools.gnu-tools-for-stm32.13.3.rel1.win32_1.0.0.202411081344/tools/bin/../lib/gcc/arm-none-eabi/13.3.1/thumb/v7e-m+fp/softfp/crtbegin.o
                0x20000080                        . = ALIGN (0x4)

.bss            0x20000080      0x928 load address 0x0800b8a8
                0x20000080                        _sbss = .
                0x20000080                        __bss_start__ = _sbss
 *(.bss)
 .bss           0x20000080       0x1c C:/ST/STM32CubeIDE_1.19.0/STM32CubeIDE/plugins/com.st.stm32cube.ide.mcu.externaltools.gnu-tools-for-stm32.13.3.rel1.win32_1.0.0.202411081344/tools/bin/../lib/gcc/arm-none-eabi/13.3.1/thumb/v7e-m+fp/softfp/crtbegin.o
 .bss           0x2000009c       0x14 ./Application/User/sensor_service.o
                0x2000009c                connected
                0x200000ac                FeatureMask
 .bss           0x200000b0       0xff ./Application/User/hci_tl_interface.o
 *fill*         0x200001af        0x1 
 .bss           0x200001b0      0x2f4 ./Application/User/main.o
                0x200001b0                MAG_Value
                0x200001bc                COMP_Value
                0x200001c8                ACC_Value
                0x200001d4                Xin
                0x200001d8                Yprev
                0x200001dc                Yout
                0x200001e0                Xin_mx
                0x200001e4                Xin_my
                0x200001e8                Yprev_mx
                0x200001ec                Yout_mx
                0x200001f0                Yprev_my
                0x200001f4                Yout_my
                0x200001f8                y_buffer
                0x20000220                local_max
                0x20000224                local_min
                0x20000228                UartHandle
                0x200002ac                bdaddr
                0x200002b4                TimCCHandle
                0x20000304                TimEnvHandle
                0x20000354                NodeName
                0x2000035c                HCI_ProcessEvent
                0x20000368                AccCalibrationData
                0x20000384                MagCalibrationData
                0x20000398                BytesToWrite
                0x2000039c                BufferToWrite
                0x2000049c                FirstConnectionConfig
                0x200004a0                ConnectionBleStatus
 .bss           0x200004a4        0x4 ./Application/User/sysmem.o
 .bss           0x200004a8       0xc8 ./Drivers/BSP/SensorTile/SensorTile_bus.o
                0x200004a8                hbusspi2
                0x2000050c                hbusspi1
 .bss           0x20000570        0x4 ./Drivers/STM32L4xx_HAL_Driver/stm32l4xx_hal.o
                0x20000570                uwTick
 .bss           0x20000574      0x2ec ./Middlewares/BlueNRG-MS/HCI/hci_tl_patterns/Basic/hci_tl.o
                0x20000594                hciReadPktRxQueue
                0x2000059c                hciReadPktPool
 *(.bss*)
 .bss.__sf      0x20000860      0x138 C:/ST/STM32CubeIDE_1.19.0/STM32CubeIDE/plugins/com.st.stm32cube.ide.mcu.externaltools.gnu-tools-for-stm32.13.3.rel1.win32_1.0.0.202411081344/tools/bin/../lib/gcc/arm-none-eabi/13.3.1/../../../../arm-none-eabi/lib/thumb/v7e-m+fp/softfp\libc_nano.a(libc_a-findfp.o)
                0x20000860                __sf
 .bss.errno     0x20000998        0x4 C:/ST/STM32CubeIDE_1.19.0/STM32CubeIDE/plugins/com.st.stm32cube.ide.mcu.externaltools.gnu-tools-for-stm32.13.3.rel1.win32_1.0.0.202411081344/tools/bin/../lib/gcc/arm-none-eabi/13.3.1/../../../../arm-none-eabi/lib/thumb/v7e-m+fp/softfp\libc_nano.a(libc_a-reent.o)
                0x20000998                errno
 .bss.__lock___malloc_recursive_mutex
                0x2000099c        0x1 C:/ST/STM32CubeIDE_1.19.0/STM32CubeIDE/plugins/com.st.stm32cube.ide.mcu.externaltools.gnu-tools-for-stm32.13.3.rel1.win32_1.0.0.202411081344/tools/bin/../lib/gcc/arm-none-eabi/13.3.1/../../../../arm-none-eabi/lib/thumb/v7e-m+fp/softfp\libc_nano.a(libc_a-lock.o)
                0x2000099c                __lock___malloc_recursive_mutex
 *fill*         0x2000099d        0x3 
 .bss.__malloc_sbrk_start
                0x200009a0        0x4 C:/ST/STM32CubeIDE_1.19.0/STM32CubeIDE/plugins/com.st.stm32cube.ide.mcu.externaltools.gnu-tools-for-stm32.13.3.rel1.win32_1.0.0.202411081344/tools/bin/../lib/gcc/arm-none-eabi/13.3.1/../../../../arm-none-eabi/lib/thumb/v7e-m+fp/softfp\libc_nano.a(libc_a-mallocr.o)
                0x200009a0                __malloc_sbrk_start
 .bss.__malloc_free_list
                0x200009a4        0x4 C:/ST/STM32CubeIDE_1.19.0/STM32CubeIDE/plugins/com.st.stm32cube.ide.mcu.externaltools.gnu-tools-for-stm32.13.3.rel1.win32_1.0.0.202411081344/tools/bin/../lib/gcc/arm-none-eabi/13.3.1/../../../../arm-none-eabi/lib/thumb/v7e-m+fp/softfp\libc_nano.a(libc_a-mallocr.o)
                0x200009a4                __malloc_free_list
 *(COMMON)
                0x200009a8                        . = ALIGN (0x4)
                0x200009a8                        _ebss = .
                0x200009a8                        __bss_end__ = _ebss

.noinit         0x10000000        0x0
                0x10000000                        . = ALIGN (0x4)
 *(.noinit)
                0x10000000                        . = ALIGN (0x4)

.bss2           0x20000080        0x0 load address 0x10000000
                0x20000080                        . = ALIGN (0x4)
                0x20000080                        _sbss2 = .
 *(.bss2)
                0x20000080                        _ebss2 = .

._user_heap_stack
                0x200009a8     0x3000
                0x200009a8                        . = ALIGN (0x4)
                [!provide]                        PROVIDE (end = .)
                0x200009a8                        PROVIDE (_end = .)
                0x200019a8                        . = (. + _Min_Heap_Size)
 *fill*         0x200009a8     0x1000 
                0x200039a8                        . = (. + _Min_Stack_Size)
 *fill*         0x200019a8     0x2000 
                0x200039a8                        . = ALIGN (0x4)

/DISCARD/
 libc.a(*)
 libm.a(*)
 libgcc.a(*)

.ARM.attributes
                0x00000000       0x2e
 *(.ARM.attributes)
 .ARM.attributes
                0x00000000       0x22 C:/ST/STM32CubeIDE_1.19.0/STM32CubeIDE/plugins/com.st.stm32cube.ide.mcu.externaltools.gnu-tools-for-stm32.13.3.rel1.win32_1.0.0.202411081344/tools/bin/../lib/gcc/arm-none-eabi/13.3.1/thumb/v7e-m+fp/softfp/crti.o
 .ARM.attributes
                0x00000022       0x32 C:/ST/STM32CubeIDE_1.19.0/STM32CubeIDE/plugins/com.st.stm32cube.ide.mcu.externaltools.gnu-tools-for-stm32.13.3.rel1.win32_1.0.0.202411081344/tools/bin/../lib/gcc/arm-none-eabi/13.3.1/thumb/v7e-m+fp/softfp/crtbegin.o
 .ARM.attributes
                0x00000054       0x21 ./Application/Startup/startup_stm32l476xx.o
 .ARM.attributes
                0x00000075       0x32 ./Application/User/sensor_service.o
 .ARM.attributes
                0x000000a7       0x32 ./Application/User/hci_tl_interface.o
 .ARM.attributes
                0x000000d9       0x32 ./Application/User/main.o
 .ARM.attributes
                0x0000010b       0x32 ./Application/User/stm32l4xx_hal_msp.o
 .ARM.attributes
                0x0000013d       0x32 ./Application/User/stm32l4xx_it.o
 .ARM.attributes
                0x0000016f       0x32 ./Application/User/sysmem.o
 .ARM.attributes
                0x000001a1       0x32 ./Drivers/BSP/SensorTile/SensorTile.o
 .ARM.attributes
                0x000001d3       0x32 ./Drivers/BSP/SensorTile/SensorTile_bus.o
 .ARM.attributes
                0x00000205       0x32 ./Drivers/CMSIS/system_stm32l4xx.o
 .ARM.attributes
                0x00000237       0x32 ./Drivers/STM32L4xx_HAL_Driver/stm32l4xx_hal.o
 .ARM.attributes
                0x00000269       0x32 ./Drivers/STM32L4xx_HAL_Driver/stm32l4xx_hal_cortex.o
 .ARM.attributes
                0x0000029b       0x32 ./Drivers/STM32L4xx_HAL_Driver/stm32l4xx_hal_dma.o
 .ARM.attributes
                0x000002cd       0x32 ./Drivers/STM32L4xx_HAL_Driver/stm32l4xx_hal_gpio.o
 .ARM.attributes
                0x000002ff       0x32 ./Drivers/STM32L4xx_HAL_Driver/stm32l4xx_hal_pwr.o
 .ARM.attributes
                0x00000331       0x32 ./Drivers/STM32L4xx_HAL_Driver/stm32l4xx_hal_pwr_ex.o
 .ARM.attributes
                0x00000363       0x32 ./Drivers/STM32L4xx_HAL_Driver/stm32l4xx_hal_rcc.o
 .ARM.attributes
                0x00000395       0x32 ./Drivers/STM32L4xx_HAL_Driver/stm32l4xx_hal_rcc_ex.o
 .ARM.attributes
                0x000003c7       0x32 ./Drivers/STM32L4xx_HAL_Driver/stm32l4xx_hal_spi.o
 .ARM.attributes
                0x000003f9       0x32 ./Drivers/STM32L4xx_HAL_Driver/stm32l4xx_hal_tim.o
 .ARM.attributes
                0x0000042b       0x32 ./Drivers/STM32L4xx_HAL_Driver/stm32l4xx_hal_tim_ex.o
 .ARM.attributes
                0x0000045d       0x32 ./Drivers/STM32L4xx_HAL_Driver/stm32l4xx_hal_uart.o
 .ARM.attributes
                0x0000048f       0x32 ./Drivers/STM32L4xx_HAL_Driver/stm32l4xx_hal_uart_ex.o
 .ARM.attributes
                0x000004c1       0x32 ./Middlewares/BlueNRG-MS/HCI/Controller/bluenrg_gap_aci.o
 .ARM.attributes
                0x000004f3       0x32 ./Middlewares/BlueNRG-MS/HCI/Controller/bluenrg_gatt_aci.o
 .ARM.attributes
                0x00000525       0x32 ./Middlewares/BlueNRG-MS/HCI/Controller/bluenrg_hal_aci.o
 .ARM.attributes
                0x00000557       0x32 ./Middlewares/BlueNRG-MS/HCI/Controller/bluenrg_utils_small.o
 .ARM.attributes
                0x00000589       0x32 ./Middlewares/BlueNRG-MS/HCI/hci_le.o
 .ARM.attributes
                0x000005bb       0x32 ./Middlewares/BlueNRG-MS/HCI/hci_tl_patterns/Basic/hci_tl.o
 .ARM.attributes
                0x000005ed       0x32 ./Middlewares/BlueNRG-MS/Utils/ble_list.o
 .ARM.attributes
                0x0000061f       0x32 C:/ST/STM32CubeIDE_1.19.0/STM32CubeIDE/plugins/com.st.stm32cube.ide.mcu.externaltools.gnu-tools-for-stm32.13.3.rel1.win32_1.0.0.202411081344/tools/bin/../lib/gcc/arm-none-eabi/13.3.1/../../../../arm-none-eabi/lib/thumb/v7e-m+fp/softfp\libm.a(libm_a-s_atan.o)
 .ARM.attributes
                0x00000651       0x32 C:/ST/STM32CubeIDE_1.19.0/STM32CubeIDE/plugins/com.st.stm32cube.ide.mcu.externaltools.gnu-tools-for-stm32.13.3.rel1.win32_1.0.0.202411081344/tools/bin/../lib/gcc/arm-none-eabi/13.3.1/../../../../arm-none-eabi/lib/thumb/v7e-m+fp/softfp\libm.a(libm_a-s_fabs.o)
 .ARM.attributes
                0x00000683       0x32 C:/ST/STM32CubeIDE_1.19.0/STM32CubeIDE/plugins/com.st.stm32cube.ide.mcu.externaltools.gnu-tools-for-stm32.13.3.rel1.win32_1.0.0.202411081344/tools/bin/../lib/gcc/arm-none-eabi/13.3.1/../../../../arm-none-eabi/lib/thumb/v7e-m+fp/softfp\libc_nano.a(libc_a-findfp.o)
 .ARM.attributes
                0x000006b5       0x32 C:/ST/STM32CubeIDE_1.19.0/STM32CubeIDE/plugins/com.st.stm32cube.ide.mcu.externaltools.gnu-tools-for-stm32.13.3.rel1.win32_1.0.0.202411081344/tools/bin/../lib/gcc/arm-none-eabi/13.3.1/../../../../arm-none-eabi/lib/thumb/v7e-m+fp/softfp\libc_nano.a(libc_a-sprintf.o)
 .ARM.attributes
                0x000006e7       0x32 C:/ST/STM32CubeIDE_1.19.0/STM32CubeIDE/plugins/com.st.stm32cube.ide.mcu.externaltools.gnu-tools-for-stm32.13.3.rel1.win32_1.0.0.202411081344/tools/bin/../lib/gcc/arm-none-eabi/13.3.1/../../../../arm-none-eabi/lib/thumb/v7e-m+fp/softfp\libc_nano.a(libc_a-memset.o)
 .ARM.attributes
                0x00000719       0x32 C:/ST/STM32CubeIDE_1.19.0/STM32CubeIDE/plugins/com.st.stm32cube.ide.mcu.externaltools.gnu-tools-for-stm32.13.3.rel1.win32_1.0.0.202411081344/tools/bin/../lib/gcc/arm-none-eabi/13.3.1/../../../../arm-none-eabi/lib/thumb/v7e-m+fp/softfp\libc_nano.a(libc_a-reent.o)
 .ARM.attributes
                0x0000074b       0x32 C:/ST/STM32CubeIDE_1.19.0/STM32CubeIDE/plugins/com.st.stm32cube.ide.mcu.externaltools.gnu-tools-for-stm32.13.3.rel1.win32_1.0.0.202411081344/tools/bin/../lib/gcc/arm-none-eabi/13.3.1/../../../../arm-none-eabi/lib/thumb/v7e-m+fp/softfp\libc_nano.a(libc_a-impure.o)
 .ARM.attributes
                0x0000077d       0x32 C:/ST/STM32CubeIDE_1.19.0/STM32CubeIDE/plugins/com.st.stm32cube.ide.mcu.externaltools.gnu-tools-for-stm32.13.3.rel1.win32_1.0.0.202411081344/tools/bin/../lib/gcc/arm-none-eabi/13.3.1/../../../../arm-none-eabi/lib/thumb/v7e-m+fp/softfp\libc_nano.a(libc_a-errno.o)
 .ARM.attributes
                0x000007af       0x32 C:/ST/STM32CubeIDE_1.19.0/STM32CubeIDE/plugins/com.st.stm32cube.ide.mcu.externaltools.gnu-tools-for-stm32.13.3.rel1.win32_1.0.0.202411081344/tools/bin/../lib/gcc/arm-none-eabi/13.3.1/../../../../arm-none-eabi/lib/thumb/v7e-m+fp/softfp\libc_nano.a(libc_a-init.o)
 .ARM.attributes
                0x000007e1       0x32 C:/ST/STM32CubeIDE_1.19.0/STM32CubeIDE/plugins/com.st.stm32cube.ide.mcu.externaltools.gnu-tools-for-stm32.13.3.rel1.win32_1.0.0.202411081344/tools/bin/../lib/gcc/arm-none-eabi/13.3.1/../../../../arm-none-eabi/lib/thumb/v7e-m+fp/softfp\libc_nano.a(libc_a-lock.o)
 .ARM.attributes
                0x00000813       0x32 C:/ST/STM32CubeIDE_1.19.0/STM32CubeIDE/plugins/com.st.stm32cube.ide.mcu.externaltools.gnu-tools-for-stm32.13.3.rel1.win32_1.0.0.202411081344/tools/bin/../lib/gcc/arm-none-eabi/13.3.1/../../../../arm-none-eabi/lib/thumb/v7e-m+fp/softfp\libc_nano.a(libc_a-memcpy-stub.o)
 .ARM.attributes
                0x00000845       0x32 C:/ST/STM32CubeIDE_1.19.0/STM32CubeIDE/plugins/com.st.stm32cube.ide.mcu.externaltools.gnu-tools-for-stm32.13.3.rel1.win32_1.0.0.202411081344/tools/bin/../lib/gcc/arm-none-eabi/13.3.1/../../../../arm-none-eabi/lib/thumb/v7e-m+fp/softfp\libc_nano.a(libc_a-freer.o)
 .ARM.attributes
                0x00000877       0x32 C:/ST/STM32CubeIDE_1.19.0/STM32CubeIDE/plugins/com.st.stm32cube.ide.mcu.externaltools.gnu-tools-for-stm32.13.3.rel1.win32_1.0.0.202411081344/tools/bin/../lib/gcc/arm-none-eabi/13.3.1/../../../../arm-none-eabi/lib/thumb/v7e-m+fp/softfp\libc_nano.a(libc_a-mallocr.o)
 .ARM.attributes
                0x000008a9       0x32 C:/ST/STM32CubeIDE_1.19.0/STM32CubeIDE/plugins/com.st.stm32cube.ide.mcu.externaltools.gnu-tools-for-stm32.13.3.rel1.win32_1.0.0.202411081344/tools/bin/../lib/gcc/arm-none-eabi/13.3.1/../../../../arm-none-eabi/lib/thumb/v7e-m+fp/softfp\libc_nano.a(libc_a-mlock.o)
 .ARM.attributes
                0x000008db       0x32 C:/ST/STM32CubeIDE_1.19.0/STM32CubeIDE/plugins/com.st.stm32cube.ide.mcu.externaltools.gnu-tools-for-stm32.13.3.rel1.win32_1.0.0.202411081344/tools/bin/../lib/gcc/arm-none-eabi/13.3.1/../../../../arm-none-eabi/lib/thumb/v7e-m+fp/softfp\libc_nano.a(libc_a-nano-svfprintf.o)
 .ARM.attributes
                0x0000090d       0x32 C:/ST/STM32CubeIDE_1.19.0/STM32CubeIDE/plugins/com.st.stm32cube.ide.mcu.externaltools.gnu-tools-for-stm32.13.3.rel1.win32_1.0.0.202411081344/tools/bin/../lib/gcc/arm-none-eabi/13.3.1/../../../../arm-none-eabi/lib/thumb/v7e-m+fp/softfp\libc_nano.a(libc_a-nano-vfprintf_i.o)
 .ARM.attributes
                0x0000093f       0x32 C:/ST/STM32CubeIDE_1.19.0/STM32CubeIDE/plugins/com.st.stm32cube.ide.mcu.externaltools.gnu-tools-for-stm32.13.3.rel1.win32_1.0.0.202411081344/tools/bin/../lib/gcc/arm-none-eabi/13.3.1/../../../../arm-none-eabi/lib/thumb/v7e-m+fp/softfp\libc_nano.a(libc_a-memmove.o)
 .ARM.attributes
                0x00000971       0x32 C:/ST/STM32CubeIDE_1.19.0/STM32CubeIDE/plugins/com.st.stm32cube.ide.mcu.externaltools.gnu-tools-for-stm32.13.3.rel1.win32_1.0.0.202411081344/tools/bin/../lib/gcc/arm-none-eabi/13.3.1/../../../../arm-none-eabi/lib/thumb/v7e-m+fp/softfp\libc_nano.a(libc_a-sbrkr.o)
 .ARM.attributes
                0x000009a3       0x1c C:/ST/STM32CubeIDE_1.19.0/STM32CubeIDE/plugins/com.st.stm32cube.ide.mcu.externaltools.gnu-tools-for-stm32.13.3.rel1.win32_1.0.0.202411081344/tools/bin/../lib/gcc/arm-none-eabi/13.3.1/../../../../arm-none-eabi/lib/thumb/v7e-m+fp/softfp\libc_nano.a(libc_a-memchr.o)
 .ARM.attributes
                0x000009bf       0x32 C:/ST/STM32CubeIDE_1.19.0/STM32CubeIDE/plugins/com.st.stm32cube.ide.mcu.externaltools.gnu-tools-for-stm32.13.3.rel1.win32_1.0.0.202411081344/tools/bin/../lib/gcc/arm-none-eabi/13.3.1/../../../../arm-none-eabi/lib/thumb/v7e-m+fp/softfp\libc_nano.a(libc_a-reallocr.o)
 .ARM.attributes
                0x000009f1       0x32 C:/ST/STM32CubeIDE_1.19.0/STM32CubeIDE/plugins/com.st.stm32cube.ide.mcu.externaltools.gnu-tools-for-stm32.13.3.rel1.win32_1.0.0.202411081344/tools/bin/../lib/gcc/arm-none-eabi/13.3.1/../../../../arm-none-eabi/lib/thumb/v7e-m+fp/softfp\libc_nano.a(libc_a-msizer.o)
 .ARM.attributes
                0x00000a23       0x22 C:/ST/STM32CubeIDE_1.19.0/STM32CubeIDE/plugins/com.st.stm32cube.ide.mcu.externaltools.gnu-tools-for-stm32.13.3.rel1.win32_1.0.0.202411081344/tools/bin/../lib/gcc/arm-none-eabi/13.3.1/thumb/v7e-m+fp/softfp\libgcc.a(_arm_addsubdf3.o)
 .ARM.attributes
                0x00000a45       0x22 C:/ST/STM32CubeIDE_1.19.0/STM32CubeIDE/plugins/com.st.stm32cube.ide.mcu.externaltools.gnu-tools-for-stm32.13.3.rel1.win32_1.0.0.202411081344/tools/bin/../lib/gcc/arm-none-eabi/13.3.1/thumb/v7e-m+fp/softfp\libgcc.a(_arm_muldivdf3.o)
 .ARM.attributes
                0x00000a67       0x22 C:/ST/STM32CubeIDE_1.19.0/STM32CubeIDE/plugins/com.st.stm32cube.ide.mcu.externaltools.gnu-tools-for-stm32.13.3.rel1.win32_1.0.0.202411081344/tools/bin/../lib/gcc/arm-none-eabi/13.3.1/thumb/v7e-m+fp/softfp\libgcc.a(_arm_cmpdf2.o)
 .ARM.attributes
                0x00000a89       0x22 C:/ST/STM32CubeIDE_1.19.0/STM32CubeIDE/plugins/com.st.stm32cube.ide.mcu.externaltools.gnu-tools-for-stm32.13.3.rel1.win32_1.0.0.202411081344/tools/bin/../lib/gcc/arm-none-eabi/13.3.1/thumb/v7e-m+fp/softfp\libgcc.a(_arm_fixdfsi.o)
 .ARM.attributes
                0x00000aab       0x22 C:/ST/STM32CubeIDE_1.19.0/STM32CubeIDE/plugins/com.st.stm32cube.ide.mcu.externaltools.gnu-tools-for-stm32.13.3.rel1.win32_1.0.0.202411081344/tools/bin/../lib/gcc/arm-none-eabi/13.3.1/thumb/v7e-m+fp/softfp\libgcc.a(_aeabi_uldivmod.o)
 .ARM.attributes
                0x00000acd       0x32 C:/ST/STM32CubeIDE_1.19.0/STM32CubeIDE/plugins/com.st.stm32cube.ide.mcu.externaltools.gnu-tools-for-stm32.13.3.rel1.win32_1.0.0.202411081344/tools/bin/../lib/gcc/arm-none-eabi/13.3.1/thumb/v7e-m+fp/softfp\libgcc.a(_udivmoddi4.o)
 .ARM.attributes
                0x00000aff       0x22 C:/ST/STM32CubeIDE_1.19.0/STM32CubeIDE/plugins/com.st.stm32cube.ide.mcu.externaltools.gnu-tools-for-stm32.13.3.rel1.win32_1.0.0.202411081344/tools/bin/../lib/gcc/arm-none-eabi/13.3.1/thumb/v7e-m+fp/softfp\libgcc.a(_dvmd_tls.o)
 .ARM.attributes
                0x00000b21       0x22 C:/ST/STM32CubeIDE_1.19.0/STM32CubeIDE/plugins/com.st.stm32cube.ide.mcu.externaltools.gnu-tools-for-stm32.13.3.rel1.win32_1.0.0.202411081344/tools/bin/../lib/gcc/arm-none-eabi/13.3.1/thumb/v7e-m+fp/softfp/crtn.o
OUTPUT(STM32L476JG-SensorTile_ALLMEMS1.elf elf32-littlearm)
LOAD linker stubs
LOAD C:/ST/STM32CubeIDE_1.19.0/STM32CubeIDE/plugins/com.st.stm32cube.ide.mcu.externaltools.gnu-tools-for-stm32.13.3.rel1.win32_1.0.0.202411081344/tools/bin/../lib/gcc/arm-none-eabi/13.3.1/../../../../arm-none-eabi/lib/thumb/v7e-m+fp/softfp\libc.a
LOAD C:/ST/STM32CubeIDE_1.19.0/STM32CubeIDE/plugins/com.st.stm32cube.ide.mcu.externaltools.gnu-tools-for-stm32.13.3.rel1.win32_1.0.0.202411081344/tools/bin/../lib/gcc/arm-none-eabi/13.3.1/../../../../arm-none-eabi/lib/thumb/v7e-m+fp/softfp\libm.a
LOAD C:/ST/STM32CubeIDE_1.19.0/STM32CubeIDE/plugins/com.st.stm32cube.ide.mcu.externaltools.gnu-tools-for-stm32.13.3.rel1.win32_1.0.0.202411081344/tools/bin/../lib/gcc/arm-none-eabi/13.3.1/thumb/v7e-m+fp/softfp\libgcc.a

.debug_line     0x00000000    0x2930f
 .debug_line    0x00000000       0x77 ./Application/Startup/startup_stm32l476xx.o
 .debug_line    0x00000077     0x11bf ./Application/User/sensor_service.o
 .debug_line    0x00001236      0xea4 ./Application/User/hci_tl_interface.o
 .debug_line    0x000020da     0x1d4e ./Application/User/main.o
 .debug_line    0x00003e28      0xcdd ./Application/User/stm32l4xx_hal_msp.o
 .debug_line    0x00004b05      0xc8f ./Application/User/stm32l4xx_it.o
 .debug_line    0x00005794      0x5b3 ./Application/User/sysmem.o
 .debug_line    0x00005d47      0xac2 ./Drivers/BSP/SensorTile/SensorTile.o
 .debug_line    0x00006809      0xe3c ./Drivers/BSP/SensorTile/SensorTile_bus.o
 .debug_line    0x00007645      0xa8c ./Drivers/CMSIS/system_stm32l4xx.o
 .debug_line    0x000080d1      0xdc6 ./Drivers/STM32L4xx_HAL_Driver/stm32l4xx_hal.o
 .debug_line    0x00008e97      0xf2c ./Drivers/STM32L4xx_HAL_Driver/stm32l4xx_hal_cortex.o
 .debug_line    0x00009dc3     0x1161 ./Drivers/STM32L4xx_HAL_Driver/stm32l4xx_hal_dma.o
 .debug_line    0x0000af24      0xe67 ./Drivers/STM32L4xx_HAL_Driver/stm32l4xx_hal_gpio.o
 .debug_line    0x0000bd8b      0xb3d ./Drivers/STM32L4xx_HAL_Driver/stm32l4xx_hal_pwr.o
 .debug_line    0x0000c8c8     0x117c ./Drivers/STM32L4xx_HAL_Driver/stm32l4xx_hal_pwr_ex.o
 .debug_line    0x0000da44     0x165f ./Drivers/STM32L4xx_HAL_Driver/stm32l4xx_hal_rcc.o
 .debug_line    0x0000f0a3     0x1ca4 ./Drivers/STM32L4xx_HAL_Driver/stm32l4xx_hal_rcc_ex.o
 .debug_line    0x00010d47     0x36a2 ./Drivers/STM32L4xx_HAL_Driver/stm32l4xx_hal_spi.o
 .debug_line    0x000143e9     0x5030 ./Drivers/STM32L4xx_HAL_Driver/stm32l4xx_hal_tim.o
 .debug_line    0x00019419     0x2403 ./Drivers/STM32L4xx_HAL_Driver/stm32l4xx_hal_tim_ex.o
 .debug_line    0x0001b81c     0x2a4e ./Drivers/STM32L4xx_HAL_Driver/stm32l4xx_hal_uart.o
 .debug_line    0x0001e26a      0xe96 ./Drivers/STM32L4xx_HAL_Driver/stm32l4xx_hal_uart_ex.o
 .debug_line    0x0001f100     0x23bf ./Middlewares/BlueNRG-MS/HCI/Controller/bluenrg_gap_aci.o
 .debug_line    0x000214bf     0x260f ./Middlewares/BlueNRG-MS/HCI/Controller/bluenrg_gatt_aci.o
 .debug_line    0x00023ace     0x10f0 ./Middlewares/BlueNRG-MS/HCI/Controller/bluenrg_hal_aci.o
 .debug_line    0x00024bbe      0xd35 ./Middlewares/BlueNRG-MS/HCI/Controller/bluenrg_utils_small.o
 .debug_line    0x000258f3     0x1a76 ./Middlewares/BlueNRG-MS/HCI/hci_le.o
 .debug_line    0x00027369     0x103c ./Middlewares/BlueNRG-MS/HCI/hci_tl_patterns/Basic/hci_tl.o
 .debug_line    0x000283a5      0xf6a ./Middlewares/BlueNRG-MS/Utils/ble_list.o

.debug_line_str
                0x00000000       0xa8
 .debug_line_str
                0x00000000       0xa8 ./Application/Startup/startup_stm32l476xx.o

.debug_info     0x00000000    0x231a3
 .debug_info    0x00000000       0x30 ./Application/Startup/startup_stm32l476xx.o
 .debug_info    0x00000030     0x1355 ./Application/User/sensor_service.o
 .debug_info    0x00001385      0xde6 ./Application/User/hci_tl_interface.o
 .debug_info    0x0000216b     0x36f5 ./Application/User/main.o
 .debug_info    0x00005860     0x19a8 ./Application/User/stm32l4xx_hal_msp.o
 .debug_info    0x00007208      0xb81 ./Application/User/stm32l4xx_it.o
 .debug_info    0x00007d89      0x16e ./Application/User/sysmem.o
 .debug_info    0x00007ef7      0x621 ./Drivers/BSP/SensorTile/SensorTile.o
 .debug_info    0x00008518     0x10f7 ./Drivers/BSP/SensorTile/SensorTile_bus.o
 .debug_info    0x0000960f      0x5e5 ./Drivers/CMSIS/system_stm32l4xx.o
 .debug_info    0x00009bf4      0xba3 ./Drivers/STM32L4xx_HAL_Driver/stm32l4xx_hal.o
 .debug_info    0x0000a797      0xfb4 ./Drivers/STM32L4xx_HAL_Driver/stm32l4xx_hal_cortex.o
 .debug_info    0x0000b74b      0x811 ./Drivers/STM32L4xx_HAL_Driver/stm32l4xx_hal_dma.o
 .debug_info    0x0000bf5c      0x787 ./Drivers/STM32L4xx_HAL_Driver/stm32l4xx_hal_gpio.o
 .debug_info    0x0000c6e3      0x970 ./Drivers/STM32L4xx_HAL_Driver/stm32l4xx_hal_pwr.o
 .debug_info    0x0000d053      0xa25 ./Drivers/STM32L4xx_HAL_Driver/stm32l4xx_hal_pwr_ex.o
 .debug_info    0x0000da78      0xe53 ./Drivers/STM32L4xx_HAL_Driver/stm32l4xx_hal_rcc.o
 .debug_info    0x0000e8cb     0x11e8 ./Drivers/STM32L4xx_HAL_Driver/stm32l4xx_hal_rcc_ex.o
 .debug_info    0x0000fab3     0x23c4 ./Drivers/STM32L4xx_HAL_Driver/stm32l4xx_hal_spi.o
 .debug_info    0x00011e77     0x3a8a ./Drivers/STM32L4xx_HAL_Driver/stm32l4xx_hal_tim.o
 .debug_info    0x00015901     0x1c07 ./Drivers/STM32L4xx_HAL_Driver/stm32l4xx_hal_tim_ex.o
 .debug_info    0x00017508     0x207f ./Drivers/STM32L4xx_HAL_Driver/stm32l4xx_hal_uart.o
 .debug_info    0x00019587      0xc5e ./Drivers/STM32L4xx_HAL_Driver/stm32l4xx_hal_uart_ex.o
 .debug_info    0x0001a1e5     0x2a0e ./Middlewares/BlueNRG-MS/HCI/Controller/bluenrg_gap_aci.o
 .debug_info    0x0001cbf3     0x2cee ./Middlewares/BlueNRG-MS/HCI/Controller/bluenrg_gatt_aci.o
 .debug_info    0x0001f8e1      0x86a ./Middlewares/BlueNRG-MS/HCI/Controller/bluenrg_hal_aci.o
 .debug_info    0x0002014b      0x19a ./Middlewares/BlueNRG-MS/HCI/Controller/bluenrg_utils_small.o
 .debug_info    0x000202e5     0x1a28 ./Middlewares/BlueNRG-MS/HCI/hci_le.o
 .debug_info    0x00021d0d      0xc48 ./Middlewares/BlueNRG-MS/HCI/hci_tl_patterns/Basic/hci_tl.o
 .debug_info    0x00022955      0x84e ./Middlewares/BlueNRG-MS/Utils/ble_list.o

.debug_abbrev   0x00000000     0x437e
 .debug_abbrev  0x00000000       0x24 ./Application/Startup/startup_stm32l476xx.o
 .debug_abbrev  0x00000024      0x3cc ./Application/User/sensor_service.o
 .debug_abbrev  0x000003f0      0x2dc ./Application/User/hci_tl_interface.o
 .debug_abbrev  0x000006cc      0x4fd ./Application/User/main.o
 .debug_abbrev  0x00000bc9      0x234 ./Application/User/stm32l4xx_hal_msp.o
 .debug_abbrev  0x00000dfd      0x1e7 ./Application/User/stm32l4xx_it.o
 .debug_abbrev  0x00000fe4       0xec ./Application/User/sysmem.o
 .debug_abbrev  0x000010d0      0x1e6 ./Drivers/BSP/SensorTile/SensorTile.o
 .debug_abbrev  0x000012b6      0x2ad ./Drivers/BSP/SensorTile/SensorTile_bus.o
 .debug_abbrev  0x00001563      0x145 ./Drivers/CMSIS/system_stm32l4xx.o
 .debug_abbrev  0x000016a8      0x269 ./Drivers/STM32L4xx_HAL_Driver/stm32l4xx_hal.o
 .debug_abbrev  0x00001911      0x39d ./Drivers/STM32L4xx_HAL_Driver/stm32l4xx_hal_cortex.o
 .debug_abbrev  0x00001cae      0x21f ./Drivers/STM32L4xx_HAL_Driver/stm32l4xx_hal_dma.o
 .debug_abbrev  0x00001ecd      0x1fb ./Drivers/STM32L4xx_HAL_Driver/stm32l4xx_hal_gpio.o
 .debug_abbrev  0x000020c8      0x1d7 ./Drivers/STM32L4xx_HAL_Driver/stm32l4xx_hal_pwr.o
 .debug_abbrev  0x0000229f      0x217 ./Drivers/STM32L4xx_HAL_Driver/stm32l4xx_hal_pwr_ex.o
 .debug_abbrev  0x000024b6      0x2ad ./Drivers/STM32L4xx_HAL_Driver/stm32l4xx_hal_rcc.o
 .debug_abbrev  0x00002763      0x2ad ./Drivers/STM32L4xx_HAL_Driver/stm32l4xx_hal_rcc_ex.o
 .debug_abbrev  0x00002a10      0x27f ./Drivers/STM32L4xx_HAL_Driver/stm32l4xx_hal_spi.o
 .debug_abbrev  0x00002c8f      0x26c ./Drivers/STM32L4xx_HAL_Driver/stm32l4xx_hal_tim.o
 .debug_abbrev  0x00002efb      0x26a ./Drivers/STM32L4xx_HAL_Driver/stm32l4xx_hal_tim_ex.o
 .debug_abbrev  0x00003165      0x273 ./Drivers/STM32L4xx_HAL_Driver/stm32l4xx_hal_uart.o
 .debug_abbrev  0x000033d8      0x240 ./Drivers/STM32L4xx_HAL_Driver/stm32l4xx_hal_uart_ex.o
 .debug_abbrev  0x00003618      0x1fd ./Middlewares/BlueNRG-MS/HCI/Controller/bluenrg_gap_aci.o
 .debug_abbrev  0x00003815      0x1ff ./Middlewares/BlueNRG-MS/HCI/Controller/bluenrg_gatt_aci.o
 .debug_abbrev  0x00003a14      0x18b ./Middlewares/BlueNRG-MS/HCI/Controller/bluenrg_hal_aci.o
 .debug_abbrev  0x00003b9f       0xcc ./Middlewares/BlueNRG-MS/HCI/Controller/bluenrg_utils_small.o
 .debug_abbrev  0x00003c6b      0x1fb ./Middlewares/BlueNRG-MS/HCI/hci_le.o
 .debug_abbrev  0x00003e66      0x370 ./Middlewares/BlueNRG-MS/HCI/hci_tl_patterns/Basic/hci_tl.o
 .debug_abbrev  0x000041d6      0x1a8 ./Middlewares/BlueNRG-MS/Utils/ble_list.o

.debug_aranges  0x00000000     0x1990
 .debug_aranges
                0x00000000       0x28 ./Application/Startup/startup_stm32l476xx.o
 .debug_aranges
                0x00000028       0x68 ./Application/User/sensor_service.o
 .debug_aranges
                0x00000090       0x58 ./Application/User/hci_tl_interface.o
 .debug_aranges
                0x000000e8      0x128 ./Application/User/main.o
 .debug_aranges
                0x00000210       0x58 ./Application/User/stm32l4xx_hal_msp.o
 .debug_aranges
                0x00000268       0x98 ./Application/User/stm32l4xx_it.o
 .debug_aranges
                0x00000300       0x20 ./Application/User/sysmem.o
 .debug_aranges
                0x00000320       0x48 ./Drivers/BSP/SensorTile/SensorTile.o
 .debug_aranges
                0x00000368       0xa0 ./Drivers/BSP/SensorTile/SensorTile_bus.o
 .debug_aranges
                0x00000408       0x28 ./Drivers/CMSIS/system_stm32l4xx.o
 .debug_aranges
                0x00000430      0x130 ./Drivers/STM32L4xx_HAL_Driver/stm32l4xx_hal.o
 .debug_aranges
                0x00000560       0xe0 ./Drivers/STM32L4xx_HAL_Driver/stm32l4xx_hal_cortex.o
 .debug_aranges
                0x00000640       0x80 ./Drivers/STM32L4xx_HAL_Driver/stm32l4xx_hal_dma.o
 .debug_aranges
                0x000006c0       0x58 ./Drivers/STM32L4xx_HAL_Driver/stm32l4xx_hal_gpio.o
 .debug_aranges
                0x00000718       0x98 ./Drivers/STM32L4xx_HAL_Driver/stm32l4xx_hal_pwr.o
 .debug_aranges
                0x000007b0      0x150 ./Drivers/STM32L4xx_HAL_Driver/stm32l4xx_hal_pwr_ex.o
 .debug_aranges
                0x00000900       0x88 ./Drivers/STM32L4xx_HAL_Driver/stm32l4xx_hal_rcc.o
 .debug_aranges
                0x00000988       0xc0 ./Drivers/STM32L4xx_HAL_Driver/stm32l4xx_hal_rcc_ex.o
 .debug_aranges
                0x00000a48      0x1f8 ./Drivers/STM32L4xx_HAL_Driver/stm32l4xx_hal_spi.o
 .debug_aranges
                0x00000c40      0x3e0 ./Drivers/STM32L4xx_HAL_Driver/stm32l4xx_hal_tim.o
 .debug_aranges
                0x00001020      0x180 ./Drivers/STM32L4xx_HAL_Driver/stm32l4xx_hal_tim_ex.o
 .debug_aranges
                0x000011a0      0x228 ./Drivers/STM32L4xx_HAL_Driver/stm32l4xx_hal_uart.o
 .debug_aranges
                0x000013c8       0x78 ./Drivers/STM32L4xx_HAL_Driver/stm32l4xx_hal_uart_ex.o
 .debug_aranges
                0x00001440      0x168 ./Middlewares/BlueNRG-MS/HCI/Controller/bluenrg_gap_aci.o
 .debug_aranges
                0x000015a8      0x178 ./Middlewares/BlueNRG-MS/HCI/Controller/bluenrg_gatt_aci.o
 .debug_aranges
                0x00001720       0x68 ./Middlewares/BlueNRG-MS/HCI/Controller/bluenrg_hal_aci.o
 .debug_aranges
                0x00001788       0x20 ./Middlewares/BlueNRG-MS/HCI/Controller/bluenrg_utils_small.o
 .debug_aranges
                0x000017a8      0x110 ./Middlewares/BlueNRG-MS/HCI/hci_le.o
 .debug_aranges